Archive member included to satisfy reference by file (symbol)

c:/progra~2/armgnu~1/112202~1.02/bin/../lib/gcc/arm-none-eabi/11.2.1/thumb/v7e-m+dp/hard\libc.a(lib_a-exit.o)
                              c:/progra~2/armgnu~1/112202~1.02/bin/../lib/gcc/arm-none-eabi/11.2.1/thumb/v7e-m+dp/hard/crt0.o (exit)
c:/progra~2/armgnu~1/112202~1.02/bin/../lib/gcc/arm-none-eabi/11.2.1/thumb/v7e-m+dp/hard\libc.a(lib_a-impure.o)
                              c:/progra~2/armgnu~1/112202~1.02/bin/../lib/gcc/arm-none-eabi/11.2.1/thumb/v7e-m+dp/hard\libc.a(lib_a-exit.o) (_global_impure_ptr)
c:/progra~2/armgnu~1/112202~1.02/bin/../lib/gcc/arm-none-eabi/11.2.1/thumb/v7e-m+dp/hard\libc.a(lib_a-init.o)
                              c:/progra~2/armgnu~1/112202~1.02/bin/../lib/gcc/arm-none-eabi/11.2.1/thumb/v7e-m+dp/hard/crt0.o (__libc_init_array)
c:/progra~2/armgnu~1/112202~1.02/bin/../lib/gcc/arm-none-eabi/11.2.1/thumb/v7e-m+dp/hard\libc.a(lib_a-memset.o)
                              c:/progra~2/armgnu~1/112202~1.02/bin/../lib/gcc/arm-none-eabi/11.2.1/thumb/v7e-m+dp/hard/crt0.o (memset)
c:/progra~2/armgnu~1/112202~1.02/bin/../lib/gcc/arm-none-eabi/11.2.1/thumb/v7e-m+dp/hard\libc.a(lib_a-__call_atexit.o)
                              c:/progra~2/armgnu~1/112202~1.02/bin/../lib/gcc/arm-none-eabi/11.2.1/thumb/v7e-m+dp/hard\libc.a(lib_a-exit.o) (__call_exitprocs)
c:/progra~2/armgnu~1/112202~1.02/bin/../lib/gcc/arm-none-eabi/11.2.1/thumb/v7e-m+dp/hard\libgcc.a(_aeabi_uldivmod.o)
                              CMakeFiles/BLINKY.dir/ST/BSP/STM32H743ZI_Nucleo/bsp_cpu.c.obj (__aeabi_uldivmod)
c:/progra~2/armgnu~1/112202~1.02/bin/../lib/gcc/arm-none-eabi/11.2.1/thumb/v7e-m+dp/hard\libgcc.a(_udivmoddi4.o)
                              c:/progra~2/armgnu~1/112202~1.02/bin/../lib/gcc/arm-none-eabi/11.2.1/thumb/v7e-m+dp/hard\libgcc.a(_aeabi_uldivmod.o) (__udivmoddi4)
c:/progra~2/armgnu~1/112202~1.02/bin/../lib/gcc/arm-none-eabi/11.2.1/thumb/v7e-m+dp/hard\libgcc.a(_dvmd_tls.o)
                              c:/progra~2/armgnu~1/112202~1.02/bin/../lib/gcc/arm-none-eabi/11.2.1/thumb/v7e-m+dp/hard\libgcc.a(_aeabi_uldivmod.o) (__aeabi_ldiv0)
c:/progra~2/armgnu~1/112202~1.02/bin/../lib/gcc/arm-none-eabi/11.2.1/thumb/v7e-m+dp/hard\libnosys.a(_exit.o)
                              c:/progra~2/armgnu~1/112202~1.02/bin/../lib/gcc/arm-none-eabi/11.2.1/thumb/v7e-m+dp/hard\libc.a(lib_a-exit.o) (_exit)

Discarded input sections

 .text          0x00000000        0x0 c:/progra~2/armgnu~1/112202~1.02/bin/../lib/gcc/arm-none-eabi/11.2.1/thumb/v7e-m+dp/hard/crti.o
 .data          0x00000000        0x0 c:/progra~2/armgnu~1/112202~1.02/bin/../lib/gcc/arm-none-eabi/11.2.1/thumb/v7e-m+dp/hard/crti.o
 .bss           0x00000000        0x0 c:/progra~2/armgnu~1/112202~1.02/bin/../lib/gcc/arm-none-eabi/11.2.1/thumb/v7e-m+dp/hard/crti.o
 .text          0x00000000        0x0 c:/progra~2/armgnu~1/112202~1.02/bin/../lib/gcc/arm-none-eabi/11.2.1/thumb/v7e-m+dp/hard/crtbegin.o
 .data          0x00000000        0x0 c:/progra~2/armgnu~1/112202~1.02/bin/../lib/gcc/arm-none-eabi/11.2.1/thumb/v7e-m+dp/hard/crtbegin.o
 .bss           0x00000000        0x0 c:/progra~2/armgnu~1/112202~1.02/bin/../lib/gcc/arm-none-eabi/11.2.1/thumb/v7e-m+dp/hard/crtbegin.o
 .rodata.all_implied_fbits
                0x00000000       0x24 c:/progra~2/armgnu~1/112202~1.02/bin/../lib/gcc/arm-none-eabi/11.2.1/thumb/v7e-m+dp/hard/crtbegin.o
 .data.__dso_handle
                0x00000000        0x4 c:/progra~2/armgnu~1/112202~1.02/bin/../lib/gcc/arm-none-eabi/11.2.1/thumb/v7e-m+dp/hard/crtbegin.o
 .text          0x00000000       0x7c c:/progra~2/armgnu~1/112202~1.02/bin/../lib/gcc/arm-none-eabi/11.2.1/thumb/v7e-m+dp/hard/crt0.o
 .data          0x00000000        0x0 c:/progra~2/armgnu~1/112202~1.02/bin/../lib/gcc/arm-none-eabi/11.2.1/thumb/v7e-m+dp/hard/crt0.o
 .bss           0x00000000        0x0 c:/progra~2/armgnu~1/112202~1.02/bin/../lib/gcc/arm-none-eabi/11.2.1/thumb/v7e-m+dp/hard/crt0.o
 .ARM.extab     0x00000000        0x0 c:/progra~2/armgnu~1/112202~1.02/bin/../lib/gcc/arm-none-eabi/11.2.1/thumb/v7e-m+dp/hard/crt0.o
 .ARM.exidx     0x00000000       0x10 c:/progra~2/armgnu~1/112202~1.02/bin/../lib/gcc/arm-none-eabi/11.2.1/thumb/v7e-m+dp/hard/crt0.o
 .debug_line    0x00000000       0x76 c:/progra~2/armgnu~1/112202~1.02/bin/../lib/gcc/arm-none-eabi/11.2.1/thumb/v7e-m+dp/hard/crt0.o
 .debug_line_str
                0x00000000       0xa6 c:/progra~2/armgnu~1/112202~1.02/bin/../lib/gcc/arm-none-eabi/11.2.1/thumb/v7e-m+dp/hard/crt0.o
 .debug_info    0x00000000       0x24 c:/progra~2/armgnu~1/112202~1.02/bin/../lib/gcc/arm-none-eabi/11.2.1/thumb/v7e-m+dp/hard/crt0.o
 .debug_abbrev  0x00000000       0x14 c:/progra~2/armgnu~1/112202~1.02/bin/../lib/gcc/arm-none-eabi/11.2.1/thumb/v7e-m+dp/hard/crt0.o
 .debug_aranges
                0x00000000       0x20 c:/progra~2/armgnu~1/112202~1.02/bin/../lib/gcc/arm-none-eabi/11.2.1/thumb/v7e-m+dp/hard/crt0.o
[...]
Memory Configuration

Name             Origin             Length             Attributes
FLASH            0x08000000         0x00200000         xr
DTCMRAM          0x20000000         0x00020000         xrw
SRAM_D1          0x24000000         0x00080000         xrw
SRAM_D2          0x30000000         0x00048000         xrw
SRAM_D3          0x38000000         0x00010000         xrw
ITCMRAM          0x00000000         0x00010000         xrw
MEMORY_B1        0x60000000         0x00000000         xr
*default*        0x00000000         0xffffffff

Linker script and memory map

LOAD c:/progra~2/armgnu~1/112202~1.02/bin/../lib/gcc/arm-none-eabi/11.2.1/thumb/v7e-m+dp/hard/crti.o
LOAD c:/progra~2/armgnu~1/112202~1.02/bin/../lib/gcc/arm-none-eabi/11.2.1/thumb/v7e-m+dp/hard/crtbegin.o
LOAD c:/progra~2/armgnu~1/112202~1.02/bin/../lib/gcc/arm-none-eabi/11.2.1/thumb/v7e-m+dp/hard/crt0.o
START GROUP
LOAD c:/progra~2/armgnu~1/112202~1.02/bin/../lib/gcc/arm-none-eabi/11.2.1/thumb/v7e-m+dp/hard\libc.a
LOAD c:/progra~2/armgnu~1/112202~1.02/bin/../lib/gcc/arm-none-eabi/11.2.1/thumb/v7e-m+dp/hard\libm.a
LOAD c:/progra~2/armgnu~1/112202~1.02/bin/../lib/gcc/arm-none-eabi/11.2.1/thumb/v7e-m+dp/hard\libstdc++.a
LOAD c:/progra~2/armgnu~1/112202~1.02/bin/../lib/gcc/arm-none-eabi/11.2.1/thumb/v7e-m+dp/hard\libsupc++.a
END GROUP
LOAD CMakeFiles/BLINKY.dir/ST/BSP/Startup/STM32H7xx/GCC/startup_stm32h743xx.s.obj
LOAD CMakeFiles/BLINKY.dir/Micrium/Software/uCOS-III/Ports/ARM-Cortex-M/ARMv7-M/GNU/os_cpu_a.s.obj
LOAD CMakeFiles/BLINKY.dir/Micrium/Software/uC-CPU/ARM-Cortex-M4/GNU/cpu_a.s.obj
LOAD CMakeFiles/BLINKY.dir/Micrium/Software/uC-CPU/cpu_core.c.obj
LOAD CMakeFiles/BLINKY.dir/Micrium/Software/uC-CPU/ARM-Cortex-M4/GNU/cpu_c.c.obj
LOAD CMakeFiles/BLINKY.dir/Micrium/Software/uC-LIB/lib_ascii.c.obj
LOAD CMakeFiles/BLINKY.dir/Micrium/Software/uC-LIB/lib_math.c.obj
LOAD CMakeFiles/BLINKY.dir/Micrium/Software/uC-LIB/lib_mem.c.obj
LOAD CMakeFiles/BLINKY.dir/Micrium/Software/uC-LIB/lib_str.c.obj
LOAD CMakeFiles/BLINKY.dir/Micrium/Software/uCOS-III/Source/os_cfg_app.c.obj
LOAD CMakeFiles/BLINKY.dir/Micrium/Software/uCOS-III/Source/os_core.c.obj
LOAD CMakeFiles/BLINKY.dir/Micrium/Software/uCOS-III/Source/os_dbg.c.obj
LOAD CMakeFiles/BLINKY.dir/Micrium/Software/uCOS-III/Source/os_flag.c.obj
LOAD CMakeFiles/BLINKY.dir/Micrium/Software/uCOS-III/Source/os_mem.c.obj
LOAD CMakeFiles/BLINKY.dir/Micrium/Software/uCOS-III/Source/os_mon.c.obj
LOAD CMakeFiles/BLINKY.dir/Micrium/Software/uCOS-III/Source/os_msg.c.obj
LOAD CMakeFiles/BLINKY.dir/Micrium/Software/uCOS-III/Source/os_mutex.c.obj
LOAD CMakeFiles/BLINKY.dir/Micrium/Software/uCOS-III/Source/os_prio.c.obj
LOAD CMakeFiles/BLINKY.dir/Micrium/Software/uCOS-III/Source/os_q.c.obj
LOAD CMakeFiles/BLINKY.dir/Micrium/Software/uCOS-III/Source/os_sem.c.obj
LOAD CMakeFiles/BLINKY.dir/Micrium/Software/uCOS-III/Source/os_stat.c.obj
LOAD CMakeFiles/BLINKY.dir/Micrium/Software/uCOS-III/Source/os_task.c.obj
LOAD CMakeFiles/BLINKY.dir/Micrium/Software/uCOS-III/Source/os_tick.c.obj
LOAD CMakeFiles/BLINKY.dir/Micrium/Software/uCOS-III/Source/os_time.c.obj
LOAD CMakeFiles/BLINKY.dir/Micrium/Software/uCOS-III/Source/os_tmr.c.obj
LOAD CMakeFiles/BLINKY.dir/Micrium/Software/uCOS-III/Source/os_var.c.obj
LOAD CMakeFiles/BLINKY.dir/Micrium/Software/uCOS-III/Ports/ARM-Cortex-M/ARMv7-M/GNU/os_cpu_c.c.obj
LOAD CMakeFiles/BLINKY.dir/ST/BSP/Interrupts/bsp_int_armv7m.c.obj
LOAD CMakeFiles/BLINKY.dir/ST/BSP/Startup/STM32H7xx/system_stm32h7xx.c.obj
LOAD CMakeFiles/BLINKY.dir/ST/BSP/STM32H743ZI_Nucleo/bsp_clk.c.obj
LOAD CMakeFiles/BLINKY.dir/ST/BSP/STM32H743ZI_Nucleo/bsp_cpu.c.obj
LOAD CMakeFiles/BLINKY.dir/ST/BSP/STM32H743ZI_Nucleo/bsp_led.c.obj
LOAD CMakeFiles/BLINKY.dir/ST/BSP/STM32H743ZI_Nucleo/bsp_os.c.obj
LOAD CMakeFiles/BLINKY.dir/ST/BSP/SDK/STM32CubeH7/Drivers/STM32H7xx_HAL_Driver/Src/stm32h7xx_hal_gpio.c.obj
LOAD CMakeFiles/BLINKY.dir/ST/BSP/SDK/STM32CubeH7/Drivers/STM32H7xx_HAL_Driver/Src/stm32h7xx_hal.c.obj
LOAD CMakeFiles/BLINKY.dir/ST/BSP/SDK/STM32CubeH7/Drivers/STM32H7xx_HAL_Driver/Src/stm32h7xx_hal_rcc.c.obj
LOAD CMakeFiles/BLINKY.dir/ST/BSP/SDK/STM32CubeH7/Drivers/STM32H7xx_HAL_Driver/Src/stm32h7xx_hal_cortex.c.obj
LOAD CMakeFiles/BLINKY.dir/ST/BSP/SDK/STM32CubeH7/Drivers/STM32H7xx_HAL_Driver/Src/stm32h7xx_hal_rcc_ex.c.obj
LOAD CMakeFiles/BLINKY.dir/ST/STM32H743ZI_Nucleo/Blinky/OS3/main.c.obj
LOAD CMakeFiles/BLINKY.dir/ST/STM32H743ZI_Nucleo/Blinky/OS3/os_app_hooks.c.obj
START GROUP
LOAD c:/progra~2/armgnu~1/112202~1.02/bin/../lib/gcc/arm-none-eabi/11.2.1/thumb/v7e-m+dp/hard\libgcc.a
LOAD c:/progra~2/armgnu~1/112202~1.02/bin/../lib/gcc/arm-none-eabi/11.2.1/thumb/v7e-m+dp/hard\libg.a
LOAD c:/progra~2/armgnu~1/112202~1.02/bin/../lib/gcc/arm-none-eabi/11.2.1/thumb/v7e-m+dp/hard\libc.a
END GROUP
START GROUP
LOAD c:/progra~2/armgnu~1/112202~1.02/bin/../lib/gcc/arm-none-eabi/11.2.1/thumb/v7e-m+dp/hard\libgcc.a
LOAD c:/progra~2/armgnu~1/112202~1.02/bin/../lib/gcc/arm-none-eabi/11.2.1/thumb/v7e-m+dp/hard\libc.a
LOAD c:/progra~2/armgnu~1/112202~1.02/bin/../lib/gcc/arm-none-eabi/11.2.1/thumb/v7e-m+dp/hard\libnosys.a
END GROUP
LOAD c:/progra~2/armgnu~1/112202~1.02/bin/../lib/gcc/arm-none-eabi/11.2.1/thumb/v7e-m+dp/hard/crtend.o
LOAD c:/progra~2/armgnu~1/112202~1.02/bin/../lib/gcc/arm-none-eabi/11.2.1/thumb/v7e-m+dp/hard/crtn.o
                0x20020000                _estack = 0x20020000
                0x00000000                _Min_Heap_Size = 0x0
                0x00000800                _Min_Stack_Size = 0x800

.isr_vector     0x08000000      0x298
                0x08000000                . = ALIGN (0x4)
 *(.isr_vector)
 .isr_vector    0x08000000      0x298 CMakeFiles/BLINKY.dir/ST/BSP/Startup/STM32H7xx/GCC/startup_stm32h743xx.s.obj
                0x08000000                g_pfnVectors
                0x08000298                . = ALIGN (0x4)

.text           0x08000298     0x349c
                0x08000298                . = ALIGN (0x4)
 *(.text)
 .text          0x08000298      0x108 CMakeFiles/BLINKY.dir/Micrium/Software/uCOS-III/Ports/ARM-Cortex-M/ARMv7-M/GNU/os_cpu_a.s.obj
                0x08000298                OS_CPU_FP_Reg_Push
                0x080002aa                OS_CPU_FP_Reg_Pop
                0x080002b6                OSStartHighRdy
                0x08000330                OSCtxSw
                0x0800033a                OSIntCtxSw
                0x08000344                OS_CPU_PendSVHandler
 .text          0x080003a0       0x34 CMakeFiles/BLINKY.dir/Micrium/Software/uC-CPU/ARM-Cortex-M4/GNU/cpu_a.s.obj
                0x080003a0                CPU_IntDis
                0x080003a4                CPU_IntEn
                0x080003a8                CPU_SR_Save
                0x080003b0                CPU_SR_Restore
                0x080003b6                CPU_WaitForInt
                0x080003ba                CPU_WaitForExcept
                0x080003be                CPU_CntLeadZeros
                0x080003c4                CPU_CntTrailZeros
                0x080003ce                CPU_RevBits
 *(.text*)
 .text.deregister_tm_clones
                0x080003d4       0x1c c:/progra~2/armgnu~1/112202~1.02/bin/../lib/gcc/arm-none-eabi/11.2.1/thumb/v7e-m+dp/hard/crtbegin.o
 .text.register_tm_clones
                0x080003f0       0x24 c:/progra~2/armgnu~1/112202~1.02/bin/../lib/gcc/arm-none-eabi/11.2.1/thumb/v7e-m+dp/hard/crtbegin.o
 .text.__do_global_dtors_aux
                0x08000414       0x28 c:/progra~2/armgnu~1/112202~1.02/bin/../lib/gcc/arm-none-eabi/11.2.1/thumb/v7e-m+dp/hard/crtbegin.o
 .text.frame_dummy
                0x0800043c       0x24 c:/progra~2/armgnu~1/112202~1.02/bin/../lib/gcc/arm-none-eabi/11.2.1/thumb/v7e-m+dp/hard/crtbegin.o
 .text.__libc_init_array
                0x08000460       0x48 c:/progra~2/armgnu~1/112202~1.02/bin/../lib/gcc/arm-none-eabi/11.2.1/thumb/v7e-m+dp/hard\libc.a(lib_a-init.o)
                0x08000460                __libc_init_array
 .text.Reset_Handler
                0x080004a8       0x50 CMakeFiles/BLINKY.dir/ST/BSP/Startup/STM32H7xx/GCC/startup_stm32h743xx.s.obj
                0x080004a8                Reset_Handler
 .text.Default_Handler
                0x080004f8        0x2 CMakeFiles/BLINKY.dir/ST/BSP/Startup/STM32H7xx/GCC/startup_stm32h743xx.s.obj
                0x080004f8                RTC_Alarm_IRQHandler
                0x080004f8                EXTI2_IRQHandler
                0x080004f8                TIM8_CC_IRQHandler
                0x080004f8                HRTIM1_Master_IRQHandler
                0x080004f8                DebugMon_Handler
                0x080004f8                UART8_IRQHandler
                0x080004f8                SPI4_IRQHandler
                0x080004f8                TIM1_CC_IRQHandler
                0x080004f8                BDMA_Channel6_IRQHandler
                0x080004f8                DMA2_Stream5_IRQHandler
                0x080004f8                HardFault_Handler
                0x080004f8                HRTIM1_FLT_IRQHandler
                0x080004f8                JPEG_IRQHandler
                0x080004f8                DMA1_Stream5_IRQHandler
                0x080004f8                SysTick_Handler
                0x080004f8                BDMA_Channel1_IRQHandler
                0x080004f8                HRTIM1_TIMD_IRQHandler
                0x080004f8                TAMP_STAMP_IRQHandler
                0x080004f8                PendSV_Handler
                0x080004f8                NMI_Handler
                0x080004f8                EXTI3_IRQHandler
                0x080004f8                LPTIM4_IRQHandler
                0x080004f8                TIM8_TRG_COM_TIM14_IRQHandler
                0x080004f8                LPTIM2_IRQHandler
                0x080004f8                DFSDM1_FLT1_IRQHandler
                0x080004f8                DMAMUX2_OVR_IRQHandler
                0x080004f8                TIM8_UP_TIM13_IRQHandler
                0x080004f8                I2C3_ER_IRQHandler
                0x080004f8                DFSDM1_FLT2_IRQHandler
                0x080004f8                MDMA_IRQHandler
                0x080004f8                LPTIM3_IRQHandler
                0x080004f8                HSEM1_IRQHandler
                0x080004f8                EXTI0_IRQHandler
                0x080004f8                I2C2_EV_IRQHandler
                0x080004f8                DMA1_Stream2_IRQHandler
                0x080004f8                FPU_IRQHandler
                0x080004f8                OTG_HS_WKUP_IRQHandler
                0x080004f8                FDCAN1_IT1_IRQHandler
                0x080004f8                UsageFault_Handler
                0x080004f8                LTDC_ER_IRQHandler
                0x080004f8                DMA2_Stream2_IRQHandler
                0x080004f8                HRTIM1_TIME_IRQHandler
                0x080004f8                SPI1_IRQHandler
                0x080004f8                TIM6_DAC_IRQHandler
                0x080004f8                DCMI_IRQHandler
                0x080004f8                HRTIM1_TIMC_IRQHandler
                0x080004f8                DMA2_Stream3_IRQHandler
                0x080004f8                SAI2_IRQHandler
                0x080004f8                DFSDM1_FLT3_IRQHandler
                0x080004f8                USART6_IRQHandler
                0x080004f8                TIM17_IRQHandler
                0x080004f8                USART3_IRQHandler
                0x080004f8                BDMA_Channel7_IRQHandler
                0x080004f8                LPTIM5_IRQHandler
                0x080004f8                UART5_IRQHandler
                0x080004f8                ADC3_IRQHandler
                0x080004f8                DMA2_Stream0_IRQHandler
                0x080004f8                TIM4_IRQHandler
                0x080004f8                BDMA_Channel2_IRQHandler
                0x080004f8                QUADSPI_IRQHandler
                0x080004f8                I2C1_EV_IRQHandler
                0x080004f8                DMA1_Stream6_IRQHandler
                0x080004f8                DMAMUX1_OVR_IRQHandler
                0x080004f8                DMA1_Stream1_IRQHandler
                0x080004f8                TIM16_IRQHandler
                0x080004f8                UART4_IRQHandler
                0x080004f8                BDMA_Channel5_IRQHandler
                0x080004f8                TIM3_IRQHandler
                0x080004f8                RCC_IRQHandler
                0x080004f8                TIM8_BRK_TIM12_IRQHandler
                0x080004f8                TIM1_TRG_COM_IRQHandler
                0x080004f8                Default_Handler
                0x080004f8                CEC_IRQHandler
                0x080004f8                EXTI15_10_IRQHandler
                0x080004f8                BDMA_Channel0_IRQHandler
                0x080004f8                ADC_IRQHandler
                0x080004f8                DMA1_Stream7_IRQHandler
                0x080004f8                HRTIM1_TIMA_IRQHandler
                0x080004f8                SPI5_IRQHandler
                0x080004f8                TIM7_IRQHandler
                0x080004f8                SDMMC1_IRQHandler
                0x080004f8                TIM5_IRQHandler
                0x080004f8                DMA2_Stream7_IRQHandler
                0x080004f8                TIM15_IRQHandler
                0x080004f8                PVD_AVD_IRQHandler
                0x080004f8                I2C3_EV_IRQHandler
                0x080004f8                EXTI9_5_IRQHandler
                0x080004f8                RTC_WKUP_IRQHandler
                0x080004f8                LTDC_IRQHandler
                0x080004f8                SAI3_IRQHandler
                0x080004f8                ETH_WKUP_IRQHandler
                0x080004f8                SPDIF_RX_IRQHandler
                0x080004f8                SPI2_IRQHandler
                0x080004f8                OTG_HS_EP1_IN_IRQHandler
                0x080004f8                MemManage_Handler
                0x080004f8                DMA1_Stream0_IRQHandler
                0x080004f8                SVC_Handler
                0x080004f8                CRS_IRQHandler
                0x080004f8                EXTI4_IRQHandler
                0x080004f8                RNG_IRQHandler
                0x080004f8                HRTIM1_TIMB_IRQHandler
                0x080004f8                FDCAN2_IT1_IRQHandler
                0x080004f8                ETH_IRQHandler
                0x080004f8                TIM1_UP_IRQHandler
                0x080004f8                BDMA_Channel4_IRQHandler
                0x080004f8                OTG_HS_EP1_OUT_IRQHandler
                0x080004f8                WWDG_IRQHandler
                0x080004f8                SPI6_IRQHandler
                0x080004f8                MDIOS_IRQHandler
                0x080004f8                I2C4_EV_IRQHandler
                0x080004f8                FDCAN2_IT0_IRQHandler
                0x080004f8                LPUART1_IRQHandler
                0x080004f8                FDCAN1_IT0_IRQHandler
                0x080004f8                TIM2_IRQHandler
                0x080004f8                OTG_FS_WKUP_IRQHandler
                0x080004f8                OTG_HS_IRQHandler
                0x080004f8                DMA2D_IRQHandler
                0x080004f8                TIM1_BRK_IRQHandler
                0x080004f8                EXTI1_IRQHandler
                0x080004f8                SDMMC2_IRQHandler
                0x080004f8                OTG_FS_EP1_OUT_IRQHandler
                0x080004f8                BDMA_Channel3_IRQHandler
                0x080004f8                UART7_IRQHandler
                0x080004f8                MDIOS_WKUP_IRQHandler
                0x080004f8                USART2_IRQHandler
                0x080004f8                DFSDM1_FLT0_IRQHandler
                0x080004f8                SAI4_IRQHandler
                0x080004f8                I2C2_ER_IRQHandler
                0x080004f8                DMA2_Stream1_IRQHandler
                0x080004f8                FLASH_IRQHandler
                0x080004f8                DMA2_Stream4_IRQHandler
                0x080004f8                BusFault_Handler
                0x080004f8                USART1_IRQHandler
                0x080004f8                OTG_FS_IRQHandler
                0x080004f8                SPI3_IRQHandler
                0x080004f8                WAKEUP_PIN_IRQHandler
                0x080004f8                DMA1_Stream4_IRQHandler
                0x080004f8                OTG_FS_EP1_IN_IRQHandler
                0x080004f8                I2C1_ER_IRQHandler
                0x080004f8                FMC_IRQHandler
                0x080004f8                FDCAN_CAL_IRQHandler
                0x080004f8                SWPMI1_IRQHandler
                0x080004f8                COMP1_IRQHandler
                0x080004f8                LPTIM1_IRQHandler
                0x080004f8                I2C4_ER_IRQHandler
                0x080004f8                DMA2_Stream6_IRQHandler
                0x080004f8                SAI1_IRQHandler
                0x080004f8                DMA1_Stream3_IRQHandler
 *fill*         0x080004fa        0x2 
 .text.CPU_TS_Init
                0x080004fc       0x14 CMakeFiles/BLINKY.dir/Micrium/Software/uC-CPU/cpu_core.c.obj
 .text.CPU_Init
                0x08000510        0x8 CMakeFiles/BLINKY.dir/Micrium/Software/uC-CPU/cpu_core.c.obj
                0x08000510                CPU_Init
 .text.CPU_TS_TmrFreqSet
                0x08000518        0xc CMakeFiles/BLINKY.dir/Micrium/Software/uC-CPU/cpu_core.c.obj
                0x08000518                CPU_TS_TmrFreqSet
 .text.Mem_Init
                0x08000524        0xc CMakeFiles/BLINKY.dir/Micrium/Software/uC-LIB/lib_mem.c.obj
                0x08000524                Mem_Init
 .text.OSCfg_Init
                0x08000530        0x2 CMakeFiles/BLINKY.dir/Micrium/Software/uCOS-III/Source/os_cfg_app.c.obj
                0x08000530                OSCfg_Init
 *fill*         0x08000532        0x2 
 .text.OS_IdleTask
                0x08000534       0x1c CMakeFiles/BLINKY.dir/Micrium/Software/uCOS-III/Source/os_core.c.obj
                0x08000534                OS_IdleTask
 .text.OSIntEnter
                0x08000550       0x20 CMakeFiles/BLINKY.dir/Micrium/Software/uCOS-III/Source/os_core.c.obj
                0x08000550                OSIntEnter
 .text.OSIntExit
                0x08000570       0x9c CMakeFiles/BLINKY.dir/Micrium/Software/uCOS-III/Source/os_core.c.obj
                0x08000570                OSIntExit
 .text.OSSched  0x0800060c       0x84 CMakeFiles/BLINKY.dir/Micrium/Software/uCOS-III/Source/os_core.c.obj
                0x0800060c                OSSched
 .text.OSSchedLock
                0x08000690       0x54 CMakeFiles/BLINKY.dir/Micrium/Software/uCOS-III/Source/os_core.c.obj
                0x08000690                OSSchedLock
 .text.OSSchedUnlock
                0x080006e4       0x68 CMakeFiles/BLINKY.dir/Micrium/Software/uCOS-III/Source/os_core.c.obj
                0x080006e4                OSSchedUnlock
 .text.OSStart  0x0800074c       0x80 CMakeFiles/BLINKY.dir/Micrium/Software/uCOS-III/Source/os_core.c.obj
                0x0800074c                OSStart
 .text.OS_IdleTaskInit
                0x080007cc       0x4c CMakeFiles/BLINKY.dir/Micrium/Software/uCOS-III/Source/os_core.c.obj
                0x080007cc                OS_IdleTaskInit
 .text.OS_PendListInit
                0x08000818        0x8 CMakeFiles/BLINKY.dir/Micrium/Software/uCOS-III/Source/os_core.c.obj
                0x08000818                OS_PendListInit
 .text.OS_PendListInsertPrio
                0x08000820       0x48 CMakeFiles/BLINKY.dir/Micrium/Software/uCOS-III/Source/os_core.c.obj
                0x08000820                OS_PendListInsertPrio
 .text.OS_PendListRemove
                0x08000868       0x36 CMakeFiles/BLINKY.dir/Micrium/Software/uCOS-III/Source/os_core.c.obj
                0x08000868                OS_PendListRemove
 .text.OS_PendListChangePrio
                0x0800089e       0x1e CMakeFiles/BLINKY.dir/Micrium/Software/uCOS-III/Source/os_core.c.obj
                0x0800089e                OS_PendListChangePrio
 .text.OS_RdyListInit
                0x080008bc       0x20 CMakeFiles/BLINKY.dir/Micrium/Software/uCOS-III/Source/os_core.c.obj
                0x080008bc                OS_RdyListInit
 .text.OSInit   0x080008dc      0x134 CMakeFiles/BLINKY.dir/Micrium/Software/uCOS-III/Source/os_core.c.obj
                0x080008dc                OSInit
 .text.OS_RdyListInsertHead
                0x08000a10       0x38 CMakeFiles/BLINKY.dir/Micrium/Software/uCOS-III/Source/os_core.c.obj
                0x08000a10                OS_RdyListInsertHead
 .text.OS_RdyListInsertTail
                0x08000a48       0x38 CMakeFiles/BLINKY.dir/Micrium/Software/uCOS-III/Source/os_core.c.obj
                0x08000a48                OS_RdyListInsertTail
 .text.OS_RdyListInsert
                0x08000a80       0x2c CMakeFiles/BLINKY.dir/Micrium/Software/uCOS-III/Source/os_core.c.obj
                0x08000a80                OS_RdyListInsert
 .text.OS_Post  0x08000aac       0x7e CMakeFiles/BLINKY.dir/Micrium/Software/uCOS-III/Source/os_core.c.obj
                0x08000aac                OS_Post
 .text.OS_RdyListMoveHeadToTail
                0x08000b2a       0x36 CMakeFiles/BLINKY.dir/Micrium/Software/uCOS-III/Source/os_core.c.obj
                0x08000b2a                OS_RdyListMoveHeadToTail
 .text.OS_RdyListRemove
                0x08000b60       0x50 CMakeFiles/BLINKY.dir/Micrium/Software/uCOS-III/Source/os_core.c.obj
                0x08000b60                OS_RdyListRemove
 .text.OS_SchedRoundRobin
                0x08000bb0       0x8c CMakeFiles/BLINKY.dir/Micrium/Software/uCOS-III/Source/os_core.c.obj
                0x08000bb0                OS_SchedRoundRobin
 .text.OS_TaskBlock
                0x08000c3c       0x2c CMakeFiles/BLINKY.dir/Micrium/Software/uCOS-III/Source/os_core.c.obj
                0x08000c3c                OS_TaskBlock
 .text.OS_Pend  0x08000c68       0x38 CMakeFiles/BLINKY.dir/Micrium/Software/uCOS-III/Source/os_core.c.obj
                0x08000c68                OS_Pend
 .text.OS_MemInit
                0x08000ca0        0x6 CMakeFiles/BLINKY.dir/Micrium/Software/uCOS-III/Source/os_mem.c.obj
                0x08000ca0                OS_MemInit
 *fill*         0x08000ca6        0x2 
 .text.OS_MsgPoolInit
                0x08000ca8       0x68 CMakeFiles/BLINKY.dir/Micrium/Software/uCOS-III/Source/os_msg.c.obj
                0x08000ca8                OS_MsgPoolInit
 .text.OS_MsgQFreeAll
                0x08000d10       0x40 CMakeFiles/BLINKY.dir/Micrium/Software/uCOS-III/Source/os_msg.c.obj
                0x08000d10                OS_MsgQFreeAll
 .text.OS_MsgQInit
                0x08000d50        0xc CMakeFiles/BLINKY.dir/Micrium/Software/uCOS-III/Source/os_msg.c.obj
                0x08000d50                OS_MsgQInit
 .text.OSMutexCreate
                0x08000d5c       0x48 CMakeFiles/BLINKY.dir/Micrium/Software/uCOS-III/Source/os_mutex.c.obj
                0x08000d5c                OSMutexCreate
 .text.OS_MutexGrpAdd
                0x08000da4        0x8 CMakeFiles/BLINKY.dir/Micrium/Software/uCOS-III/Source/os_mutex.c.obj
                0x08000da4                OS_MutexGrpAdd
 .text.OSMutexPend
                0x08000dac      0x168 CMakeFiles/BLINKY.dir/Micrium/Software/uCOS-III/Source/os_mutex.c.obj
                0x08000dac                OSMutexPend
 .text.OS_MutexGrpRemove
                0x08000f14       0x14 CMakeFiles/BLINKY.dir/Micrium/Software/uCOS-III/Source/os_mutex.c.obj
                0x08000f14                OS_MutexGrpRemove
 .text.OS_MutexGrpPrioFindHighest
                0x08000f28       0x22 CMakeFiles/BLINKY.dir/Micrium/Software/uCOS-III/Source/os_mutex.c.obj
                0x08000f28                OS_MutexGrpPrioFindHighest
 *fill*         0x08000f4a        0x2 
 .text.OSMutexPost
                0x08000f4c      0x144 CMakeFiles/BLINKY.dir/Micrium/Software/uCOS-III/Source/os_mutex.c.obj
                0x08000f4c                OSMutexPost
 .text.OS_MutexGrpPostAll
                0x08001090       0x46 CMakeFiles/BLINKY.dir/Micrium/Software/uCOS-III/Source/os_mutex.c.obj
                0x08001090                OS_MutexGrpPostAll
 *fill*         0x080010d6        0x2 
 .text.OS_PrioInit
                0x080010d8       0x18 CMakeFiles/BLINKY.dir/Micrium/Software/uCOS-III/Source/os_prio.c.obj
                0x080010d8                OS_PrioInit
 .text.OS_PrioGetHighest
                0x080010f0       0x24 CMakeFiles/BLINKY.dir/Micrium/Software/uCOS-III/Source/os_prio.c.obj
                0x080010f0                OS_PrioGetHighest
 .text.OS_PrioInsert
                0x08001114       0x20 CMakeFiles/BLINKY.dir/Micrium/Software/uCOS-III/Source/os_prio.c.obj
                0x08001114                OS_PrioInsert
 .text.OS_PrioRemove
                0x08001134       0x24 CMakeFiles/BLINKY.dir/Micrium/Software/uCOS-III/Source/os_prio.c.obj
                0x08001134                OS_PrioRemove
 .text.OSStatReset
                0x08001158       0x1c CMakeFiles/BLINKY.dir/Micrium/Software/uCOS-III/Source/os_stat.c.obj
                0x08001158                OSStatReset
 .text.OS_StatTask
                0x08001174      0x128 CMakeFiles/BLINKY.dir/Micrium/Software/uCOS-III/Source/os_stat.c.obj
                0x08001174                OS_StatTask
 .text.OSStatTaskCPUUsageInit
                0x0800129c       0xcc CMakeFiles/BLINKY.dir/Micrium/Software/uCOS-III/Source/os_stat.c.obj
                0x0800129c                OSStatTaskCPUUsageInit
 .text.OS_StatTaskInit
                0x08001368       0xa4 CMakeFiles/BLINKY.dir/Micrium/Software/uCOS-III/Source/os_stat.c.obj
                0x08001368                OS_StatTaskInit
 .text.OSTaskResume
                0x0800140c      0x100 CMakeFiles/BLINKY.dir/Micrium/Software/uCOS-III/Source/os_task.c.obj
                0x0800140c                OSTaskResume
 .text.OSTaskSemPend
                0x0800150c       0xe4 CMakeFiles/BLINKY.dir/Micrium/Software/uCOS-III/Source/os_task.c.obj
                0x0800150c                OSTaskSemPend
 .text.OSTaskSemPost
                0x080015f0       0xe4 CMakeFiles/BLINKY.dir/Micrium/Software/uCOS-III/Source/os_task.c.obj
                0x080015f0                OSTaskSemPost
 .text.OSTaskSuspend
                0x080016d4      0x124 CMakeFiles/BLINKY.dir/Micrium/Software/uCOS-III/Source/os_task.c.obj
                0x080016d4                OSTaskSuspend
 .text.OS_TaskInit
                0x080017f8       0x18 CMakeFiles/BLINKY.dir/Micrium/Software/uCOS-III/Source/os_task.c.obj
                0x080017f8                OS_TaskInit
 .text.OS_TaskInitTCB
                0x08001810       0xa4 CMakeFiles/BLINKY.dir/Micrium/Software/uCOS-III/Source/os_task.c.obj
                0x08001810                OS_TaskInitTCB
 .text.OSTaskCreate
                0x080018b4      0x19c CMakeFiles/BLINKY.dir/Micrium/Software/uCOS-III/Source/os_task.c.obj
                0x080018b4                OSTaskCreate
 .text.OS_TaskChangePrio
                0x08001a50       0xb4 CMakeFiles/BLINKY.dir/Micrium/Software/uCOS-III/Source/os_task.c.obj
                0x08001a50                OS_TaskChangePrio
 .text.OSTaskDel
                0x08001b04      0x14c CMakeFiles/BLINKY.dir/Micrium/Software/uCOS-III/Source/os_task.c.obj
                0x08001b04                OSTaskDel
 .text.OS_TaskReturn
                0x08001c50       0x20 CMakeFiles/BLINKY.dir/Micrium/Software/uCOS-III/Source/os_task.c.obj
                0x08001c50                OS_TaskReturn
 .text.OS_TickListUpdateDly
                0x08001c70       0x6c CMakeFiles/BLINKY.dir/Micrium/Software/uCOS-III/Source/os_tick.c.obj
 .text.OS_TickListUpdateTimeout
                0x08001cdc       0xd4 CMakeFiles/BLINKY.dir/Micrium/Software/uCOS-III/Source/os_tick.c.obj
 .text.OS_TickTask
                0x08001db0       0x48 CMakeFiles/BLINKY.dir/Micrium/Software/uCOS-III/Source/os_tick.c.obj
                0x08001db0                OS_TickTask
 .text.OS_TickTaskInit
                0x08001df8       0x94 CMakeFiles/BLINKY.dir/Micrium/Software/uCOS-III/Source/os_tick.c.obj
                0x08001df8                OS_TickTaskInit
 .text.OS_TickListInsert
                0x08001e8c       0x62 CMakeFiles/BLINKY.dir/Micrium/Software/uCOS-III/Source/os_tick.c.obj
                0x08001e8c                OS_TickListInsert
 *fill*         0x08001eee        0x2 
 .text.OS_TickListInsertDly
                0x08001ef0       0x88 CMakeFiles/BLINKY.dir/Micrium/Software/uCOS-III/Source/os_tick.c.obj
                0x08001ef0                OS_TickListInsertDly
 .text.OS_TickListRemove
                0x08001f78       0x46 CMakeFiles/BLINKY.dir/Micrium/Software/uCOS-III/Source/os_tick.c.obj
                0x08001f78                OS_TickListRemove
 *fill*         0x08001fbe        0x2 
 .text.OSTimeDly
                0x08001fc0       0x9c CMakeFiles/BLINKY.dir/Micrium/Software/uCOS-III/Source/os_time.c.obj
                0x08001fc0                OSTimeDly
 .text.OSTimeDlyHMSM
                0x0800205c      0x150 CMakeFiles/BLINKY.dir/Micrium/Software/uCOS-III/Source/os_time.c.obj
                0x0800205c                OSTimeDlyHMSM
 .text.OSTimeTick
                0x080021ac       0x70 CMakeFiles/BLINKY.dir/Micrium/Software/uCOS-III/Source/os_time.c.obj
                0x080021ac                OSTimeTick
 .text.OS_TmrLock
                0x0800221c       0x24 CMakeFiles/BLINKY.dir/Micrium/Software/uCOS-III/Source/os_tmr.c.obj
 .text.OS_TmrUnlock
                0x08002240       0x20 CMakeFiles/BLINKY.dir/Micrium/Software/uCOS-III/Source/os_tmr.c.obj
 .text.OS_TmrInit
                0x08002260       0xe0 CMakeFiles/BLINKY.dir/Micrium/Software/uCOS-III/Source/os_tmr.c.obj
                0x08002260                OS_TmrInit
 .text.OS_TmrUnlink
                0x08002340       0x34 CMakeFiles/BLINKY.dir/Micrium/Software/uCOS-III/Source/os_tmr.c.obj
                0x08002340                OS_TmrUnlink
 .text.OS_TmrTask
                0x08002374       0x7c CMakeFiles/BLINKY.dir/Micrium/Software/uCOS-III/Source/os_tmr.c.obj
                0x08002374                OS_TmrTask
 .text.OSIdleTaskHook
                0x080023f0       0x10 CMakeFiles/BLINKY.dir/Micrium/Software/uCOS-III/Ports/ARM-Cortex-M/ARMv7-M/GNU/os_cpu_c.c.obj
                0x080023f0                OSIdleTaskHook
 .text.OSInitHook
                0x08002400       0x38 CMakeFiles/BLINKY.dir/Micrium/Software/uCOS-III/Ports/ARM-Cortex-M/ARMv7-M/GNU/os_cpu_c.c.obj
                0x08002400                OSInitHook
 .text.OSStatTaskHook
                0x08002438       0x10 CMakeFiles/BLINKY.dir/Micrium/Software/uCOS-III/Ports/ARM-Cortex-M/ARMv7-M/GNU/os_cpu_c.c.obj
                0x08002438                OSStatTaskHook
 .text.OSTaskCreateHook
                0x08002448       0x10 CMakeFiles/BLINKY.dir/Micrium/Software/uCOS-III/Ports/ARM-Cortex-M/ARMv7-M/GNU/os_cpu_c.c.obj
                0x08002448                OSTaskCreateHook
 .text.OSTaskDelHook
                0x08002458       0x10 CMakeFiles/BLINKY.dir/Micrium/Software/uCOS-III/Ports/ARM-Cortex-M/ARMv7-M/GNU/os_cpu_c.c.obj
                0x08002458                OSTaskDelHook
 .text.OSTaskReturnHook
                0x08002468       0x10 CMakeFiles/BLINKY.dir/Micrium/Software/uCOS-III/Ports/ARM-Cortex-M/ARMv7-M/GNU/os_cpu_c.c.obj
                0x08002468                OSTaskReturnHook
 .text.OSTaskStkInit
                0x08002478      0x1a0 CMakeFiles/BLINKY.dir/Micrium/Software/uCOS-III/Ports/ARM-Cortex-M/ARMv7-M/GNU/os_cpu_c.c.obj
                0x08002478                OSTaskStkInit
 .text.OSTaskSwHook
                0x08002618       0x50 CMakeFiles/BLINKY.dir/Micrium/Software/uCOS-III/Ports/ARM-Cortex-M/ARMv7-M/GNU/os_cpu_c.c.obj
                0x08002618                OSTaskSwHook
 .text.OSTimeTickHook
                0x08002668       0x10 CMakeFiles/BLINKY.dir/Micrium/Software/uCOS-III/Ports/ARM-Cortex-M/ARMv7-M/GNU/os_cpu_c.c.obj
                0x08002668                OSTimeTickHook
 .text.OS_CPU_SysTickHandler
                0x08002678       0x1c CMakeFiles/BLINKY.dir/Micrium/Software/uCOS-III/Ports/ARM-Cortex-M/ARMv7-M/GNU/os_cpu_c.c.obj
                0x08002678                OS_CPU_SysTickHandler
 .text.OS_CPU_SysTickInit
                0x08002694       0x26 CMakeFiles/BLINKY.dir/Micrium/Software/uCOS-III/Ports/ARM-Cortex-M/ARMv7-M/GNU/os_cpu_c.c.obj
                0x08002694                OS_CPU_SysTickInit
 *fill*         0x080026ba        0x2 
 .text.OS_CPU_SysTickInitFreq
                0x080026bc       0x14 CMakeFiles/BLINKY.dir/Micrium/Software/uCOS-III/Ports/ARM-Cortex-M/ARMv7-M/GNU/os_cpu_c.c.obj
                0x080026bc                OS_CPU_SysTickInitFreq
 .text.BSP_IntInit
                0x080026d0       0x38 CMakeFiles/BLINKY.dir/ST/BSP/Interrupts/bsp_int_armv7m.c.obj
                0x080026d0                BSP_IntInit
 .text.SystemInit
                0x08002708       0x6c CMakeFiles/BLINKY.dir/ST/BSP/Startup/STM32H7xx/system_stm32h7xx.c.obj
                0x08002708                SystemInit
 .text.BSP_ClkInit
                0x08002774       0xc4 CMakeFiles/BLINKY.dir/ST/BSP/STM32H743ZI_Nucleo/bsp_clk.c.obj
                0x08002774                BSP_ClkInit
 .text.BSP_ClkFreqGet
                0x08002838       0x2a CMakeFiles/BLINKY.dir/ST/BSP/STM32H743ZI_Nucleo/bsp_clk.c.obj
                0x08002838                BSP_ClkFreqGet
 *fill*         0x08002862        0x2 
 .text.CPU_TS_TmrInit
                0x08002864       0x4c CMakeFiles/BLINKY.dir/ST/BSP/STM32H743ZI_Nucleo/bsp_cpu.c.obj
                0x08002864                CPU_TS_TmrInit
 .text.BSP_LED_Init
                0x080028b0       0x6c CMakeFiles/BLINKY.dir/ST/BSP/STM32H743ZI_Nucleo/bsp_led.c.obj
                0x080028b0                BSP_LED_Init
 .text.BSP_OS_TickEnable
                0x0800291c        0xe CMakeFiles/BLINKY.dir/ST/BSP/STM32H743ZI_Nucleo/bsp_os.c.obj
                0x0800291c                BSP_OS_TickEnable
 .text.BSP_OS_TickDisable
                0x0800292a        0xe CMakeFiles/BLINKY.dir/ST/BSP/STM32H743ZI_Nucleo/bsp_os.c.obj
                0x0800292a                BSP_OS_TickDisable
 .text.BSP_OS_TickInit
                0x08002938       0x22 CMakeFiles/BLINKY.dir/ST/BSP/STM32H743ZI_Nucleo/bsp_os.c.obj
                0x08002938                BSP_OS_TickInit
 .text.HAL_InitTick
                0x0800295a        0x4 CMakeFiles/BLINKY.dir/ST/BSP/STM32H743ZI_Nucleo/bsp_os.c.obj
                0x0800295a                HAL_InitTick
 *fill*         0x0800295e        0x2 
 .text.HAL_GPIO_Init
                0x08002960      0x1f8 CMakeFiles/BLINKY.dir/ST/BSP/SDK/STM32CubeH7/Drivers/STM32H7xx_HAL_Driver/Src/stm32h7xx_hal_gpio.c.obj
                0x08002960                HAL_GPIO_Init
 .text.HAL_GPIO_TogglePin
                0x08002b58        0x8 CMakeFiles/BLINKY.dir/ST/BSP/SDK/STM32CubeH7/Drivers/STM32H7xx_HAL_Driver/Src/stm32h7xx_hal_gpio.c.obj
                0x08002b58                HAL_GPIO_TogglePin
 .text.HAL_MspInit
                0x08002b60        0x2 CMakeFiles/BLINKY.dir/ST/BSP/SDK/STM32CubeH7/Drivers/STM32H7xx_HAL_Driver/Src/stm32h7xx_hal.c.obj
                0x08002b60                HAL_MspInit
 .text.HAL_Init
                0x08002b62       0x1e CMakeFiles/BLINKY.dir/ST/BSP/SDK/STM32CubeH7/Drivers/STM32H7xx_HAL_Driver/Src/stm32h7xx_hal.c.obj
                0x08002b62                HAL_Init
 .text.HAL_GetTick
                0x08002b80        0xc CMakeFiles/BLINKY.dir/ST/BSP/SDK/STM32CubeH7/Drivers/STM32H7xx_HAL_Driver/Src/stm32h7xx_hal.c.obj
                0x08002b80                HAL_GetTick
 .text.HAL_EnableCompensationCell
                0x08002b8c       0x10 CMakeFiles/BLINKY.dir/ST/BSP/SDK/STM32CubeH7/Drivers/STM32H7xx_HAL_Driver/Src/stm32h7xx_hal.c.obj
                0x08002b8c                HAL_EnableCompensationCell
 .text.HAL_RCC_OscConfig
                0x08002b9c      0x58c CMakeFiles/BLINKY.dir/ST/BSP/SDK/STM32CubeH7/Drivers/STM32H7xx_HAL_Driver/Src/stm32h7xx_hal_rcc.c.obj
                0x08002b9c                HAL_RCC_OscConfig
 .text.HAL_RCC_GetSysClockFreq
                0x08003128      0x1c8 CMakeFiles/BLINKY.dir/ST/BSP/SDK/STM32CubeH7/Drivers/STM32H7xx_HAL_Driver/Src/stm32h7xx_hal_rcc.c.obj
                0x08003128                HAL_RCC_GetSysClockFreq
 .text.HAL_RCC_ClockConfig
                0x080032f0      0x1f4 CMakeFiles/BLINKY.dir/ST/BSP/SDK/STM32CubeH7/Drivers/STM32H7xx_HAL_Driver/Src/stm32h7xx_hal_rcc.c.obj
                0x080032f0                HAL_RCC_ClockConfig
 .text.HAL_RCC_GetHCLKFreq
                0x080034e4       0x34 CMakeFiles/BLINKY.dir/ST/BSP/SDK/STM32CubeH7/Drivers/STM32H7xx_HAL_Driver/Src/stm32h7xx_hal_rcc.c.obj
                0x080034e4                HAL_RCC_GetHCLKFreq
 .text.HAL_RCC_GetPCLK1Freq
                0x08003518       0x2c CMakeFiles/BLINKY.dir/ST/BSP/SDK/STM32CubeH7/Drivers/STM32H7xx_HAL_Driver/Src/stm32h7xx_hal_rcc.c.obj
                0x08003518                HAL_RCC_GetPCLK1Freq
 .text.HAL_RCC_GetPCLK2Freq
                0x08003544       0x2c CMakeFiles/BLINKY.dir/ST/BSP/SDK/STM32CubeH7/Drivers/STM32H7xx_HAL_Driver/Src/stm32h7xx_hal_rcc.c.obj
                0x08003544                HAL_RCC_GetPCLK2Freq
 .text.HAL_NVIC_SetPriorityGrouping
                0x08003570       0x24 CMakeFiles/BLINKY.dir/ST/BSP/SDK/STM32CubeH7/Drivers/STM32H7xx_HAL_Driver/Src/stm32h7xx_hal_cortex.c.obj
                0x08003570                HAL_NVIC_SetPriorityGrouping
 .text.HAL_RCCEx_GetD1SysClockFreq
                0x08003594       0x34 CMakeFiles/BLINKY.dir/ST/BSP/SDK/STM32CubeH7/Drivers/STM32H7xx_HAL_Driver/Src/stm32h7xx_hal_rcc_ex.c.obj
                0x08003594                HAL_RCCEx_GetD1SysClockFreq
 .text.StartupTask
                0x080035c8       0x50 CMakeFiles/BLINKY.dir/ST/STM32H743ZI_Nucleo/Blinky/OS3/main.c.obj
 .text.main     0x08003618       0x84 CMakeFiles/BLINKY.dir/ST/STM32H743ZI_Nucleo/Blinky/OS3/main.c.obj
                0x08003618                main
 .text.App_OS_IdleTaskHook
                0x0800369c        0x2 CMakeFiles/BLINKY.dir/ST/STM32H743ZI_Nucleo/Blinky/OS3/os_app_hooks.c.obj
                0x0800369c                App_OS_IdleTaskHook
 .text.App_OS_StatTaskHook
                0x0800369e        0x2 CMakeFiles/BLINKY.dir/ST/STM32H743ZI_Nucleo/Blinky/OS3/os_app_hooks.c.obj
                0x0800369e                App_OS_StatTaskHook
 .text.App_OS_TaskCreateHook
                0x080036a0        0x2 CMakeFiles/BLINKY.dir/ST/STM32H743ZI_Nucleo/Blinky/OS3/os_app_hooks.c.obj
                0x080036a0                App_OS_TaskCreateHook
 .text.App_OS_TaskDelHook
                0x080036a2        0x2 CMakeFiles/BLINKY.dir/ST/STM32H743ZI_Nucleo/Blinky/OS3/os_app_hooks.c.obj
                0x080036a2                App_OS_TaskDelHook
 .text.App_OS_TaskReturnHook
                0x080036a4        0x2 CMakeFiles/BLINKY.dir/ST/STM32H743ZI_Nucleo/Blinky/OS3/os_app_hooks.c.obj
                0x080036a4                App_OS_TaskReturnHook
 .text.App_OS_TaskSwHook
                0x080036a6        0x2 CMakeFiles/BLINKY.dir/ST/STM32H743ZI_Nucleo/Blinky/OS3/os_app_hooks.c.obj
                0x080036a6                App_OS_TaskSwHook
 .text.App_OS_TimeTickHook
                0x080036a8        0x2 CMakeFiles/BLINKY.dir/ST/STM32H743ZI_Nucleo/Blinky/OS3/os_app_hooks.c.obj
                0x080036a8                App_OS_TimeTickHook
 *fill*         0x080036aa        0x2 
 .text.App_OS_SetAllHooks
                0x080036ac       0x70 CMakeFiles/BLINKY.dir/ST/STM32H743ZI_Nucleo/Blinky/OS3/os_app_hooks.c.obj
                0x080036ac                App_OS_SetAllHooks
 *(.glue_7)
 .glue_7        0x0800371c        0x0 linker stubs
 *(.glue_7t)
 .glue_7t       0x0800371c        0x0 linker stubs
 *(.eh_frame)
 .eh_frame      0x0800371c        0x0 c:/progra~2/armgnu~1/112202~1.02/bin/../lib/gcc/arm-none-eabi/11.2.1/thumb/v7e-m+dp/hard/crtbegin.o
 *(.init)
 .init          0x0800371c        0x4 c:/progra~2/armgnu~1/112202~1.02/bin/../lib/gcc/arm-none-eabi/11.2.1/thumb/v7e-m+dp/hard/crti.o
                0x0800371c                _init
 .init          0x08003720        0x8 c:/progra~2/armgnu~1/112202~1.02/bin/../lib/gcc/arm-none-eabi/11.2.1/thumb/v7e-m+dp/hard/crtn.o
 *(.fini)
 .fini          0x08003728        0x4 c:/progra~2/armgnu~1/112202~1.02/bin/../lib/gcc/arm-none-eabi/11.2.1/thumb/v7e-m+dp/hard/crti.o
                0x08003728                _fini
 .fini          0x0800372c        0x8 c:/progra~2/armgnu~1/112202~1.02/bin/../lib/gcc/arm-none-eabi/11.2.1/thumb/v7e-m+dp/hard/crtn.o
                0x08003734                . = ALIGN (0x4)
                0x08003734                _etext = .

.vfp11_veneer   0x08003734        0x0
 .vfp11_veneer  0x08003734        0x0 linker stubs

.v4_bx          0x08003734        0x0
 .v4_bx         0x08003734        0x0 linker stubs

.iplt           0x08003734        0x0
 .iplt          0x08003734        0x0 c:/progra~2/armgnu~1/112202~1.02/bin/../lib/gcc/arm-none-eabi/11.2.1/thumb/v7e-m+dp/hard/crtbegin.o

.rodata         0x08003734       0x78
                0x08003734                . = ALIGN (0x4)
 *(.rodata)
 *(.rodata*)
 .rodata.OSCfg_ISRStkBasePtr
                0x08003734        0x4 CMakeFiles/BLINKY.dir/Micrium/Software/uCOS-III/Source/os_cfg_app.c.obj
                0x08003734                OSCfg_ISRStkBasePtr
 .rodata.OSCfg_ISRStkSize
                0x08003738        0x4 CMakeFiles/BLINKY.dir/Micrium/Software/uCOS-III/Source/os_cfg_app.c.obj
                0x08003738                OSCfg_ISRStkSize
 .rodata.OSCfg_IdleTaskStkBasePtr
                0x0800373c        0x4 CMakeFiles/BLINKY.dir/Micrium/Software/uCOS-III/Source/os_cfg_app.c.obj
                0x0800373c                OSCfg_IdleTaskStkBasePtr
 .rodata.OSCfg_IdleTaskStkLimit
                0x08003740        0x4 CMakeFiles/BLINKY.dir/Micrium/Software/uCOS-III/Source/os_cfg_app.c.obj
                0x08003740                OSCfg_IdleTaskStkLimit
 .rodata.OSCfg_IdleTaskStkSize
                0x08003744        0x4 CMakeFiles/BLINKY.dir/Micrium/Software/uCOS-III/Source/os_cfg_app.c.obj
                0x08003744                OSCfg_IdleTaskStkSize
 .rodata.OSCfg_MsgPoolBasePtr
                0x08003748        0x4 CMakeFiles/BLINKY.dir/Micrium/Software/uCOS-III/Source/os_cfg_app.c.obj
                0x08003748                OSCfg_MsgPoolBasePtr
 .rodata.OSCfg_MsgPoolSize
                0x0800374c        0x2 CMakeFiles/BLINKY.dir/Micrium/Software/uCOS-III/Source/os_cfg_app.c.obj
                0x0800374c                OSCfg_MsgPoolSize
 .rodata.OSCfg_StatTaskPrio
                0x0800374e        0x1 CMakeFiles/BLINKY.dir/Micrium/Software/uCOS-III/Source/os_cfg_app.c.obj
                0x0800374e                OSCfg_StatTaskPrio
 *fill*         0x0800374f        0x1 
 .rodata.OSCfg_StatTaskRate_Hz
                0x08003750        0x4 CMakeFiles/BLINKY.dir/Micrium/Software/uCOS-III/Source/os_cfg_app.c.obj
                0x08003750                OSCfg_StatTaskRate_Hz
 .rodata.OSCfg_StatTaskStkBasePtr
                0x08003754        0x4 CMakeFiles/BLINKY.dir/Micrium/Software/uCOS-III/Source/os_cfg_app.c.obj
                0x08003754                OSCfg_StatTaskStkBasePtr
 .rodata.OSCfg_StatTaskStkLimit
                0x08003758        0x4 CMakeFiles/BLINKY.dir/Micrium/Software/uCOS-III/Source/os_cfg_app.c.obj
                0x08003758                OSCfg_StatTaskStkLimit
 .rodata.OSCfg_StatTaskStkSize
                0x0800375c        0x4 CMakeFiles/BLINKY.dir/Micrium/Software/uCOS-III/Source/os_cfg_app.c.obj
                0x0800375c                OSCfg_StatTaskStkSize
 .rodata.OSCfg_StkSizeMin
                0x08003760        0x4 CMakeFiles/BLINKY.dir/Micrium/Software/uCOS-III/Source/os_cfg_app.c.obj
                0x08003760                OSCfg_StkSizeMin
 .rodata.OSCfg_TickRate_Hz
                0x08003764        0x4 CMakeFiles/BLINKY.dir/Micrium/Software/uCOS-III/Source/os_cfg_app.c.obj
                0x08003764                OSCfg_TickRate_Hz
 .rodata.OSCfg_TickTaskPrio
                0x08003768        0x1 CMakeFiles/BLINKY.dir/Micrium/Software/uCOS-III/Source/os_cfg_app.c.obj
                0x08003768                OSCfg_TickTaskPrio
 *fill*         0x08003769        0x3 
 .rodata.OSCfg_TickTaskStkBasePtr
                0x0800376c        0x4 CMakeFiles/BLINKY.dir/Micrium/Software/uCOS-III/Source/os_cfg_app.c.obj
                0x0800376c                OSCfg_TickTaskStkBasePtr
 .rodata.OSCfg_TickTaskStkLimit
                0x08003770        0x4 CMakeFiles/BLINKY.dir/Micrium/Software/uCOS-III/Source/os_cfg_app.c.obj
                0x08003770                OSCfg_TickTaskStkLimit
 .rodata.OSCfg_TickTaskStkSize
                0x08003774        0x4 CMakeFiles/BLINKY.dir/Micrium/Software/uCOS-III/Source/os_cfg_app.c.obj
                0x08003774                OSCfg_TickTaskStkSize
 .rodata.OSCfg_TmrTaskPrio
                0x08003778        0x1 CMakeFiles/BLINKY.dir/Micrium/Software/uCOS-III/Source/os_cfg_app.c.obj
                0x08003778                OSCfg_TmrTaskPrio
 *fill*         0x08003779        0x3 
 .rodata.OSCfg_TmrTaskRate_Hz
                0x0800377c        0x4 CMakeFiles/BLINKY.dir/Micrium/Software/uCOS-III/Source/os_cfg_app.c.obj
                0x0800377c                OSCfg_TmrTaskRate_Hz
 .rodata.OSCfg_TmrTaskStkBasePtr
                0x08003780        0x4 CMakeFiles/BLINKY.dir/Micrium/Software/uCOS-III/Source/os_cfg_app.c.obj
                0x08003780                OSCfg_TmrTaskStkBasePtr
 .rodata.OSCfg_TmrTaskStkLimit
                0x08003784        0x4 CMakeFiles/BLINKY.dir/Micrium/Software/uCOS-III/Source/os_cfg_app.c.obj
                0x08003784                OSCfg_TmrTaskStkLimit
 .rodata.OSCfg_TmrTaskStkSize
                0x08003788        0x4 CMakeFiles/BLINKY.dir/Micrium/Software/uCOS-III/Source/os_cfg_app.c.obj
                0x08003788                OSCfg_TmrTaskStkSize
 .rodata.D1CorePrescTable
                0x0800378c       0x10 CMakeFiles/BLINKY.dir/ST/BSP/Startup/STM32H7xx/system_stm32h7xx.c.obj
                0x0800378c                D1CorePrescTable
 .rodata.main.str1.4
                0x0800379c        0xd CMakeFiles/BLINKY.dir/ST/STM32H743ZI_Nucleo/Blinky/OS3/main.c.obj
                0x080037ac                . = ALIGN (0x4)
 *fill*         0x080037a9        0x3 

.rel.dyn        0x080037ac        0x0
 .rel.iplt      0x080037ac        0x0 c:/progra~2/armgnu~1/112202~1.02/bin/../lib/gcc/arm-none-eabi/11.2.1/thumb/v7e-m+dp/hard/crtbegin.o

.ARM.extab
 *(.ARM.extab* .gnu.linkonce.armextab.*)

.ARM            0x080037ac        0x0
                0x080037ac                __exidx_start = .
 *(.ARM.exidx*)
                0x080037ac                __exidx_end = .

.preinit_array  0x080037ac        0x0
                0x080037ac                PROVIDE (__preinit_array_start = .)
 *(.preinit_array*)
                0x080037ac                PROVIDE (__preinit_array_end = .)

.init_array     0x080037ac        0x4
                0x080037ac                PROVIDE (__init_array_start = .)
 *(SORT_BY_NAME(.init_array.*))
 *(.init_array*)
 .init_array    0x080037ac        0x4 c:/progra~2/armgnu~1/112202~1.02/bin/../lib/gcc/arm-none-eabi/11.2.1/thumb/v7e-m+dp/hard/crtbegin.o
                0x080037b0                PROVIDE (__init_array_end = .)

.fini_array     0x080037b0        0x4
                [!provide]                PROVIDE (__fini_array_start = .)
 *(SORT_BY_NAME(.fini_array.*))
 *(.fini_array*)
 .fini_array    0x080037b0        0x4 c:/progra~2/armgnu~1/112202~1.02/bin/../lib/gcc/arm-none-eabi/11.2.1/thumb/v7e-m+dp/hard/crtbegin.o
                [!provide]                PROVIDE (__fini_array_end = .)
                0x080037b4                _sidata = LOADADDR (.data)

.data           0x20000000        0x8 load address 0x080037b4
                0x20000000                . = ALIGN (0x4)
                0x20000000                _sdata = .
 *(.data)
 *(.data*)
 .data.SystemCoreClock
                0x20000000        0x4 CMakeFiles/BLINKY.dir/ST/BSP/Startup/STM32H7xx/system_stm32h7xx.c.obj
                0x20000000                SystemCoreClock
 .data.SystemD2Clock
                0x20000004        0x4 CMakeFiles/BLINKY.dir/ST/BSP/Startup/STM32H7xx/system_stm32h7xx.c.obj
                0x20000004                SystemD2Clock
                0x20000008                . = ALIGN (0x4)
                0x20000008                _edata = .
                0x080037bc                _sisram_d1 = LOADADDR (.sram_d1)

.tm_clone_table
                0x20000008        0x0 load address 0x080037bc
 .tm_clone_table
                0x20000008        0x0 c:/progra~2/armgnu~1/112202~1.02/bin/../lib/gcc/arm-none-eabi/11.2.1/thumb/v7e-m+dp/hard/crtbegin.o
 .tm_clone_table
                0x20000008        0x0 c:/progra~2/armgnu~1/112202~1.02/bin/../lib/gcc/arm-none-eabi/11.2.1/thumb/v7e-m+dp/hard/crtend.o

.igot.plt       0x20000008        0x0 load address 0x080037bc
 .igot.plt      0x20000008        0x0 c:/progra~2/armgnu~1/112202~1.02/bin/../lib/gcc/arm-none-eabi/11.2.1/thumb/v7e-m+dp/hard/crtbegin.o

.sram_d1        0x24000000        0x0 load address 0x080037bc
                0x24000000                . = ALIGN (0x4)
                0x24000000                _ssram_d1 = .
 *(.sram_d1)
 *(.sram_d1*)
                0x24000000                . = ALIGN (0x4)
                0x24000000                _esram_d1 = .
                0x080037bc                _sisram_d2 = LOADADDR (.sram_d2)

.sram_d2        0x30000000        0x0 load address 0x080037bc
                0x30000000                . = ALIGN (0x4)
                0x30000000                _ssram_d2 = .
 *(.sram_d2)
 *(.sram_d2*)
                0x30000000                . = ALIGN (0x4)
                0x30000000                _esram_d2 = .
                0x080037bc                _sisram_d3 = LOADADDR (.sram_d3)

.sram_d3        0x38000000        0x0 load address 0x080037bc
                0x38000000                . = ALIGN (0x4)
                0x38000000                _ssram_d3 = .
 *(.sram_d3)
 *(.sram_d3*)
                0x38000000                . = ALIGN (0x4)
                0x38000000                _esram_d3 = .
                0x38000000                . = ALIGN (0x4)

.bss            0x20000400     0x1b48
                0x20000400                _sbss = .
                0x20000400                __bss_start__ = _sbss
 *(.bss)
 *(.bss*)
 .bss.completed.1
                0x20000400        0x1 c:/progra~2/armgnu~1/112202~1.02/bin/../lib/gcc/arm-none-eabi/11.2.1/thumb/v7e-m+dp/hard/crtbegin.o
 *fill*         0x20000401        0x3 
 .bss.object.0  0x20000404       0x18 c:/progra~2/armgnu~1/112202~1.02/bin/../lib/gcc/arm-none-eabi/11.2.1/thumb/v7e-m+dp/hard/crtbegin.o
 .bss.CPU_TS_TmrFreq_Hz
                0x2000041c        0x4 CMakeFiles/BLINKY.dir/Micrium/Software/uC-CPU/cpu_core.c.obj
                0x2000041c                CPU_TS_TmrFreq_Hz
 .bss.Mem_SegHeadPtr
                0x20000420        0x4 CMakeFiles/BLINKY.dir/Micrium/Software/uC-LIB/lib_mem.c.obj
                0x20000420                Mem_SegHeadPtr
 .bss.OSCfg_ISRStk
                0x20000424      0x400 CMakeFiles/BLINKY.dir/Micrium/Software/uCOS-III/Source/os_cfg_app.c.obj
                0x20000424                OSCfg_ISRStk
 .bss.OSCfg_IdleTaskStk
                0x20000824      0x100 CMakeFiles/BLINKY.dir/Micrium/Software/uCOS-III/Source/os_cfg_app.c.obj
                0x20000824                OSCfg_IdleTaskStk
 .bss.OSCfg_MsgPool
                0x20000924      0x180 CMakeFiles/BLINKY.dir/Micrium/Software/uCOS-III/Source/os_cfg_app.c.obj
                0x20000924                OSCfg_MsgPool
 .bss.OSCfg_StatTaskStk
                0x20000aa4      0x200 CMakeFiles/BLINKY.dir/Micrium/Software/uCOS-III/Source/os_cfg_app.c.obj
                0x20000aa4                OSCfg_StatTaskStk
 .bss.OSCfg_TickTaskStk
                0x20000ca4      0x200 CMakeFiles/BLINKY.dir/Micrium/Software/uCOS-III/Source/os_cfg_app.c.obj
                0x20000ca4                OSCfg_TickTaskStk
 .bss.OSCfg_TmrTaskStk
                0x20000ea4      0x200 CMakeFiles/BLINKY.dir/Micrium/Software/uCOS-III/Source/os_cfg_app.c.obj
                0x20000ea4                OSCfg_TmrTaskStk
 .bss.OSPrioTbl
                0x200010a4        0x8 CMakeFiles/BLINKY.dir/Micrium/Software/uCOS-III/Source/os_prio.c.obj
                0x200010a4                OSPrioTbl
 .bss.OSIdleTaskTCB
                0x200010ac       0xac CMakeFiles/BLINKY.dir/Micrium/Software/uCOS-III/Source/os_var.c.obj
                0x200010ac                OSIdleTaskTCB
 .bss.OSInitialized
                0x20001158        0x1 CMakeFiles/BLINKY.dir/Micrium/Software/uCOS-III/Source/os_var.c.obj
                0x20001158                OSInitialized
 .bss.OSIntNestingCtr
                0x20001159        0x1 CMakeFiles/BLINKY.dir/Micrium/Software/uCOS-III/Source/os_var.c.obj
                0x20001159                OSIntNestingCtr
 *fill*         0x2000115a        0x2 
 .bss.OSMsgPool
                0x2000115c        0x8 CMakeFiles/BLINKY.dir/Micrium/Software/uCOS-III/Source/os_var.c.obj
                0x2000115c                OSMsgPool
 .bss.OSPrioCur
                0x20001164        0x1 CMakeFiles/BLINKY.dir/Micrium/Software/uCOS-III/Source/os_var.c.obj
                0x20001164                OSPrioCur
 .bss.OSPrioHighRdy
                0x20001165        0x1 CMakeFiles/BLINKY.dir/Micrium/Software/uCOS-III/Source/os_var.c.obj
                0x20001165                OSPrioHighRdy
 *fill*         0x20001166        0x2 
 .bss.OSRdyList
                0x20001168      0x200 CMakeFiles/BLINKY.dir/Micrium/Software/uCOS-III/Source/os_var.c.obj
                0x20001168                OSRdyList
 .bss.OSRunning
                0x20001368        0x1 CMakeFiles/BLINKY.dir/Micrium/Software/uCOS-III/Source/os_var.c.obj
                0x20001368                OSRunning
 .bss.OSSchedLockNestingCtr
                0x20001369        0x1 CMakeFiles/BLINKY.dir/Micrium/Software/uCOS-III/Source/os_var.c.obj
                0x20001369                OSSchedLockNestingCtr
 *fill*         0x2000136a        0x2 
 .bss.OSSchedRoundRobinDfltTimeQuanta
                0x2000136c        0x4 CMakeFiles/BLINKY.dir/Micrium/Software/uCOS-III/Source/os_var.c.obj
                0x2000136c                OSSchedRoundRobinDfltTimeQuanta
 .bss.OSSchedRoundRobinEn
                0x20001370        0x1 CMakeFiles/BLINKY.dir/Micrium/Software/uCOS-III/Source/os_var.c.obj
                0x20001370                OSSchedRoundRobinEn
 .bss.OSStatResetFlag
                0x20001371        0x1 CMakeFiles/BLINKY.dir/Micrium/Software/uCOS-III/Source/os_var.c.obj
                0x20001371                OSStatResetFlag
 .bss.OSStatTaskCPUUsage
                0x20001372        0x2 CMakeFiles/BLINKY.dir/Micrium/Software/uCOS-III/Source/os_var.c.obj
                0x20001372                OSStatTaskCPUUsage
 .bss.OSStatTaskCPUUsageMax
                0x20001374        0x2 CMakeFiles/BLINKY.dir/Micrium/Software/uCOS-III/Source/os_var.c.obj
                0x20001374                OSStatTaskCPUUsageMax
 *fill*         0x20001376        0x2 
 .bss.OSStatTaskCtr
                0x20001378        0x4 CMakeFiles/BLINKY.dir/Micrium/Software/uCOS-III/Source/os_var.c.obj
                0x20001378                OSStatTaskCtr
 .bss.OSStatTaskCtrMax
                0x2000137c        0x4 CMakeFiles/BLINKY.dir/Micrium/Software/uCOS-III/Source/os_var.c.obj
                0x2000137c                OSStatTaskCtrMax
 .bss.OSStatTaskCtrRun
                0x20001380        0x4 CMakeFiles/BLINKY.dir/Micrium/Software/uCOS-III/Source/os_var.c.obj
                0x20001380                OSStatTaskCtrRun
 .bss.OSStatTaskRdy
                0x20001384        0x1 CMakeFiles/BLINKY.dir/Micrium/Software/uCOS-III/Source/os_var.c.obj
                0x20001384                OSStatTaskRdy
 *fill*         0x20001385        0x3 
 .bss.OSStatTaskTCB
                0x20001388       0xac CMakeFiles/BLINKY.dir/Micrium/Software/uCOS-III/Source/os_var.c.obj
                0x20001388                OSStatTaskTCB
 .bss.OSTCBCurPtr
                0x20001434        0x4 CMakeFiles/BLINKY.dir/Micrium/Software/uCOS-III/Source/os_var.c.obj
                0x20001434                OSTCBCurPtr
 .bss.OSTCBHighRdyPtr
                0x20001438        0x4 CMakeFiles/BLINKY.dir/Micrium/Software/uCOS-III/Source/os_var.c.obj
                0x20001438                OSTCBHighRdyPtr
 .bss.OSTaskCtxSwCtr
                0x2000143c        0x4 CMakeFiles/BLINKY.dir/Micrium/Software/uCOS-III/Source/os_var.c.obj
                0x2000143c                OSTaskCtxSwCtr
 .bss.OSTaskQty
                0x20001440        0x2 CMakeFiles/BLINKY.dir/Micrium/Software/uCOS-III/Source/os_var.c.obj
                0x20001440                OSTaskQty
 .bss.OSTaskRegNextAvailID
                0x20001442        0x1 CMakeFiles/BLINKY.dir/Micrium/Software/uCOS-III/Source/os_var.c.obj
                0x20001442                OSTaskRegNextAvailID
 *fill*         0x20001443        0x1 
 .bss.OSTickCtr
                0x20001444        0x4 CMakeFiles/BLINKY.dir/Micrium/Software/uCOS-III/Source/os_var.c.obj
                0x20001444                OSTickCtr
 .bss.OSTickListDly
                0x20001448        0x4 CMakeFiles/BLINKY.dir/Micrium/Software/uCOS-III/Source/os_var.c.obj
                0x20001448                OSTickListDly
 .bss.OSTickListTimeout
                0x2000144c        0x4 CMakeFiles/BLINKY.dir/Micrium/Software/uCOS-III/Source/os_var.c.obj
                0x2000144c                OSTickListTimeout
 .bss.OSTickTaskTCB
                0x20001450       0xac CMakeFiles/BLINKY.dir/Micrium/Software/uCOS-III/Source/os_var.c.obj
                0x20001450                OSTickTaskTCB
 .bss.OSTmrListPtr
                0x200014fc        0x4 CMakeFiles/BLINKY.dir/Micrium/Software/uCOS-III/Source/os_var.c.obj
                0x200014fc                OSTmrListPtr
 .bss.OSTmrMutex
                0x20001500       0x18 CMakeFiles/BLINKY.dir/Micrium/Software/uCOS-III/Source/os_var.c.obj
                0x20001500                OSTmrMutex
 .bss.OSTmrTaskTCB
                0x20001518       0xac CMakeFiles/BLINKY.dir/Micrium/Software/uCOS-III/Source/os_var.c.obj
                0x20001518                OSTmrTaskTCB
 .bss.OSTmrTickCtr
                0x200015c4        0x4 CMakeFiles/BLINKY.dir/Micrium/Software/uCOS-III/Source/os_var.c.obj
                0x200015c4                OSTmrTickCtr
 .bss.OSTmrUpdateCnt
                0x200015c8        0x4 CMakeFiles/BLINKY.dir/Micrium/Software/uCOS-III/Source/os_var.c.obj
                0x200015c8                OSTmrUpdateCnt
 .bss.OSTmrUpdateCtr
                0x200015cc        0x4 CMakeFiles/BLINKY.dir/Micrium/Software/uCOS-III/Source/os_var.c.obj
                0x200015cc                OSTmrUpdateCtr
 .bss.OS_AppIdleTaskHookPtr
                0x200015d0        0x4 CMakeFiles/BLINKY.dir/Micrium/Software/uCOS-III/Source/os_var.c.obj
                0x200015d0                OS_AppIdleTaskHookPtr
 .bss.OS_AppStatTaskHookPtr
                0x200015d4        0x4 CMakeFiles/BLINKY.dir/Micrium/Software/uCOS-III/Source/os_var.c.obj
                0x200015d4                OS_AppStatTaskHookPtr
 .bss.OS_AppTaskCreateHookPtr
                0x200015d8        0x4 CMakeFiles/BLINKY.dir/Micrium/Software/uCOS-III/Source/os_var.c.obj
                0x200015d8                OS_AppTaskCreateHookPtr
 .bss.OS_AppTaskDelHookPtr
                0x200015dc        0x4 CMakeFiles/BLINKY.dir/Micrium/Software/uCOS-III/Source/os_var.c.obj
                0x200015dc                OS_AppTaskDelHookPtr
 .bss.OS_AppTaskReturnHookPtr
                0x200015e0        0x4 CMakeFiles/BLINKY.dir/Micrium/Software/uCOS-III/Source/os_var.c.obj
                0x200015e0                OS_AppTaskReturnHookPtr
 .bss.OS_AppTaskSwHookPtr
                0x200015e4        0x4 CMakeFiles/BLINKY.dir/Micrium/Software/uCOS-III/Source/os_var.c.obj
                0x200015e4                OS_AppTaskSwHookPtr
 .bss.OS_AppTimeTickHookPtr
                0x200015e8        0x4 CMakeFiles/BLINKY.dir/Micrium/Software/uCOS-III/Source/os_var.c.obj
                0x200015e8                OS_AppTimeTickHookPtr
 .bss.OS_CPU_ExceptStkBase
                0x200015ec        0x4 CMakeFiles/BLINKY.dir/Micrium/Software/uCOS-III/Ports/ARM-Cortex-M/ARMv7-M/GNU/os_cpu_c.c.obj
                0x200015ec                OS_CPU_ExceptStkBase
 *fill*         0x200015f0      0x210 
 .bss.VectorTbl_RAM
                0x20001800      0x298 CMakeFiles/BLINKY.dir/ST/BSP/Interrupts/bsp_int_armv7m.c.obj
                0x20001800                VectorTbl_RAM
 .bss.uwTick    0x20001a98        0x4 CMakeFiles/BLINKY.dir/ST/BSP/SDK/STM32CubeH7/Drivers/STM32H7xx_HAL_Driver/Src/stm32h7xx_hal.c.obj
 .bss.StartupTaskStk
                0x20001a9c      0x400 CMakeFiles/BLINKY.dir/ST/STM32H743ZI_Nucleo/Blinky/OS3/main.c.obj
 .bss.StartupTaskTCB
                0x20001e9c       0xac CMakeFiles/BLINKY.dir/ST/STM32H743ZI_Nucleo/Blinky/OS3/main.c.obj
 *(COMMON)
                0x20001f48                . = ALIGN (0x4)
                0x20001f48                _ebss = .
                0x20001f48                __bss_end__ = _ebss

._user_heap_stack
                0x20001f48      0x800
                0x20001f48                . = ALIGN (0x4)
                [!provide]                PROVIDE (end = .)
                [!provide]                PROVIDE (_end = .)
                0x20001f48                . = (. + _Min_Heap_Size)
                0x20002748                . = (. + _Min_Stack_Size)
 *fill*         0x20001f48      0x800 
                0x20002748                . = ALIGN (0x4)

.memory_b1_text
 *(.mb1text)
 *(.mb1text*)
 *(.mb1rodata)
 *(.mb1rodata*)

/DISCARD/
 libc.a(*)
 libm.a(*)
 libgcc.a(*)

.ARM.attributes
                0x00000000       0x2e
 *(.ARM.attributes)
 .ARM.attributes
                0x00000000       0x1e c:/progra~2/armgnu~1/112202~1.02/bin/../lib/gcc/arm-none-eabi/11.2.1/thumb/v7e-m+dp/hard/crti.o
 .ARM.attributes
                0x0000001e       0x32 c:/progra~2/armgnu~1/112202~1.02/bin/../lib/gcc/arm-none-eabi/11.2.1/thumb/v7e-m+dp/hard/crtbegin.o
 .ARM.attributes
                0x00000050       0x32 c:/progra~2/armgnu~1/112202~1.02/bin/../lib/gcc/arm-none-eabi/11.2.1/thumb/v7e-m+dp/hard\libc.a(lib_a-init.o)
 .ARM.attributes
                0x00000082       0x21 CMakeFiles/BLINKY.dir/ST/BSP/Startup/STM32H7xx/GCC/startup_stm32h743xx.s.obj
 .ARM.attributes
                0x000000a3       0x1e CMakeFiles/BLINKY.dir/Micrium/Software/uCOS-III/Ports/ARM-Cortex-M/ARMv7-M/GNU/os_cpu_a.s.obj
 .ARM.attributes
                0x000000c1       0x1e CMakeFiles/BLINKY.dir/Micrium/Software/uC-CPU/ARM-Cortex-M4/GNU/cpu_a.s.obj
 .ARM.attributes
                0x000000df       0x32 CMakeFiles/BLINKY.dir/Micrium/Software/uC-CPU/cpu_core.c.obj
 .ARM.attributes
                0x00000111       0x32 CMakeFiles/BLINKY.dir/Micrium/Software/uC-LIB/lib_mem.c.obj
 .ARM.attributes
                0x00000143       0x32 CMakeFiles/BLINKY.dir/Micrium/Software/uCOS-III/Source/os_cfg_app.c.obj
 .ARM.attributes
                0x00000175       0x32 CMakeFiles/BLINKY.dir/Micrium/Software/uCOS-III/Source/os_core.c.obj
 .ARM.attributes
                0x000001a7       0x32 CMakeFiles/BLINKY.dir/Micrium/Software/uCOS-III/Source/os_mem.c.obj
 .ARM.attributes
                0x000001d9       0x32 CMakeFiles/BLINKY.dir/Micrium/Software/uCOS-III/Source/os_msg.c.obj
 .ARM.attributes
                0x0000020b       0x32 CMakeFiles/BLINKY.dir/Micrium/Software/uCOS-III/Source/os_mutex.c.obj
 .ARM.attributes
                0x0000023d       0x32 CMakeFiles/BLINKY.dir/Micrium/Software/uCOS-III/Source/os_prio.c.obj
 .ARM.attributes
                0x0000026f       0x32 CMakeFiles/BLINKY.dir/Micrium/Software/uCOS-III/Source/os_stat.c.obj
 .ARM.attributes
                0x000002a1       0x32 CMakeFiles/BLINKY.dir/Micrium/Software/uCOS-III/Source/os_task.c.obj
 .ARM.attributes
                0x000002d3       0x32 CMakeFiles/BLINKY.dir/Micrium/Software/uCOS-III/Source/os_tick.c.obj
 .ARM.attributes
                0x00000305       0x32 CMakeFiles/BLINKY.dir/Micrium/Software/uCOS-III/Source/os_time.c.obj
 .ARM.attributes
                0x00000337       0x32 CMakeFiles/BLINKY.dir/Micrium/Software/uCOS-III/Source/os_tmr.c.obj
 .ARM.attributes
                0x00000369       0x32 CMakeFiles/BLINKY.dir/Micrium/Software/uCOS-III/Source/os_var.c.obj
 .ARM.attributes
                0x0000039b       0x32 CMakeFiles/BLINKY.dir/Micrium/Software/uCOS-III/Ports/ARM-Cortex-M/ARMv7-M/GNU/os_cpu_c.c.obj
 .ARM.attributes
                0x000003cd       0x32 CMakeFiles/BLINKY.dir/ST/BSP/Interrupts/bsp_int_armv7m.c.obj
 .ARM.attributes
                0x000003ff       0x32 CMakeFiles/BLINKY.dir/ST/BSP/Startup/STM32H7xx/system_stm32h7xx.c.obj
 .ARM.attributes
                0x00000431       0x32 CMakeFiles/BLINKY.dir/ST/BSP/STM32H743ZI_Nucleo/bsp_clk.c.obj
 .ARM.attributes
                0x00000463       0x32 CMakeFiles/BLINKY.dir/ST/BSP/STM32H743ZI_Nucleo/bsp_cpu.c.obj
 .ARM.attributes
                0x00000495       0x32 CMakeFiles/BLINKY.dir/ST/BSP/STM32H743ZI_Nucleo/bsp_led.c.obj
 .ARM.attributes
                0x000004c7       0x32 CMakeFiles/BLINKY.dir/ST/BSP/STM32H743ZI_Nucleo/bsp_os.c.obj
 .ARM.attributes
                0x000004f9       0x32 CMakeFiles/BLINKY.dir/ST/BSP/SDK/STM32CubeH7/Drivers/STM32H7xx_HAL_Driver/Src/stm32h7xx_hal_gpio.c.obj
 .ARM.attributes
                0x0000052b       0x32 CMakeFiles/BLINKY.dir/ST/BSP/SDK/STM32CubeH7/Drivers/STM32H7xx_HAL_Driver/Src/stm32h7xx_hal.c.obj
 .ARM.attributes
                0x0000055d       0x32 CMakeFiles/BLINKY.dir/ST/BSP/SDK/STM32CubeH7/Drivers/STM32H7xx_HAL_Driver/Src/stm32h7xx_hal_rcc.c.obj
 .ARM.attributes
                0x0000058f       0x32 CMakeFiles/BLINKY.dir/ST/BSP/SDK/STM32CubeH7/Drivers/STM32H7xx_HAL_Driver/Src/stm32h7xx_hal_cortex.c.obj
 .ARM.attributes
                0x000005c1       0x32 CMakeFiles/BLINKY.dir/ST/BSP/SDK/STM32CubeH7/Drivers/STM32H7xx_HAL_Driver/Src/stm32h7xx_hal_rcc_ex.c.obj
 .ARM.attributes
                0x000005f3       0x32 CMakeFiles/BLINKY.dir/ST/STM32H743ZI_Nucleo/Blinky/OS3/main.c.obj
 .ARM.attributes
                0x00000625       0x32 CMakeFiles/BLINKY.dir/ST/STM32H743ZI_Nucleo/Blinky/OS3/os_app_hooks.c.obj
 .ARM.attributes
                0x00000657       0x32 c:/progra~2/armgnu~1/112202~1.02/bin/../lib/gcc/arm-none-eabi/11.2.1/thumb/v7e-m+dp/hard/crtend.o
 .ARM.attributes
                0x00000689       0x1e c:/progra~2/armgnu~1/112202~1.02/bin/../lib/gcc/arm-none-eabi/11.2.1/thumb/v7e-m+dp/hard/crtn.o
OUTPUT(BLINKY.elf elf32-littlearm)
LOAD linker stubs
LOAD c:/progra~2/armgnu~1/112202~1.02/bin/../lib/gcc/arm-none-eabi/11.2.1/thumb/v7e-m+dp/hard\libc.a
LOAD c:/progra~2/armgnu~1/112202~1.02/bin/../lib/gcc/arm-none-eabi/11.2.1/thumb/v7e-m+dp/hard\libm.a
LOAD c:/progra~2/armgnu~1/112202~1.02/bin/../lib/gcc/arm-none-eabi/11.2.1/thumb/v7e-m+dp/hard\libgcc.a

.comment        0x00000000       0x57
 .comment       0x00000000       0x57 c:/progra~2/armgnu~1/112202~1.02/bin/../lib/gcc/arm-none-eabi/11.2.1/thumb/v7e-m+dp/hard/crtbegin.o
                                 0x58 (size before relaxing)
 .comment       0x00000057       0x58 c:/progra~2/armgnu~1/112202~1.02/bin/../lib/gcc/arm-none-eabi/11.2.1/thumb/v7e-m+dp/hard\libc.a(lib_a-init.o)
 .comment       0x00000057       0x58 CMakeFiles/BLINKY.dir/Micrium/Software/uC-CPU/cpu_core.c.obj
 .comment       0x00000057       0x58 CMakeFiles/BLINKY.dir/Micrium/Software/uC-LIB/lib_mem.c.obj
 .comment       0x00000057       0x58 CMakeFiles/BLINKY.dir/Micrium/Software/uCOS-III/Source/os_cfg_app.c.obj
 .comment       0x00000057       0x58 CMakeFiles/BLINKY.dir/Micrium/Software/uCOS-III/Source/os_core.c.obj
 .comment       0x00000057       0x58 CMakeFiles/BLINKY.dir/Micrium/Software/uCOS-III/Source/os_mem.c.obj
 .comment       0x00000057       0x58 CMakeFiles/BLINKY.dir/Micrium/Software/uCOS-III/Source/os_msg.c.obj
 .comment       0x00000057       0x58 CMakeFiles/BLINKY.dir/Micrium/Software/uCOS-III/Source/os_mutex.c.obj
 .comment       0x00000057       0x58 CMakeFiles/BLINKY.dir/Micrium/Software/uCOS-III/Source/os_prio.c.obj
 .comment       0x00000057       0x58 CMakeFiles/BLINKY.dir/Micrium/Software/uCOS-III/Source/os_stat.c.obj
 .comment       0x00000057       0x58 CMakeFiles/BLINKY.dir/Micrium/Software/uCOS-III/Source/os_task.c.obj
 .comment       0x00000057       0x58 CMakeFiles/BLINKY.dir/Micrium/Software/uCOS-III/Source/os_tick.c.obj
 .comment       0x00000057       0x58 CMakeFiles/BLINKY.dir/Micrium/Software/uCOS-III/Source/os_time.c.obj
 .comment       0x00000057       0x58 CMakeFiles/BLINKY.dir/Micrium/Software/uCOS-III/Source/os_tmr.c.obj
 .comment       0x00000057       0x58 CMakeFiles/BLINKY.dir/Micrium/Software/uCOS-III/Source/os_var.c.obj
 .comment       0x00000057       0x58 CMakeFiles/BLINKY.dir/Micrium/Software/uCOS-III/Ports/ARM-Cortex-M/ARMv7-M/GNU/os_cpu_c.c.obj
 .comment       0x00000057       0x58 CMakeFiles/BLINKY.dir/ST/BSP/Interrupts/bsp_int_armv7m.c.obj
 .comment       0x00000057       0x58 CMakeFiles/BLINKY.dir/ST/BSP/Startup/STM32H7xx/system_stm32h7xx.c.obj
 .comment       0x00000057       0x58 CMakeFiles/BLINKY.dir/ST/BSP/STM32H743ZI_Nucleo/bsp_clk.c.obj
 .comment       0x00000057       0x58 CMakeFiles/BLINKY.dir/ST/BSP/STM32H743ZI_Nucleo/bsp_cpu.c.obj
 .comment       0x00000057       0x58 CMakeFiles/BLINKY.dir/ST/BSP/STM32H743ZI_Nucleo/bsp_led.c.obj
 .comment       0x00000057       0x58 CMakeFiles/BLINKY.dir/ST/BSP/STM32H743ZI_Nucleo/bsp_os.c.obj
 .comment       0x00000057       0x58 CMakeFiles/BLINKY.dir/ST/BSP/SDK/STM32CubeH7/Drivers/STM32H7xx_HAL_Driver/Src/stm32h7xx_hal_gpio.c.obj
 .comment       0x00000057       0x58 CMakeFiles/BLINKY.dir/ST/BSP/SDK/STM32CubeH7/Drivers/STM32H7xx_HAL_Driver/Src/stm32h7xx_hal.c.obj
 .comment       0x00000057       0x58 CMakeFiles/BLINKY.dir/ST/BSP/SDK/STM32CubeH7/Drivers/STM32H7xx_HAL_Driver/Src/stm32h7xx_hal_rcc.c.obj
 .comment       0x00000057       0x58 CMakeFiles/BLINKY.dir/ST/BSP/SDK/STM32CubeH7/Drivers/STM32H7xx_HAL_Driver/Src/stm32h7xx_hal_cortex.c.obj
 .comment       0x00000057       0x58 CMakeFiles/BLINKY.dir/ST/BSP/SDK/STM32CubeH7/Drivers/STM32H7xx_HAL_Driver/Src/stm32h7xx_hal_rcc_ex.c.obj
 .comment       0x00000057       0x58 CMakeFiles/BLINKY.dir/ST/STM32H743ZI_Nucleo/Blinky/OS3/main.c.obj
 .comment       0x00000057       0x58 CMakeFiles/BLINKY.dir/ST/STM32H743ZI_Nucleo/Blinky/OS3/os_app_hooks.c.obj
 .comment       0x00000057       0x58 c:/progra~2/armgnu~1/112202~1.02/bin/../lib/gcc/arm-none-eabi/11.2.1/thumb/v7e-m+dp/hard/crtend.o

.debug_info     0x00000000    0x17325
 .debug_info    0x00000000      0x10b c:/progra~2/armgnu~1/112202~1.02/bin/../lib/gcc/arm-none-eabi/11.2.1/thumb/v7e-m+dp/hard\libc.a(lib_a-init.o)
 .debug_info    0x0000010b       0x23 CMakeFiles/BLINKY.dir/ST/BSP/Startup/STM32H7xx/GCC/startup_stm32h743xx.s.obj
 .debug_info    0x0000012e       0x25 CMakeFiles/BLINKY.dir/Micrium/Software/uCOS-III/Ports/ARM-Cortex-M/ARMv7-M/GNU/os_cpu_a.s.obj
 .debug_info    0x00000153       0x24 CMakeFiles/BLINKY.dir/Micrium/Software/uC-CPU/ARM-Cortex-M4/GNU/cpu_a.s.obj
 .debug_info    0x00000177      0x5d5 CMakeFiles/BLINKY.dir/Micrium/Software/uC-CPU/cpu_core.c.obj
 .debug_info    0x0000074c     0x1436 CMakeFiles/BLINKY.dir/Micrium/Software/uC-LIB/lib_mem.c.obj
 .debug_info    0x00001b82      0x529 CMakeFiles/BLINKY.dir/Micrium/Software/uCOS-III/Source/os_cfg_app.c.obj
 .debug_info    0x000020ab     0x1994 CMakeFiles/BLINKY.dir/Micrium/Software/uCOS-III/Source/os_core.c.obj
 .debug_info    0x00003a3f      0x88c CMakeFiles/BLINKY.dir/Micrium/Software/uCOS-III/Source/os_mem.c.obj
 .debug_info    0x000042cb      0x89d CMakeFiles/BLINKY.dir/Micrium/Software/uCOS-III/Source/os_msg.c.obj
 .debug_info    0x00004b68     0x1472 CMakeFiles/BLINKY.dir/Micrium/Software/uCOS-III/Source/os_mutex.c.obj
 .debug_info    0x00005fda      0x217 CMakeFiles/BLINKY.dir/Micrium/Software/uCOS-III/Source/os_prio.c.obj
 .debug_info    0x000061f1      0xed1 CMakeFiles/BLINKY.dir/Micrium/Software/uCOS-III/Source/os_stat.c.obj
 .debug_info    0x000070c2     0x20c8 CMakeFiles/BLINKY.dir/Micrium/Software/uCOS-III/Source/os_task.c.obj
 .debug_info    0x0000918a      0xf8a CMakeFiles/BLINKY.dir/Micrium/Software/uCOS-III/Source/os_tick.c.obj
 .debug_info    0x0000a114     0x1016 CMakeFiles/BLINKY.dir/Micrium/Software/uCOS-III/Source/os_time.c.obj
 .debug_info    0x0000b12a     0x13bc CMakeFiles/BLINKY.dir/Micrium/Software/uCOS-III/Source/os_tmr.c.obj
 .debug_info    0x0000c4e6      0x9a0 CMakeFiles/BLINKY.dir/Micrium/Software/uCOS-III/Source/os_var.c.obj
 .debug_info    0x0000ce86      0x9b0 CMakeFiles/BLINKY.dir/Micrium/Software/uCOS-III/Ports/ARM-Cortex-M/ARMv7-M/GNU/os_cpu_c.c.obj
 .debug_info    0x0000d836      0x606 CMakeFiles/BLINKY.dir/ST/BSP/Interrupts/bsp_int_armv7m.c.obj
 .debug_info    0x0000de3c      0x999 CMakeFiles/BLINKY.dir/ST/BSP/Startup/STM32H7xx/system_stm32h7xx.c.obj
 .debug_info    0x0000e7d5      0x8fc CMakeFiles/BLINKY.dir/ST/BSP/STM32H743ZI_Nucleo/bsp_clk.c.obj
 .debug_info    0x0000f0d1      0x226 CMakeFiles/BLINKY.dir/ST/BSP/STM32H743ZI_Nucleo/bsp_cpu.c.obj
 .debug_info    0x0000f2f7      0x697 CMakeFiles/BLINKY.dir/ST/BSP/STM32H743ZI_Nucleo/bsp_led.c.obj
 .debug_info    0x0000f98e      0x252 CMakeFiles/BLINKY.dir/ST/BSP/STM32H743ZI_Nucleo/bsp_os.c.obj
 .debug_info    0x0000fbe0      0xc12 CMakeFiles/BLINKY.dir/ST/BSP/SDK/STM32CubeH7/Drivers/STM32H7xx_HAL_Driver/Src/stm32h7xx_hal_gpio.c.obj
 .debug_info    0x000107f2     0x1553 CMakeFiles/BLINKY.dir/ST/BSP/SDK/STM32CubeH7/Drivers/STM32H7xx_HAL_Driver/Src/stm32h7xx_hal.c.obj
 .debug_info    0x00011d45     0x13b3 CMakeFiles/BLINKY.dir/ST/BSP/SDK/STM32CubeH7/Drivers/STM32H7xx_HAL_Driver/Src/stm32h7xx_hal_rcc.c.obj
 .debug_info    0x000130f8     0x1230 CMakeFiles/BLINKY.dir/ST/BSP/SDK/STM32CubeH7/Drivers/STM32H7xx_HAL_Driver/Src/stm32h7xx_hal_cortex.c.obj
 .debug_info    0x00014328     0x19a1 CMakeFiles/BLINKY.dir/ST/BSP/SDK/STM32CubeH7/Drivers/STM32H7xx_HAL_Driver/Src/stm32h7xx_hal_rcc_ex.c.obj
 .debug_info    0x00015cc9      0xf2a CMakeFiles/BLINKY.dir/ST/STM32H743ZI_Nucleo/Blinky/OS3/main.c.obj
 .debug_info    0x00016bf3      0x732 CMakeFiles/BLINKY.dir/ST/STM32H743ZI_Nucleo/Blinky/OS3/os_app_hooks.c.obj

.debug_abbrev   0x00000000     0x3b84
 .debug_abbrev  0x00000000       0xc9 c:/progra~2/armgnu~1/112202~1.02/bin/../lib/gcc/arm-none-eabi/11.2.1/thumb/v7e-m+dp/hard\libc.a(lib_a-init.o)
 .debug_abbrev  0x000000c9       0x12 CMakeFiles/BLINKY.dir/ST/BSP/Startup/STM32H7xx/GCC/startup_stm32h743xx.s.obj
 .debug_abbrev  0x000000db       0x14 CMakeFiles/BLINKY.dir/Micrium/Software/uCOS-III/Ports/ARM-Cortex-M/ARMv7-M/GNU/os_cpu_a.s.obj
 .debug_abbrev  0x000000ef       0x14 CMakeFiles/BLINKY.dir/Micrium/Software/uC-CPU/ARM-Cortex-M4/GNU/cpu_a.s.obj
 .debug_abbrev  0x00000103      0x222 CMakeFiles/BLINKY.dir/Micrium/Software/uC-CPU/cpu_core.c.obj
 .debug_abbrev  0x00000325      0x214 CMakeFiles/BLINKY.dir/Micrium/Software/uC-LIB/lib_mem.c.obj
 .debug_abbrev  0x00000539       0xd5 CMakeFiles/BLINKY.dir/Micrium/Software/uCOS-III/Source/os_cfg_app.c.obj
 .debug_abbrev  0x0000060e      0x282 CMakeFiles/BLINKY.dir/Micrium/Software/uCOS-III/Source/os_core.c.obj
 .debug_abbrev  0x00000890      0x1c1 CMakeFiles/BLINKY.dir/Micrium/Software/uCOS-III/Source/os_mem.c.obj
 .debug_abbrev  0x00000a51      0x1d8 CMakeFiles/BLINKY.dir/Micrium/Software/uCOS-III/Source/os_msg.c.obj
 .debug_abbrev  0x00000c29      0x27f CMakeFiles/BLINKY.dir/Micrium/Software/uCOS-III/Source/os_mutex.c.obj
 .debug_abbrev  0x00000ea8      0x133 CMakeFiles/BLINKY.dir/Micrium/Software/uCOS-III/Source/os_prio.c.obj
 .debug_abbrev  0x00000fdb      0x248 CMakeFiles/BLINKY.dir/Micrium/Software/uCOS-III/Source/os_stat.c.obj
 .debug_abbrev  0x00001223      0x2ba CMakeFiles/BLINKY.dir/Micrium/Software/uCOS-III/Source/os_task.c.obj
 .debug_abbrev  0x000014dd      0x28b CMakeFiles/BLINKY.dir/Micrium/Software/uCOS-III/Source/os_tick.c.obj
 .debug_abbrev  0x00001768      0x250 CMakeFiles/BLINKY.dir/Micrium/Software/uCOS-III/Source/os_time.c.obj
 .debug_abbrev  0x000019b8      0x283 CMakeFiles/BLINKY.dir/Micrium/Software/uCOS-III/Source/os_tmr.c.obj
 .debug_abbrev  0x00001c3b       0xcf CMakeFiles/BLINKY.dir/Micrium/Software/uCOS-III/Source/os_var.c.obj
 .debug_abbrev  0x00001d0a      0x298 CMakeFiles/BLINKY.dir/Micrium/Software/uCOS-III/Ports/ARM-Cortex-M/ARMv7-M/GNU/os_cpu_c.c.obj
 .debug_abbrev  0x00001fa2      0x140 CMakeFiles/BLINKY.dir/ST/BSP/Interrupts/bsp_int_armv7m.c.obj
 .debug_abbrev  0x000020e2      0x18e CMakeFiles/BLINKY.dir/ST/BSP/Startup/STM32H7xx/system_stm32h7xx.c.obj
 .debug_abbrev  0x00002270      0x27b CMakeFiles/BLINKY.dir/ST/BSP/STM32H743ZI_Nucleo/bsp_clk.c.obj
 .debug_abbrev  0x000024eb      0x146 CMakeFiles/BLINKY.dir/ST/BSP/STM32H743ZI_Nucleo/bsp_cpu.c.obj
 .debug_abbrev  0x00002631      0x1b2 CMakeFiles/BLINKY.dir/ST/BSP/STM32H743ZI_Nucleo/bsp_led.c.obj
 .debug_abbrev  0x000027e3      0x17f CMakeFiles/BLINKY.dir/ST/BSP/STM32H743ZI_Nucleo/bsp_os.c.obj
 .debug_abbrev  0x00002962      0x246 CMakeFiles/BLINKY.dir/ST/BSP/SDK/STM32CubeH7/Drivers/STM32H7xx_HAL_Driver/Src/stm32h7xx_hal_gpio.c.obj
 .debug_abbrev  0x00002ba8      0x2da CMakeFiles/BLINKY.dir/ST/BSP/SDK/STM32CubeH7/Drivers/STM32H7xx_HAL_Driver/Src/stm32h7xx_hal.c.obj
 .debug_abbrev  0x00002e82      0x2fd CMakeFiles/BLINKY.dir/ST/BSP/SDK/STM32CubeH7/Drivers/STM32H7xx_HAL_Driver/Src/stm32h7xx_hal_rcc.c.obj
 .debug_abbrev  0x0000317f      0x37e CMakeFiles/BLINKY.dir/ST/BSP/SDK/STM32CubeH7/Drivers/STM32H7xx_HAL_Driver/Src/stm32h7xx_hal_cortex.c.obj
 .debug_abbrev  0x000034fd      0x30b CMakeFiles/BLINKY.dir/ST/BSP/SDK/STM32CubeH7/Drivers/STM32H7xx_HAL_Driver/Src/stm32h7xx_hal_rcc_ex.c.obj
 .debug_abbrev  0x00003808      0x1e8 CMakeFiles/BLINKY.dir/ST/STM32H743ZI_Nucleo/Blinky/OS3/main.c.obj
 .debug_abbrev  0x000039f0      0x194 CMakeFiles/BLINKY.dir/ST/STM32H743ZI_Nucleo/Blinky/OS3/os_app_hooks.c.obj

.debug_loclists
                0x00000000     0x77fc
 .debug_loclists
                0x00000000       0x7a c:/progra~2/armgnu~1/112202~1.02/bin/../lib/gcc/arm-none-eabi/11.2.1/thumb/v7e-m+dp/hard\libc.a(lib_a-init.o)
 .debug_loclists
                0x0000007a      0x474 CMakeFiles/BLINKY.dir/Micrium/Software/uC-CPU/cpu_core.c.obj
 .debug_loclists
                0x000004ee     0x1286 CMakeFiles/BLINKY.dir/Micrium/Software/uC-LIB/lib_mem.c.obj
 .debug_loclists
                0x00001774      0x75b CMakeFiles/BLINKY.dir/Micrium/Software/uCOS-III/Source/os_core.c.obj
 .debug_loclists
                0x00001ecf      0x2c7 CMakeFiles/BLINKY.dir/Micrium/Software/uCOS-III/Source/os_mem.c.obj
 .debug_loclists
                0x00002196      0x20e CMakeFiles/BLINKY.dir/Micrium/Software/uCOS-III/Source/os_msg.c.obj
 .debug_loclists
                0x000023a4      0x649 CMakeFiles/BLINKY.dir/Micrium/Software/uCOS-III/Source/os_mutex.c.obj
 .debug_loclists
                0x000029ed       0xe1 CMakeFiles/BLINKY.dir/Micrium/Software/uCOS-III/Source/os_prio.c.obj
 .debug_loclists
                0x00002ace      0x142 CMakeFiles/BLINKY.dir/Micrium/Software/uCOS-III/Source/os_stat.c.obj
 .debug_loclists
                0x00002c10     0x124d CMakeFiles/BLINKY.dir/Micrium/Software/uCOS-III/Source/os_task.c.obj
 .debug_loclists
                0x00003e5d      0x318 CMakeFiles/BLINKY.dir/Micrium/Software/uCOS-III/Source/os_tick.c.obj
 .debug_loclists
                0x00004175      0x4cf CMakeFiles/BLINKY.dir/Micrium/Software/uCOS-III/Source/os_time.c.obj
 .debug_loclists
                0x00004644      0x5f9 CMakeFiles/BLINKY.dir/Micrium/Software/uCOS-III/Source/os_tmr.c.obj
 .debug_loclists
                0x00004c3d      0x39f CMakeFiles/BLINKY.dir/Micrium/Software/uCOS-III/Ports/ARM-Cortex-M/ARMv7-M/GNU/os_cpu_c.c.obj
 .debug_loclists
                0x00004fdc       0xa4 CMakeFiles/BLINKY.dir/ST/BSP/Interrupts/bsp_int_armv7m.c.obj
 .debug_loclists
                0x00005080      0x1d3 CMakeFiles/BLINKY.dir/ST/BSP/Startup/STM32H7xx/system_stm32h7xx.c.obj
 .debug_loclists
                0x00005253       0xa8 CMakeFiles/BLINKY.dir/ST/BSP/STM32H743ZI_Nucleo/bsp_clk.c.obj
 .debug_loclists
                0x000052fb       0x5b CMakeFiles/BLINKY.dir/ST/BSP/STM32H743ZI_Nucleo/bsp_cpu.c.obj
 .debug_loclists
                0x00005356       0x53 CMakeFiles/BLINKY.dir/ST/BSP/STM32H743ZI_Nucleo/bsp_os.c.obj
 .debug_loclists
                0x000053a9      0x328 CMakeFiles/BLINKY.dir/ST/BSP/SDK/STM32CubeH7/Drivers/STM32H7xx_HAL_Driver/Src/stm32h7xx_hal_gpio.c.obj
 .debug_loclists
                0x000056d1      0x28c CMakeFiles/BLINKY.dir/ST/BSP/SDK/STM32CubeH7/Drivers/STM32H7xx_HAL_Driver/Src/stm32h7xx_hal.c.obj
 .debug_loclists
                0x0000595d      0x718 CMakeFiles/BLINKY.dir/ST/BSP/SDK/STM32CubeH7/Drivers/STM32H7xx_HAL_Driver/Src/stm32h7xx_hal_rcc.c.obj
 .debug_loclists
                0x00006075      0x4ba CMakeFiles/BLINKY.dir/ST/BSP/SDK/STM32CubeH7/Drivers/STM32H7xx_HAL_Driver/Src/stm32h7xx_hal_cortex.c.obj
 .debug_loclists
                0x0000652f     0x1274 CMakeFiles/BLINKY.dir/ST/BSP/SDK/STM32CubeH7/Drivers/STM32H7xx_HAL_Driver/Src/stm32h7xx_hal_rcc_ex.c.obj
 .debug_loclists
                0x000077a3       0x23 CMakeFiles/BLINKY.dir/ST/STM32H743ZI_Nucleo/Blinky/OS3/main.c.obj
 .debug_loclists
                0x000077c6       0x36 CMakeFiles/BLINKY.dir/ST/STM32H743ZI_Nucleo/Blinky/OS3/os_app_hooks.c.obj

.debug_aranges  0x00000000      0xc80
 .debug_aranges
                0x00000000       0x20 c:/progra~2/armgnu~1/112202~1.02/bin/../lib/gcc/arm-none-eabi/11.2.1/thumb/v7e-m+dp/hard\libc.a(lib_a-init.o)
 .debug_aranges
                0x00000020       0x28 CMakeFiles/BLINKY.dir/ST/BSP/Startup/STM32H7xx/GCC/startup_stm32h743xx.s.obj
 .debug_aranges
                0x00000048       0x20 CMakeFiles/BLINKY.dir/Micrium/Software/uCOS-III/Ports/ARM-Cortex-M/ARMv7-M/GNU/os_cpu_a.s.obj
 .debug_aranges
                0x00000068       0x20 CMakeFiles/BLINKY.dir/Micrium/Software/uC-CPU/ARM-Cortex-M4/GNU/cpu_a.s.obj
 .debug_aranges
                0x00000088       0xa0 CMakeFiles/BLINKY.dir/Micrium/Software/uC-CPU/cpu_core.c.obj
 .debug_aranges
                0x00000128       0xc0 CMakeFiles/BLINKY.dir/Micrium/Software/uC-LIB/lib_mem.c.obj
 .debug_aranges
                0x000001e8       0x20 CMakeFiles/BLINKY.dir/Micrium/Software/uCOS-III/Source/os_cfg_app.c.obj
 .debug_aranges
                0x00000208       0xf0 CMakeFiles/BLINKY.dir/Micrium/Software/uCOS-III/Source/os_core.c.obj
 .debug_aranges
                0x000002f8       0x38 CMakeFiles/BLINKY.dir/Micrium/Software/uCOS-III/Source/os_mem.c.obj
 .debug_aranges
                0x00000330       0x40 CMakeFiles/BLINKY.dir/Micrium/Software/uCOS-III/Source/os_msg.c.obj
 .debug_aranges
                0x00000370       0x68 CMakeFiles/BLINKY.dir/Micrium/Software/uCOS-III/Source/os_mutex.c.obj
 .debug_aranges
                0x000003d8       0x38 CMakeFiles/BLINKY.dir/Micrium/Software/uCOS-III/Source/os_prio.c.obj
 .debug_aranges
                0x00000410       0x38 CMakeFiles/BLINKY.dir/Micrium/Software/uCOS-III/Source/os_stat.c.obj
 .debug_aranges
                0x00000448       0xc8 CMakeFiles/BLINKY.dir/Micrium/Software/uCOS-III/Source/os_task.c.obj
 .debug_aranges
                0x00000510       0x50 CMakeFiles/BLINKY.dir/Micrium/Software/uCOS-III/Source/os_tick.c.obj
 .debug_aranges
                0x00000560       0x48 CMakeFiles/BLINKY.dir/Micrium/Software/uCOS-III/Source/os_time.c.obj
 .debug_aranges
                0x000005a8       0x80 CMakeFiles/BLINKY.dir/Micrium/Software/uCOS-III/Source/os_tmr.c.obj
 .debug_aranges
                0x00000628       0x18 CMakeFiles/BLINKY.dir/Micrium/Software/uCOS-III/Source/os_var.c.obj
 .debug_aranges
                0x00000640       0x78 CMakeFiles/BLINKY.dir/Micrium/Software/uCOS-III/Ports/ARM-Cortex-M/ARMv7-M/GNU/os_cpu_c.c.obj
 .debug_aranges
                0x000006b8       0x40 CMakeFiles/BLINKY.dir/ST/BSP/Interrupts/bsp_int_armv7m.c.obj
 .debug_aranges
                0x000006f8       0x28 CMakeFiles/BLINKY.dir/ST/BSP/Startup/STM32H7xx/system_stm32h7xx.c.obj
 .debug_aranges
                0x00000720       0x40 CMakeFiles/BLINKY.dir/ST/BSP/STM32H743ZI_Nucleo/bsp_clk.c.obj
 .debug_aranges
                0x00000760       0x30 CMakeFiles/BLINKY.dir/ST/BSP/STM32H743ZI_Nucleo/bsp_cpu.c.obj
 .debug_aranges
                0x00000790       0x38 CMakeFiles/BLINKY.dir/ST/BSP/STM32H743ZI_Nucleo/bsp_led.c.obj
 .debug_aranges
                0x000007c8       0x38 CMakeFiles/BLINKY.dir/ST/BSP/STM32H743ZI_Nucleo/bsp_os.c.obj
 .debug_aranges
                0x00000800       0x58 CMakeFiles/BLINKY.dir/ST/BSP/SDK/STM32CubeH7/Drivers/STM32H7xx_HAL_Driver/Src/stm32h7xx_hal_gpio.c.obj
 .debug_aranges
                0x00000858      0x1a0 CMakeFiles/BLINKY.dir/ST/BSP/SDK/STM32CubeH7/Drivers/STM32H7xx_HAL_Driver/Src/stm32h7xx_hal.c.obj
 .debug_aranges
                0x000009f8       0x80 CMakeFiles/BLINKY.dir/ST/BSP/SDK/STM32CubeH7/Drivers/STM32H7xx_HAL_Driver/Src/stm32h7xx_hal_rcc.c.obj
 .debug_aranges
                0x00000a78       0xa0 CMakeFiles/BLINKY.dir/ST/BSP/SDK/STM32CubeH7/Drivers/STM32H7xx_HAL_Driver/Src/stm32h7xx_hal_cortex.c.obj
 .debug_aranges
                0x00000b18       0xe0 CMakeFiles/BLINKY.dir/ST/BSP/SDK/STM32CubeH7/Drivers/STM32H7xx_HAL_Driver/Src/stm32h7xx_hal_rcc_ex.c.obj
 .debug_aranges
                0x00000bf8       0x28 CMakeFiles/BLINKY.dir/ST/STM32H743ZI_Nucleo/Blinky/OS3/main.c.obj
 .debug_aranges
                0x00000c20       0x60 CMakeFiles/BLINKY.dir/ST/STM32H743ZI_Nucleo/Blinky/OS3/os_app_hooks.c.obj

.debug_rnglists
                0x00000000      0x900
 .debug_rnglists
                0x00000000       0x13 c:/progra~2/armgnu~1/112202~1.02/bin/../lib/gcc/arm-none-eabi/11.2.1/thumb/v7e-m+dp/hard\libc.a(lib_a-init.o)
 .debug_rnglists
                0x00000013       0x19 CMakeFiles/BLINKY.dir/ST/BSP/Startup/STM32H7xx/GCC/startup_stm32h743xx.s.obj
 .debug_rnglists
                0x0000002c       0x74 CMakeFiles/BLINKY.dir/Micrium/Software/uC-CPU/cpu_core.c.obj
 .debug_rnglists
                0x000000a0       0x8d CMakeFiles/BLINKY.dir/Micrium/Software/uC-LIB/lib_mem.c.obj
 .debug_rnglists
                0x0000012d       0x13 CMakeFiles/BLINKY.dir/Micrium/Software/uCOS-III/Source/os_cfg_app.c.obj
 .debug_rnglists
                0x00000140       0xb5 CMakeFiles/BLINKY.dir/Micrium/Software/uCOS-III/Source/os_core.c.obj
 .debug_rnglists
                0x000001f5       0x26 CMakeFiles/BLINKY.dir/Micrium/Software/uCOS-III/Source/os_mem.c.obj
 .debug_rnglists
                0x0000021b       0x2b CMakeFiles/BLINKY.dir/Micrium/Software/uCOS-III/Source/os_msg.c.obj
 .debug_rnglists
                0x00000246       0x4d CMakeFiles/BLINKY.dir/Micrium/Software/uCOS-III/Source/os_mutex.c.obj
 .debug_rnglists
                0x00000293       0x25 CMakeFiles/BLINKY.dir/Micrium/Software/uCOS-III/Source/os_prio.c.obj
 .debug_rnglists
                0x000002b8       0x28 CMakeFiles/BLINKY.dir/Micrium/Software/uCOS-III/Source/os_stat.c.obj
 .debug_rnglists
                0x000002e0       0x9f CMakeFiles/BLINKY.dir/Micrium/Software/uCOS-III/Source/os_task.c.obj
 .debug_rnglists
                0x0000037f       0x3a CMakeFiles/BLINKY.dir/Micrium/Software/uCOS-III/Source/os_tick.c.obj
 .debug_rnglists
                0x000003b9       0x34 CMakeFiles/BLINKY.dir/Micrium/Software/uCOS-III/Source/os_time.c.obj
 .debug_rnglists
                0x000003ed       0x62 CMakeFiles/BLINKY.dir/Micrium/Software/uCOS-III/Source/os_tmr.c.obj
 .debug_rnglists
                0x0000044f       0x56 CMakeFiles/BLINKY.dir/Micrium/Software/uCOS-III/Ports/ARM-Cortex-M/ARMv7-M/GNU/os_cpu_c.c.obj
 .debug_rnglists
                0x000004a5       0x2b CMakeFiles/BLINKY.dir/ST/BSP/Interrupts/bsp_int_armv7m.c.obj
 .debug_rnglists
                0x000004d0       0x1a CMakeFiles/BLINKY.dir/ST/BSP/Startup/STM32H7xx/system_stm32h7xx.c.obj
 .debug_rnglists
                0x000004ea       0x2c CMakeFiles/BLINKY.dir/ST/BSP/STM32H743ZI_Nucleo/bsp_clk.c.obj
 .debug_rnglists
                0x00000516       0x1f CMakeFiles/BLINKY.dir/ST/BSP/STM32H743ZI_Nucleo/bsp_cpu.c.obj
 .debug_rnglists
                0x00000535       0x25 CMakeFiles/BLINKY.dir/ST/BSP/STM32H743ZI_Nucleo/bsp_led.c.obj
 .debug_rnglists
                0x0000055a       0x25 CMakeFiles/BLINKY.dir/ST/BSP/STM32H743ZI_Nucleo/bsp_os.c.obj
 .debug_rnglists
                0x0000057f       0x3f CMakeFiles/BLINKY.dir/ST/BSP/SDK/STM32CubeH7/Drivers/STM32H7xx_HAL_Driver/Src/stm32h7xx_hal_gpio.c.obj
 .debug_rnglists
                0x000005be      0x135 CMakeFiles/BLINKY.dir/ST/BSP/SDK/STM32CubeH7/Drivers/STM32H7xx_HAL_Driver/Src/stm32h7xx_hal.c.obj
 .debug_rnglists
                0x000006f3       0x60 CMakeFiles/BLINKY.dir/ST/BSP/SDK/STM32CubeH7/Drivers/STM32H7xx_HAL_Driver/Src/stm32h7xx_hal_rcc.c.obj
 .debug_rnglists
                0x00000753       0xa3 CMakeFiles/BLINKY.dir/ST/BSP/SDK/STM32CubeH7/Drivers/STM32H7xx_HAL_Driver/Src/stm32h7xx_hal_cortex.c.obj
 .debug_rnglists
                0x000007f6       0xad CMakeFiles/BLINKY.dir/ST/BSP/SDK/STM32CubeH7/Drivers/STM32H7xx_HAL_Driver/Src/stm32h7xx_hal_rcc_ex.c.obj
 .debug_rnglists
                0x000008a3       0x1a CMakeFiles/BLINKY.dir/ST/STM32H743ZI_Nucleo/Blinky/OS3/main.c.obj
 .debug_rnglists
                0x000008bd       0x43 CMakeFiles/BLINKY.dir/ST/STM32H743ZI_Nucleo/Blinky/OS3/os_app_hooks.c.obj

.debug_line     0x00000000    0x135de
 .debug_line    0x00000000      0x17e c:/progra~2/armgnu~1/112202~1.02/bin/../lib/gcc/arm-none-eabi/11.2.1/thumb/v7e-m+dp/hard\libc.a(lib_a-init.o)
 .debug_line    0x0000017e       0x78 CMakeFiles/BLINKY.dir/ST/BSP/Startup/STM32H7xx/GCC/startup_stm32h743xx.s.obj
 .debug_line    0x000001f6       0xb0 CMakeFiles/BLINKY.dir/Micrium/Software/uCOS-III/Ports/ARM-Cortex-M/ARMv7-M/GNU/os_cpu_a.s.obj
 .debug_line    0x000002a6       0x69 CMakeFiles/BLINKY.dir/Micrium/Software/uC-CPU/ARM-Cortex-M4/GNU/cpu_a.s.obj
 .debug_line    0x0000030f      0x616 CMakeFiles/BLINKY.dir/Micrium/Software/uC-CPU/cpu_core.c.obj
 .debug_line    0x00000925      0xdbc CMakeFiles/BLINKY.dir/Micrium/Software/uC-LIB/lib_mem.c.obj
 .debug_line    0x000016e1      0x3e4 CMakeFiles/BLINKY.dir/Micrium/Software/uCOS-III/Source/os_cfg_app.c.obj
 .debug_line    0x00001ac5     0x11b2 CMakeFiles/BLINKY.dir/Micrium/Software/uCOS-III/Source/os_core.c.obj
 .debug_line    0x00002c77      0x6b7 CMakeFiles/BLINKY.dir/Micrium/Software/uCOS-III/Source/os_mem.c.obj
 .debug_line    0x0000332e      0x735 CMakeFiles/BLINKY.dir/Micrium/Software/uCOS-III/Source/os_msg.c.obj
 .debug_line    0x00003a63      0xc94 CMakeFiles/BLINKY.dir/Micrium/Software/uCOS-III/Source/os_mutex.c.obj
 .debug_line    0x000046f7      0x4a9 CMakeFiles/BLINKY.dir/Micrium/Software/uCOS-III/Source/os_prio.c.obj
 .debug_line    0x00004ba0      0x65d CMakeFiles/BLINKY.dir/Micrium/Software/uCOS-III/Source/os_stat.c.obj
 .debug_line    0x000051fd     0x1a91 CMakeFiles/BLINKY.dir/Micrium/Software/uCOS-III/Source/os_task.c.obj
 .debug_line    0x00006c8e      0x99e CMakeFiles/BLINKY.dir/Micrium/Software/uCOS-III/Source/os_tick.c.obj
 .debug_line    0x0000762c      0x7c4 CMakeFiles/BLINKY.dir/Micrium/Software/uCOS-III/Source/os_time.c.obj
 .debug_line    0x00007df0      0xdff CMakeFiles/BLINKY.dir/Micrium/Software/uCOS-III/Source/os_tmr.c.obj
 .debug_line    0x00008bef      0x3aa CMakeFiles/BLINKY.dir/Micrium/Software/uCOS-III/Source/os_var.c.obj
 .debug_line    0x00008f99      0x7ba CMakeFiles/BLINKY.dir/Micrium/Software/uCOS-III/Ports/ARM-Cortex-M/ARMv7-M/GNU/os_cpu_c.c.obj
 .debug_line    0x00009753      0x574 CMakeFiles/BLINKY.dir/ST/BSP/Interrupts/bsp_int_armv7m.c.obj
 .debug_line    0x00009cc7      0x58b CMakeFiles/BLINKY.dir/ST/BSP/Startup/STM32H7xx/system_stm32h7xx.c.obj
 .debug_line    0x0000a252      0xb06 CMakeFiles/BLINKY.dir/ST/BSP/STM32H743ZI_Nucleo/bsp_clk.c.obj
 .debug_line    0x0000ad58      0x325 CMakeFiles/BLINKY.dir/ST/BSP/STM32H743ZI_Nucleo/bsp_cpu.c.obj
 .debug_line    0x0000b07d      0x9f6 CMakeFiles/BLINKY.dir/ST/BSP/STM32H743ZI_Nucleo/bsp_led.c.obj
 .debug_line    0x0000ba73      0xb76 CMakeFiles/BLINKY.dir/ST/BSP/STM32H743ZI_Nucleo/bsp_os.c.obj
 .debug_line    0x0000c5e9      0xcca CMakeFiles/BLINKY.dir/ST/BSP/SDK/STM32CubeH7/Drivers/STM32H7xx_HAL_Driver/Src/stm32h7xx_hal_gpio.c.obj
 .debug_line    0x0000d2b3      0xe72 CMakeFiles/BLINKY.dir/ST/BSP/SDK/STM32CubeH7/Drivers/STM32H7xx_HAL_Driver/Src/stm32h7xx_hal.c.obj
 .debug_line    0x0000e125     0x1639 CMakeFiles/BLINKY.dir/ST/BSP/SDK/STM32CubeH7/Drivers/STM32H7xx_HAL_Driver/Src/stm32h7xx_hal_rcc.c.obj