Archive member included to satisfy reference by file (symbol)

c:/progra~2/armgnu~1/112202~1.02/bin/../lib/gcc/arm-none-eabi/11.2.1/thumb/v7e-m+dp/hard\libc.a(lib_a-exit.o)
                              c:/progra~2/armgnu~1/112202~1.02/bin/../lib/gcc/arm-none-eabi/11.2.1/thumb/v7e-m+dp/hard/crt0.o (exit)
c:/progra~2/armgnu~1/112202~1.02/bin/../lib/gcc/arm-none-eabi/11.2.1/thumb/v7e-m+dp/hard\libc.a(lib_a-impure.o)
                              c:/progra~2/armgnu~1/112202~1.02/bin/../lib/gcc/arm-none-eabi/11.2.1/thumb/v7e-m+dp/hard\libc.a(lib_a-exit.o) (_global_impure_ptr)
c:/progra~2/armgnu~1/112202~1.02/bin/../lib/gcc/arm-none-eabi/11.2.1/thumb/v7e-m+dp/hard\libc.a(lib_a-init.o)
                              c:/progra~2/armgnu~1/112202~1.02/bin/../lib/gcc/arm-none-eabi/11.2.1/thumb/v7e-m+dp/hard/crt0.o (__libc_init_array)
c:/progra~2/armgnu~1/112202~1.02/bin/../lib/gcc/arm-none-eabi/11.2.1/thumb/v7e-m+dp/hard\libc.a(lib_a-memset.o)
                              c:/progra~2/armgnu~1/112202~1.02/bin/../lib/gcc/arm-none-eabi/11.2.1/thumb/v7e-m+dp/hard/crt0.o (memset)
c:/progra~2/armgnu~1/112202~1.02/bin/../lib/gcc/arm-none-eabi/11.2.1/thumb/v7e-m+dp/hard\libc.a(lib_a-__call_atexit.o)
                              c:/progra~2/armgnu~1/112202~1.02/bin/../lib/gcc/arm-none-eabi/11.2.1/thumb/v7e-m+dp/hard\libc.a(lib_a-exit.o) (__call_exitprocs)
c:/progra~2/armgnu~1/112202~1.02/bin/../lib/gcc/arm-none-eabi/11.2.1/thumb/v7e-m+dp/hard\libgcc.a(_aeabi_uldivmod.o)
                              CMakeFiles/BLINKY.dir/ST/BSP/STM32H743ZI_Nucleo/bsp_cpu.c.obj (__aeabi_uldivmod)
c:/progra~2/armgnu~1/112202~1.02/bin/../lib/gcc/arm-none-eabi/11.2.1/thumb/v7e-m+dp/hard\libgcc.a(_udivmoddi4.o)
                              c:/progra~2/armgnu~1/112202~1.02/bin/../lib/gcc/arm-none-eabi/11.2.1/thumb/v7e-m+dp/hard\libgcc.a(_aeabi_uldivmod.o) (__udivmoddi4)
c:/progra~2/armgnu~1/112202~1.02/bin/../lib/gcc/arm-none-eabi/11.2.1/thumb/v7e-m+dp/hard\libgcc.a(_dvmd_tls.o)
                              c:/progra~2/armgnu~1/112202~1.02/bin/../lib/gcc/arm-none-eabi/11.2.1/thumb/v7e-m+dp/hard\libgcc.a(_aeabi_uldivmod.o) (__aeabi_ldiv0)
c:/progra~2/armgnu~1/112202~1.02/bin/../lib/gcc/arm-none-eabi/11.2.1/thumb/v7e-m+dp/hard\libnosys.a(_exit.o)
                              c:/progra~2/armgnu~1/112202~1.02/bin/../lib/gcc/arm-none-eabi/11.2.1/thumb/v7e-m+dp/hard\libc.a(lib_a-exit.o) (_exit)

Discarded input sections

 .text          0x00000000        0x0 c:/progra~2/armgnu~1/112202~1.02/bin/../lib/gcc/arm-none-eabi/11.2.1/thumb/v7e-m+dp/hard/crti.o
 .data          0x00000000        0x0 c:/progra~2/armgnu~1/112202~1.02/bin/../lib/gcc/arm-none-eabi/11.2.1/thumb/v7e-m+dp/hard/crti.o
 .bss           0x00000000        0x0 c:/progra~2/armgnu~1/112202~1.02/bin/../lib/gcc/arm-none-eabi/11.2.1/thumb/v7e-m+dp/hard/crti.o
 .text          0x00000000        0x0 c:/progra~2/armgnu~1/112202~1.02/bin/../lib/gcc/arm-none-eabi/11.2.1/thumb/v7e-m+dp/hard/crtbegin.o
 .data          0x00000000        0x0 c:/progra~2/armgnu~1/112202~1.02/bin/../lib/gcc/arm-none-eabi/11.2.1/thumb/v7e-m+dp/hard/crtbegin.o
 .bss           0x00000000        0x0 c:/progra~2/armgnu~1/112202~1.02/bin/../lib/gcc/arm-none-eabi/11.2.1/thumb/v7e-m+dp/hard/crtbegin.o
 .rodata.all_implied_fbits
                0x00000000       0x24 c:/progra~2/armgnu~1/112202~1.02/bin/../lib/gcc/arm-none-eabi/11.2.1/thumb/v7e-m+dp/hard/crtbegin.o
 .data.__dso_handle
                0x00000000        0x4 c:/progra~2/armgnu~1/112202~1.02/bin/../lib/gcc/arm-none-eabi/11.2.1/thumb/v7e-m+dp/hard/crtbegin.o
 .text          0x00000000       0x7c c:/progra~2/armgnu~1/112202~1.02/bin/../lib/gcc/arm-none-eabi/11.2.1/thumb/v7e-m+dp/hard/crt0.o
 .data          0x00000000        0x0 c:/progra~2/armgnu~1/112202~1.02/bin/../lib/gcc/arm-none-eabi/11.2.1/thumb/v7e-m+dp/hard/crt0.o
 .bss           0x00000000        0x0 c:/progra~2/armgnu~1/112202~1.02/bin/../lib/gcc/arm-none-eabi/11.2.1/thumb/v7e-m+dp/hard/crt0.o
 .ARM.extab     0x00000000        0x0 c:/progra~2/armgnu~1/112202~1.02/bin/../lib/gcc/arm-none-eabi/11.2.1/thumb/v7e-m+dp/hard/crt0.o
 .ARM.exidx     0x00000000       0x10 c:/progra~2/armgnu~1/112202~1.02/bin/../lib/gcc/arm-none-eabi/11.2.1/thumb/v7e-m+dp/hard/crt0.o
 .debug_line    0x00000000       0x76 c:/progra~2/armgnu~1/112202~1.02/bin/../lib/gcc/arm-none-eabi/11.2.1/thumb/v7e-m+dp/hard/crt0.o
 .debug_line_str
                0x00000000       0xa6 c:/progra~2/armgnu~1/112202~1.02/bin/../lib/gcc/arm-none-eabi/11.2.1/thumb/v7e-m+dp/hard/crt0.o
 .debug_info    0x00000000       0x24 c:/progra~2/armgnu~1/112202~1.02/bin/../lib/gcc/arm-none-eabi/11.2.1/thumb/v7e-m+dp/hard/crt0.o
 .debug_abbrev  0x00000000       0x14 c:/progra~2/armgnu~1/112202~1.02/bin/../lib/gcc/arm-none-eabi/11.2.1/thumb/v7e-m+dp/hard/crt0.o
 .debug_aranges
                0x00000000       0x20 c:/progra~2/armgnu~1/112202~1.02/bin/../lib/gcc/arm-none-eabi/11.2.1/thumb/v7e-m+dp/hard/crt0.o
[...]
Memory Configuration

Name             Origin             Length             Attributes
FLASH            0x08000000         0x00200000         xr
DTCMRAM          0x20000000         0x00020000         xrw
SRAM_D1          0x24000000         0x00080000         xrw
SRAM_D2          0x30000000         0x00048000         xrw
SRAM_D3          0x38000000         0x00010000         xrw
ITCMRAM          0x00000000         0x00010000         xrw
MEMORY_B1        0x60000000         0x00000000         xr
*default*        0x00000000         0xffffffff

Linker script and memory map

LOAD c:/progra~2/armgnu~1/112202~1.02/bin/../lib/gcc/arm-none-eabi/11.2.1/thumb/v7e-m+dp/hard/crti.o
LOAD c:/progra~2/armgnu~1/112202~1.02/bin/../lib/gcc/arm-none-eabi/11.2.1/thumb/v7e-m+dp/hard/crtbegin.o
LOAD c:/progra~2/armgnu~1/112202~1.02/bin/../lib/gcc/arm-none-eabi/11.2.1/thumb/v7e-m+dp/hard/crt0.o
START GROUP
LOAD c:/progra~2/armgnu~1/112202~1.02/bin/../lib/gcc/arm-none-eabi/11.2.1/thumb/v7e-m+dp/hard\libc.a
LOAD c:/progra~2/armgnu~1/112202~1.02/bin/../lib/gcc/arm-none-eabi/11.2.1/thumb/v7e-m+dp/hard\libm.a
LOAD c:/progra~2/armgnu~1/112202~1.02/bin/../lib/gcc/arm-none-eabi/11.2.1/thumb/v7e-m+dp/hard\libstdc++.a
LOAD c:/progra~2/armgnu~1/112202~1.02/bin/../lib/gcc/arm-none-eabi/11.2.1/thumb/v7e-m+dp/hard\libsupc++.a
END GROUP
LOAD CMakeFiles/BLINKY.dir/ST/BSP/Startup/STM32H7xx/GCC/startup_stm32h743xx.s.obj
LOAD CMakeFiles/BLINKY.dir/Micrium/Software/uCOS-III/Ports/ARM-Cortex-M/ARMv7-M/GNU/os_cpu_a.s.obj
LOAD CMakeFiles/BLINKY.dir/Micrium/Software/uC-CPU/ARM-Cortex-M4/GNU/cpu_a.s.obj
LOAD CMakeFiles/BLINKY.dir/Micrium/Software/uC-CPU/cpu_core.c.obj
LOAD CMakeFiles/BLINKY.dir/Micrium/Software/uC-CPU/ARM-Cortex-M4/GNU/cpu_c.c.obj
LOAD CMakeFiles/BLINKY.dir/Micrium/Software/uC-LIB/lib_ascii.c.obj
LOAD CMakeFiles/BLINKY.dir/Micrium/Software/uC-LIB/lib_math.c.obj
LOAD CMakeFiles/BLINKY.dir/Micrium/Software/uC-LIB/lib_mem.c.obj
LOAD CMakeFiles/BLINKY.dir/Micrium/Software/uC-LIB/lib_str.c.obj
LOAD CMakeFiles/BLINKY.dir/Micrium/Software/uCOS-III/Source/os_cfg_app.c.obj
LOAD CMakeFiles/BLINKY.dir/Micrium/Software/uCOS-III/Source/os_core.c.obj
LOAD CMakeFiles/BLINKY.dir/Micrium/Software/uCOS-III/Source/os_dbg.c.obj
LOAD CMakeFiles/BLINKY.dir/Micrium/Software/uCOS-III/Source/os_flag.c.obj
LOAD CMakeFiles/BLINKY.dir/Micrium/Software/uCOS-III/Source/os_mem.c.obj
LOAD CMakeFiles/BLINKY.dir/Micrium/Software/uCOS-III/Source/os_mon.c.obj
LOAD CMakeFiles/BLINKY.dir/Micrium/Software/uCOS-III/Source/os_msg.c.obj
LOAD CMakeFiles/BLINKY.dir/Micrium/Software/uCOS-III/Source/os_mutex.c.obj
LOAD CMakeFiles/BLINKY.dir/Micrium/Software/uCOS-III/Source/os_prio.c.obj
LOAD CMakeFiles/BLINKY.dir/Micrium/Software/uCOS-III/Source/os_q.c.obj
LOAD CMakeFiles/BLINKY.dir/Micrium/Software/uCOS-III/Source/os_sem.c.obj
LOAD CMakeFiles/BLINKY.dir/Micrium/Software/uCOS-III/Source/os_stat.c.obj
LOAD CMakeFiles/BLINKY.dir/Micrium/Software/uCOS-III/Source/os_task.c.obj
LOAD CMakeFiles/BLINKY.dir/Micrium/Software/uCOS-III/Source/os_tick.c.obj
LOAD CMakeFiles/BLINKY.dir/Micrium/Software/uCOS-III/Source/os_time.c.obj
LOAD CMakeFiles/BLINKY.dir/Micrium/Software/uCOS-III/Source/os_tmr.c.obj
LOAD CMakeFiles/BLINKY.dir/Micrium/Software/uCOS-III/Source/os_var.c.obj
LOAD CMakeFiles/BLINKY.dir/Micrium/Software/uCOS-III/Ports/ARM-Cortex-M/ARMv7-M/GNU/os_cpu_c.c.obj
LOAD CMakeFiles/BLINKY.dir/ST/BSP/Interrupts/bsp_int_armv7m.c.obj
LOAD CMakeFiles/BLINKY.dir/ST/BSP/Startup/STM32H7xx/system_stm32h7xx.c.obj
LOAD CMakeFiles/BLINKY.dir/ST/BSP/STM32H743ZI_Nucleo/bsp_clk.c.obj
LOAD CMakeFiles/BLINKY.dir/ST/BSP/STM32H743ZI_Nucleo/bsp_cpu.c.obj
LOAD CMakeFiles/BLINKY.dir/ST/BSP/STM32H743ZI_Nucleo/bsp_led.c.obj
LOAD CMakeFiles/BLINKY.dir/ST/BSP/STM32H743ZI_Nucleo/bsp_os.c.obj
LOAD CMakeFiles/BLINKY.dir/ST/BSP/SDK/STM32CubeH7/Drivers/STM32H7xx_HAL_Driver/Src/stm32h7xx_hal_gpio.c.obj
LOAD CMakeFiles/BLINKY.dir/ST/BSP/SDK/STM32CubeH7/Drivers/STM32H7xx_HAL_Driver/Src/stm32h7xx_hal.c.obj
LOAD CMakeFiles/BLINKY.dir/ST/BSP/SDK/STM32CubeH7/Drivers/STM32H7xx_HAL_Driver/Src/stm32h7xx_hal_rcc.c.obj
LOAD CMakeFiles/BLINKY.dir/ST/BSP/SDK/STM32CubeH7/Drivers/STM32H7xx_HAL_Driver/Src/stm32h7xx_hal_cortex.c.obj
LOAD CMakeFiles/BLINKY.dir/ST/BSP/SDK/STM32CubeH7/Drivers/STM32H7xx_HAL_Driver/Src/stm32h7xx_hal_rcc_ex.c.obj
LOAD CMakeFiles/BLINKY.dir/ST/STM32H743ZI_Nucleo/Blinky/OS3/main.c.obj
LOAD CMakeFiles/BLINKY.dir/ST/STM32H743ZI_Nucleo/Blinky/OS3/os_app_hooks.c.obj
START GROUP
LOAD c:/progra~2/armgnu~1/112202~1.02/bin/../lib/gcc/arm-none-eabi/11.2.1/thumb/v7e-m+dp/hard\libgcc.a
LOAD c:/progra~2/armgnu~1/112202~1.02/bin/../lib/gcc/arm-none-eabi/11.2.1/thumb/v7e-m+dp/hard\libg.a
LOAD c:/progra~2/armgnu~1/112202~1.02/bin/../lib/gcc/arm-none-eabi/11.2.1/thumb/v7e-m+dp/hard\libc.a
END GROUP
START GROUP
LOAD c:/progra~2/armgnu~1/112202~1.02/bin/../lib/gcc/arm-none-eabi/11.2.1/thumb/v7e-m+dp/hard\libgcc.a
LOAD c:/progra~2/armgnu~1/112202~1.02/bin/../lib/gcc/arm-none-eabi/11.2.1/thumb/v7e-m+dp/hard\libc.a
LOAD c:/progra~2/armgnu~1/112202~1.02/bin/../lib/gcc/arm-none-eabi/11.2.1/thumb/v7e-m+dp/hard\libnosys.a
END GROUP
LOAD c:/progra~2/armgnu~1/112202~1.02/bin/../lib/gcc/arm-none-eabi/11.2.1/thumb/v7e-m+dp/hard/crtend.o
LOAD c:/progra~2/armgnu~1/112202~1.02/bin/../lib/gcc/arm-none-eabi/11.2.1/thumb/v7e-m+dp/hard/crtn.o
                0x20020000                _estack = 0x20020000
                0x00000000                _Min_Heap_Size = 0x0
                0x00000800                _Min_Stack_Size = 0x800

.isr_vector     0x08000000      0x298
                0x08000000                . = ALIGN (0x4)
 *(.isr_vector)
 .isr_vector    0x08000000      0x298 CMakeFiles/BLINKY.dir/ST/BSP/Startup/STM32H7xx/GCC/startup_stm32h743xx.s.obj
                0x08000000                g_pfnVectors
                0x08000298                . = ALIGN (0x4)

.text           0x08000298     0x38cc
                0x08000298                . = ALIGN (0x4)
 *(.text)
 .text          0x08000298      0x108 CMakeFiles/BLINKY.dir/Micrium/Software/uCOS-III/Ports/ARM-Cortex-M/ARMv7-M/GNU/os_cpu_a.s.obj
                0x08000298                OS_CPU_FP_Reg_Push
                0x080002aa                OS_CPU_FP_Reg_Pop
                0x080002b6                OSStartHighRdy
                0x08000330                OSCtxSw
                0x0800033a                OSIntCtxSw
                0x08000344                OS_CPU_PendSVHandler
 .text          0x080003a0       0x34 CMakeFiles/BLINKY.dir/Micrium/Software/uC-CPU/ARM-Cortex-M4/GNU/cpu_a.s.obj
                0x080003a0                CPU_IntDis
                0x080003a4                CPU_IntEn
                0x080003a8                CPU_SR_Save
                0x080003b0                CPU_SR_Restore
                0x080003b6                CPU_WaitForInt
                0x080003ba                CPU_WaitForExcept
                0x080003be                CPU_CntLeadZeros
                0x080003c4                CPU_CntTrailZeros
                0x080003ce                CPU_RevBits
 *(.text*)
 .text.deregister_tm_clones
                0x080003d4       0x1c c:/progra~2/armgnu~1/112202~1.02/bin/../lib/gcc/arm-none-eabi/11.2.1/thumb/v7e-m+dp/hard/crtbegin.o
 .text.register_tm_clones
                0x080003f0       0x24 c:/progra~2/armgnu~1/112202~1.02/bin/../lib/gcc/arm-none-eabi/11.2.1/thumb/v7e-m+dp/hard/crtbegin.o
 .text.__do_global_dtors_aux
                0x08000414       0x28 c:/progra~2/armgnu~1/112202~1.02/bin/../lib/gcc/arm-none-eabi/11.2.1/thumb/v7e-m+dp/hard/crtbegin.o
 .text.frame_dummy
                0x0800043c       0x24 c:/progra~2/armgnu~1/112202~1.02/bin/../lib/gcc/arm-none-eabi/11.2.1/thumb/v7e-m+dp/hard/crtbegin.o
 .text.__libc_init_array
                0x08000460       0x48 c:/progra~2/armgnu~1/112202~1.02/bin/../lib/gcc/arm-none-eabi/11.2.1/thumb/v7e-m+dp/hard\libc.a(lib_a-init.o)
                0x08000460                __libc_init_array
 .text.Reset_Handler
                0x080004a8       0x50 CMakeFiles/BLINKY.dir/ST/BSP/Startup/STM32H7xx/GCC/startup_stm32h743xx.s.obj
                0x080004a8                Reset_Handler
 .text.Default_Handler
                0x080004f8        0x2 CMakeFiles/BLINKY.dir/ST/BSP/Startup/STM32H7xx/GCC/startup_stm32h743xx.s.obj
                0x080004f8                RTC_Alarm_IRQHandler
                0x080004f8                EXTI2_IRQHandler
                0x080004f8                TIM8_CC_IRQHandler
                0x080004f8                HRTIM1_Master_IRQHandler
                0x080004f8                DebugMon_Handler
                0x080004f8                UART8_IRQHandler
                0x080004f8                SPI4_IRQHandler
                0x080004f8                TIM1_CC_IRQHandler
                0x080004f8                BDMA_Channel6_IRQHandler
                0x080004f8                DMA2_Stream5_IRQHandler
                0x080004f8                HardFault_Handler
                0x080004f8                HRTIM1_FLT_IRQHandler
                0x080004f8                JPEG_IRQHandler
                0x080004f8                DMA1_Stream5_IRQHandler
                0x080004f8                SysTick_Handler
                0x080004f8                BDMA_Channel1_IRQHandler
                0x080004f8                HRTIM1_TIMD_IRQHandler
                0x080004f8                TAMP_STAMP_IRQHandler
                0x080004f8                PendSV_Handler
                0x080004f8                NMI_Handler
                0x080004f8                EXTI3_IRQHandler
                0x080004f8                LPTIM4_IRQHandler
                0x080004f8                TIM8_TRG_COM_TIM14_IRQHandler
                0x080004f8                LPTIM2_IRQHandler
                0x080004f8                DFSDM1_FLT1_IRQHandler
                0x080004f8                DMAMUX2_OVR_IRQHandler
                0x080004f8                TIM8_UP_TIM13_IRQHandler
                0x080004f8                I2C3_ER_IRQHandler
                0x080004f8                DFSDM1_FLT2_IRQHandler
                0x080004f8                MDMA_IRQHandler
                0x080004f8                LPTIM3_IRQHandler
                0x080004f8                HSEM1_IRQHandler
                0x080004f8                EXTI0_IRQHandler
                0x080004f8                I2C2_EV_IRQHandler
                0x080004f8                DMA1_Stream2_IRQHandler
                0x080004f8                FPU_IRQHandler
                0x080004f8                OTG_HS_WKUP_IRQHandler
                0x080004f8                FDCAN1_IT1_IRQHandler
                0x080004f8                UsageFault_Handler
                0x080004f8                LTDC_ER_IRQHandler
                0x080004f8                DMA2_Stream2_IRQHandler
                0x080004f8                HRTIM1_TIME_IRQHandler
                0x080004f8                SPI1_IRQHandler
                0x080004f8                TIM6_DAC_IRQHandler
                0x080004f8                DCMI_IRQHandler
                0x080004f8                HRTIM1_TIMC_IRQHandler
                0x080004f8                DMA2_Stream3_IRQHandler
                0x080004f8                SAI2_IRQHandler
                0x080004f8                DFSDM1_FLT3_IRQHandler
                0x080004f8                USART6_IRQHandler
                0x080004f8                TIM17_IRQHandler
                0x080004f8                USART3_IRQHandler
                0x080004f8                BDMA_Channel7_IRQHandler
                0x080004f8                LPTIM5_IRQHandler
                0x080004f8                UART5_IRQHandler
                0x080004f8                ADC3_IRQHandler
                0x080004f8                DMA2_Stream0_IRQHandler
                0x080004f8                TIM4_IRQHandler
                0x080004f8                BDMA_Channel2_IRQHandler
                0x080004f8                QUADSPI_IRQHandler
                0x080004f8                I2C1_EV_IRQHandler
                0x080004f8                DMA1_Stream6_IRQHandler
                0x080004f8                DMAMUX1_OVR_IRQHandler
                0x080004f8                DMA1_Stream1_IRQHandler
                0x080004f8                TIM16_IRQHandler
                0x080004f8                UART4_IRQHandler
                0x080004f8                BDMA_Channel5_IRQHandler
                0x080004f8                TIM3_IRQHandler
                0x080004f8                RCC_IRQHandler
                0x080004f8                TIM8_BRK_TIM12_IRQHandler
                0x080004f8                TIM1_TRG_COM_IRQHandler
                0x080004f8                Default_Handler
                0x080004f8                CEC_IRQHandler
                0x080004f8                EXTI15_10_IRQHandler
                0x080004f8                BDMA_Channel0_IRQHandler
                0x080004f8                ADC_IRQHandler
                0x080004f8                DMA1_Stream7_IRQHandler
                0x080004f8                HRTIM1_TIMA_IRQHandler
                0x080004f8                SPI5_IRQHandler
                0x080004f8                TIM7_IRQHandler
                0x080004f8                SDMMC1_IRQHandler
                0x080004f8                TIM5_IRQHandler
                0x080004f8                DMA2_Stream7_IRQHandler
                0x080004f8                TIM15_IRQHandler
                0x080004f8                PVD_AVD_IRQHandler
                0x080004f8                I2C3_EV_IRQHandler
                0x080004f8                EXTI9_5_IRQHandler
                0x080004f8                RTC_WKUP_IRQHandler
                0x080004f8                LTDC_IRQHandler
                0x080004f8                SAI3_IRQHandler
                0x080004f8                ETH_WKUP_IRQHandler
                0x080004f8                SPDIF_RX_IRQHandler
                0x080004f8                SPI2_IRQHandler
                0x080004f8                OTG_HS_EP1_IN_IRQHandler
                0x080004f8                MemManage_Handler
                0x080004f8                DMA1_Stream0_IRQHandler
                0x080004f8                SVC_Handler
                0x080004f8                CRS_IRQHandler
                0x080004f8                EXTI4_IRQHandler
                0x080004f8                RNG_IRQHandler
                0x080004f8                HRTIM1_TIMB_IRQHandler
                0x080004f8                FDCAN2_IT1_IRQHandler
                0x080004f8                ETH_IRQHandler
                0x080004f8                TIM1_UP_IRQHandler
                0x080004f8                BDMA_Channel4_IRQHandler
                0x080004f8                OTG_HS_EP1_OUT_IRQHandler
                0x080004f8                WWDG_IRQHandler
                0x080004f8                SPI6_IRQHandler
                0x080004f8                MDIOS_IRQHandler
                0x080004f8                I2C4_EV_IRQHandler
                0x080004f8                FDCAN2_IT0_IRQHandler
                0x080004f8                LPUART1_IRQHandler
                0x080004f8                FDCAN1_IT0_IRQHandler
                0x080004f8                TIM2_IRQHandler
                0x080004f8                OTG_FS_WKUP_IRQHandler
                0x080004f8                OTG_HS_IRQHandler
                0x080004f8                DMA2D_IRQHandler
                0x080004f8                TIM1_BRK_IRQHandler
                0x080004f8                EXTI1_IRQHandler
                0x080004f8                SDMMC2_IRQHandler
                0x080004f8                OTG_FS_EP1_OUT_IRQHandler
                0x080004f8                BDMA_Channel3_IRQHandler
                0x080004f8                UART7_IRQHandler
                0x080004f8                MDIOS_WKUP_IRQHandler
                0x080004f8                USART2_IRQHandler
                0x080004f8                DFSDM1_FLT0_IRQHandler
                0x080004f8                SAI4_IRQHandler
                0x080004f8                I2C2_ER_IRQHandler
                0x080004f8                DMA2_Stream1_IRQHandler
                0x080004f8                FLASH_IRQHandler
                0x080004f8                DMA2_Stream4_IRQHandler
                0x080004f8                BusFault_Handler
                0x080004f8                USART1_IRQHandler
                0x080004f8                OTG_FS_IRQHandler
                0x080004f8                SPI3_IRQHandler
                0x080004f8                WAKEUP_PIN_IRQHandler
                0x080004f8                DMA1_Stream4_IRQHandler
                0x080004f8                OTG_FS_EP1_IN_IRQHandler
                0x080004f8                I2C1_ER_IRQHandler
                0x080004f8                FMC_IRQHandler
                0x080004f8                FDCAN_CAL_IRQHandler
                0x080004f8                SWPMI1_IRQHandler
                0x080004f8                COMP1_IRQHandler
                0x080004f8                LPTIM1_IRQHandler
                0x080004f8                I2C4_ER_IRQHandler
                0x080004f8                DMA2_Stream6_IRQHandler
                0x080004f8                SAI1_IRQHandler
                0x080004f8                DMA1_Stream3_IRQHandler
 *fill*         0x080004fa        0x2 
 .text.CPU_TS_Init
                0x080004fc       0x14 CMakeFiles/BLINKY.dir/Micrium/Software/uC-CPU/cpu_core.c.obj
 .text.CPU_Init
                0x08000510        0x8 CMakeFiles/BLINKY.dir/Micrium/Software/uC-CPU/cpu_core.c.obj
                0x08000510                CPU_Init
 .text.CPU_TS_TmrFreqSet
                0x08000518        0xc CMakeFiles/BLINKY.dir/Micrium/Software/uC-CPU/cpu_core.c.obj
                0x08000518                CPU_TS_TmrFreqSet
 .text.Mem_Init
                0x08000524        0xc CMakeFiles/BLINKY.dir/Micrium/Software/uC-LIB/lib_mem.c.obj
                0x08000524                Mem_Init
 .text.Mem_Set  0x08000530       0x70 CMakeFiles/BLINKY.dir/Micrium/Software/uC-LIB/lib_mem.c.obj
                0x08000530                Mem_Set
 .text.OSCfg_Init
                0x080005a0        0x2 CMakeFiles/BLINKY.dir/Micrium/Software/uCOS-III/Source/os_cfg_app.c.obj
                0x080005a0                OSCfg_Init
 *fill*         0x080005a2        0x2 
 .text.OS_IdleTask
                0x080005a4       0x1c CMakeFiles/BLINKY.dir/Micrium/Software/uCOS-III/Source/os_core.c.obj
                0x080005a4                OS_IdleTask
 .text.OSIntEnter
                0x080005c0       0x20 CMakeFiles/BLINKY.dir/Micrium/Software/uCOS-III/Source/os_core.c.obj
                0x080005c0                OSIntEnter
 .text.OSIntExit
                0x080005e0       0x9c CMakeFiles/BLINKY.dir/Micrium/Software/uCOS-III/Source/os_core.c.obj
                0x080005e0                OSIntExit
 .text.OSSched  0x0800067c       0x84 CMakeFiles/BLINKY.dir/Micrium/Software/uCOS-III/Source/os_core.c.obj
                0x0800067c                OSSched
 .text.OSSchedLock
                0x08000700       0x54 CMakeFiles/BLINKY.dir/Micrium/Software/uCOS-III/Source/os_core.c.obj
                0x08000700                OSSchedLock
 .text.OSSchedUnlock
                0x08000754       0x68 CMakeFiles/BLINKY.dir/Micrium/Software/uCOS-III/Source/os_core.c.obj
                0x08000754                OSSchedUnlock
 .text.OSStart  0x080007bc       0x80 CMakeFiles/BLINKY.dir/Micrium/Software/uCOS-III/Source/os_core.c.obj
                0x080007bc                OSStart
 .text.OS_IdleTaskInit
                0x0800083c       0x4c CMakeFiles/BLINKY.dir/Micrium/Software/uCOS-III/Source/os_core.c.obj
                0x0800083c                OS_IdleTaskInit
 .text.OS_PendListInit
                0x08000888        0x8 CMakeFiles/BLINKY.dir/Micrium/Software/uCOS-III/Source/os_core.c.obj
                0x08000888                OS_PendListInit
 .text.OS_PendListInsertPrio
                0x08000890       0x48 CMakeFiles/BLINKY.dir/Micrium/Software/uCOS-III/Source/os_core.c.obj
                0x08000890                OS_PendListInsertPrio
 .text.OS_PendListRemove
                0x080008d8       0x36 CMakeFiles/BLINKY.dir/Micrium/Software/uCOS-III/Source/os_core.c.obj
                0x080008d8                OS_PendListRemove
 .text.OS_PendListChangePrio
                0x0800090e       0x1e CMakeFiles/BLINKY.dir/Micrium/Software/uCOS-III/Source/os_core.c.obj
                0x0800090e                OS_PendListChangePrio
 .text.OS_RdyListInit
                0x0800092c       0x20 CMakeFiles/BLINKY.dir/Micrium/Software/uCOS-III/Source/os_core.c.obj
                0x0800092c                OS_RdyListInit
 .text.OSInit   0x0800094c      0x134 CMakeFiles/BLINKY.dir/Micrium/Software/uCOS-III/Source/os_core.c.obj
                0x0800094c                OSInit
 .text.OS_RdyListInsertHead
                0x08000a80       0x38 CMakeFiles/BLINKY.dir/Micrium/Software/uCOS-III/Source/os_core.c.obj
                0x08000a80                OS_RdyListInsertHead
 .text.OS_RdyListInsertTail
                0x08000ab8       0x38 CMakeFiles/BLINKY.dir/Micrium/Software/uCOS-III/Source/os_core.c.obj
                0x08000ab8                OS_RdyListInsertTail
 .text.OS_RdyListInsert
                0x08000af0       0x2c CMakeFiles/BLINKY.dir/Micrium/Software/uCOS-III/Source/os_core.c.obj
                0x08000af0                OS_RdyListInsert
 .text.OS_Post  0x08000b1c       0x7e CMakeFiles/BLINKY.dir/Micrium/Software/uCOS-III/Source/os_core.c.obj
                0x08000b1c                OS_Post
 .text.OS_RdyListMoveHeadToTail
                0x08000b9a       0x36 CMakeFiles/BLINKY.dir/Micrium/Software/uCOS-III/Source/os_core.c.obj
                0x08000b9a                OS_RdyListMoveHeadToTail
 .text.OS_RdyListRemove
                0x08000bd0       0x50 CMakeFiles/BLINKY.dir/Micrium/Software/uCOS-III/Source/os_core.c.obj
                0x08000bd0                OS_RdyListRemove
 .text.OS_SchedRoundRobin
                0x08000c20       0x8c CMakeFiles/BLINKY.dir/Micrium/Software/uCOS-III/Source/os_core.c.obj
                0x08000c20                OS_SchedRoundRobin
 .text.OS_TaskBlock
                0x08000cac       0x2c CMakeFiles/BLINKY.dir/Micrium/Software/uCOS-III/Source/os_core.c.obj
                0x08000cac                OS_TaskBlock
 .text.OS_Pend  0x08000cd8       0x38 CMakeFiles/BLINKY.dir/Micrium/Software/uCOS-III/Source/os_core.c.obj
                0x08000cd8                OS_Pend
 .text.OS_MemInit
                0x08000d10        0x6 CMakeFiles/BLINKY.dir/Micrium/Software/uCOS-III/Source/os_mem.c.obj
                0x08000d10                OS_MemInit
 *fill*         0x08000d16        0x2 
 .text.OS_MsgPoolInit
                0x08000d18       0x68 CMakeFiles/BLINKY.dir/Micrium/Software/uCOS-III/Source/os_msg.c.obj
                0x08000d18                OS_MsgPoolInit
 .text.OS_MsgQFreeAll
                0x08000d80       0x40 CMakeFiles/BLINKY.dir/Micrium/Software/uCOS-III/Source/os_msg.c.obj
                0x08000d80                OS_MsgQFreeAll
 .text.OS_MsgQInit
                0x08000dc0        0xc CMakeFiles/BLINKY.dir/Micrium/Software/uCOS-III/Source/os_msg.c.obj
                0x08000dc0                OS_MsgQInit
 .text.OSMutexCreate
                0x08000dcc       0x48 CMakeFiles/BLINKY.dir/Micrium/Software/uCOS-III/Source/os_mutex.c.obj
                0x08000dcc                OSMutexCreate
 .text.OS_MutexGrpAdd
                0x08000e14        0x8 CMakeFiles/BLINKY.dir/Micrium/Software/uCOS-III/Source/os_mutex.c.obj
                0x08000e14                OS_MutexGrpAdd
 .text.OSMutexPend
                0x08000e1c      0x168 CMakeFiles/BLINKY.dir/Micrium/Software/uCOS-III/Source/os_mutex.c.obj
                0x08000e1c                OSMutexPend
 .text.OS_MutexGrpRemove
                0x08000f84       0x14 CMakeFiles/BLINKY.dir/Micrium/Software/uCOS-III/Source/os_mutex.c.obj
                0x08000f84                OS_MutexGrpRemove
 .text.OS_MutexGrpPrioFindHighest
                0x08000f98       0x22 CMakeFiles/BLINKY.dir/Micrium/Software/uCOS-III/Source/os_mutex.c.obj
                0x08000f98                OS_MutexGrpPrioFindHighest
 *fill*         0x08000fba        0x2 
 .text.OSMutexPost
                0x08000fbc      0x144 CMakeFiles/BLINKY.dir/Micrium/Software/uCOS-III/Source/os_mutex.c.obj
                0x08000fbc                OSMutexPost
 .text.OS_MutexGrpPostAll
                0x08001100       0x46 CMakeFiles/BLINKY.dir/Micrium/Software/uCOS-III/Source/os_mutex.c.obj
                0x08001100                OS_MutexGrpPostAll
 *fill*         0x08001146        0x2 
 .text.OS_PrioInit
                0x08001148       0x18 CMakeFiles/BLINKY.dir/Micrium/Software/uCOS-III/Source/os_prio.c.obj
                0x08001148                OS_PrioInit
 .text.OS_PrioGetHighest
                0x08001160       0x24 CMakeFiles/BLINKY.dir/Micrium/Software/uCOS-III/Source/os_prio.c.obj
                0x08001160                OS_PrioGetHighest
 .text.OS_PrioInsert
                0x08001184       0x20 CMakeFiles/BLINKY.dir/Micrium/Software/uCOS-III/Source/os_prio.c.obj
                0x08001184                OS_PrioInsert
 .text.OS_PrioRemove
                0x080011a4       0x24 CMakeFiles/BLINKY.dir/Micrium/Software/uCOS-III/Source/os_prio.c.obj
                0x080011a4                OS_PrioRemove
 .text.OSSemCreate
                0x080011c8       0x48 CMakeFiles/BLINKY.dir/Micrium/Software/uCOS-III/Source/os_sem.c.obj
                0x080011c8                OSSemCreate
 .text.OSSemPend
                0x08001210      0x128 CMakeFiles/BLINKY.dir/Micrium/Software/uCOS-III/Source/os_sem.c.obj
                0x08001210                OSSemPend
 .text.OSSemPost
                0x08001338       0xcc CMakeFiles/BLINKY.dir/Micrium/Software/uCOS-III/Source/os_sem.c.obj
                0x08001338                OSSemPost
 .text.OSStatReset
                0x08001404       0x1c CMakeFiles/BLINKY.dir/Micrium/Software/uCOS-III/Source/os_stat.c.obj
                0x08001404                OSStatReset
 .text.OS_StatTask
                0x08001420      0x128 CMakeFiles/BLINKY.dir/Micrium/Software/uCOS-III/Source/os_stat.c.obj
                0x08001420                OS_StatTask
 .text.OSStatTaskCPUUsageInit
                0x08001548       0xcc CMakeFiles/BLINKY.dir/Micrium/Software/uCOS-III/Source/os_stat.c.obj
                0x08001548                OSStatTaskCPUUsageInit
 .text.OS_StatTaskInit
                0x08001614       0xa4 CMakeFiles/BLINKY.dir/Micrium/Software/uCOS-III/Source/os_stat.c.obj
                0x08001614                OS_StatTaskInit
 .text.OSTaskResume
                0x080016b8      0x100 CMakeFiles/BLINKY.dir/Micrium/Software/uCOS-III/Source/os_task.c.obj
                0x080016b8                OSTaskResume
 .text.OSTaskSemPend
                0x080017b8       0xe4 CMakeFiles/BLINKY.dir/Micrium/Software/uCOS-III/Source/os_task.c.obj
                0x080017b8                OSTaskSemPend
 .text.OSTaskSemPost
                0x0800189c       0xe4 CMakeFiles/BLINKY.dir/Micrium/Software/uCOS-III/Source/os_task.c.obj
                0x0800189c                OSTaskSemPost
 .text.OSTaskSuspend
                0x08001980      0x124 CMakeFiles/BLINKY.dir/Micrium/Software/uCOS-III/Source/os_task.c.obj
                0x08001980                OSTaskSuspend
 .text.OS_TaskInit
                0x08001aa4       0x18 CMakeFiles/BLINKY.dir/Micrium/Software/uCOS-III/Source/os_task.c.obj
                0x08001aa4                OS_TaskInit
 .text.OS_TaskInitTCB
                0x08001abc       0xa4 CMakeFiles/BLINKY.dir/Micrium/Software/uCOS-III/Source/os_task.c.obj
                0x08001abc                OS_TaskInitTCB
 .text.OSTaskCreate
                0x08001b60      0x19c CMakeFiles/BLINKY.dir/Micrium/Software/uCOS-III/Source/os_task.c.obj
                0x08001b60                OSTaskCreate
 .text.OS_TaskChangePrio
                0x08001cfc       0xb4 CMakeFiles/BLINKY.dir/Micrium/Software/uCOS-III/Source/os_task.c.obj
                0x08001cfc                OS_TaskChangePrio
 .text.OSTaskDel
                0x08001db0      0x14c CMakeFiles/BLINKY.dir/Micrium/Software/uCOS-III/Source/os_task.c.obj
                0x08001db0                OSTaskDel
 .text.OS_TaskReturn
                0x08001efc       0x20 CMakeFiles/BLINKY.dir/Micrium/Software/uCOS-III/Source/os_task.c.obj
                0x08001efc                OS_TaskReturn
 .text.OS_TickListUpdateDly
                0x08001f1c       0x6c CMakeFiles/BLINKY.dir/Micrium/Software/uCOS-III/Source/os_tick.c.obj
 .text.OS_TickListUpdateTimeout
                0x08001f88       0xd4 CMakeFiles/BLINKY.dir/Micrium/Software/uCOS-III/Source/os_tick.c.obj
 .text.OS_TickTask
                0x0800205c       0x48 CMakeFiles/BLINKY.dir/Micrium/Software/uCOS-III/Source/os_tick.c.obj
                0x0800205c                OS_TickTask
 .text.OS_TickTaskInit
                0x080020a4       0x94 CMakeFiles/BLINKY.dir/Micrium/Software/uCOS-III/Source/os_tick.c.obj
                0x080020a4                OS_TickTaskInit
 .text.OS_TickListInsert
                0x08002138       0x62 CMakeFiles/BLINKY.dir/Micrium/Software/uCOS-III/Source/os_tick.c.obj
                0x08002138                OS_TickListInsert
 *fill*         0x0800219a        0x2 
 .text.OS_TickListInsertDly
                0x0800219c       0x88 CMakeFiles/BLINKY.dir/Micrium/Software/uCOS-III/Source/os_tick.c.obj
                0x0800219c                OS_TickListInsertDly
 .text.OS_TickListRemove
                0x08002224       0x46 CMakeFiles/BLINKY.dir/Micrium/Software/uCOS-III/Source/os_tick.c.obj
                0x08002224                OS_TickListRemove
 *fill*         0x0800226a        0x2 
 .text.OSTimeDly
                0x0800226c       0x9c CMakeFiles/BLINKY.dir/Micrium/Software/uCOS-III/Source/os_time.c.obj
                0x0800226c                OSTimeDly
 .text.OSTimeDlyHMSM
                0x08002308      0x150 CMakeFiles/BLINKY.dir/Micrium/Software/uCOS-III/Source/os_time.c.obj
                0x08002308                OSTimeDlyHMSM
 .text.OSTimeTick
                0x08002458       0x70 CMakeFiles/BLINKY.dir/Micrium/Software/uCOS-III/Source/os_time.c.obj
                0x08002458                OSTimeTick
 .text.OS_TmrLock
                0x080024c8       0x24 CMakeFiles/BLINKY.dir/Micrium/Software/uCOS-III/Source/os_tmr.c.obj
 .text.OS_TmrUnlock
                0x080024ec       0x20 CMakeFiles/BLINKY.dir/Micrium/Software/uCOS-III/Source/os_tmr.c.obj
 .text.OS_TmrInit
                0x0800250c       0xe0 CMakeFiles/BLINKY.dir/Micrium/Software/uCOS-III/Source/os_tmr.c.obj
                0x0800250c                OS_TmrInit
 .text.OS_TmrUnlink
                0x080025ec       0x34 CMakeFiles/BLINKY.dir/Micrium/Software/uCOS-III/Source/os_tmr.c.obj
                0x080025ec                OS_TmrUnlink
 .text.OS_TmrTask
                0x08002620       0x7c CMakeFiles/BLINKY.dir/Micrium/Software/uCOS-III/Source/os_tmr.c.obj
                0x08002620                OS_TmrTask
 .text.OSIdleTaskHook
                0x0800269c       0x10 CMakeFiles/BLINKY.dir/Micrium/Software/uCOS-III/Ports/ARM-Cortex-M/ARMv7-M/GNU/os_cpu_c.c.obj
                0x0800269c                OSIdleTaskHook
 .text.OSInitHook
                0x080026ac       0x38 CMakeFiles/BLINKY.dir/Micrium/Software/uCOS-III/Ports/ARM-Cortex-M/ARMv7-M/GNU/os_cpu_c.c.obj
                0x080026ac                OSInitHook
 .text.OSStatTaskHook
                0x080026e4       0x10 CMakeFiles/BLINKY.dir/Micrium/Software/uCOS-III/Ports/ARM-Cortex-M/ARMv7-M/GNU/os_cpu_c.c.obj
                0x080026e4                OSStatTaskHook
 .text.OSTaskCreateHook
                0x080026f4       0x10 CMakeFiles/BLINKY.dir/Micrium/Software/uCOS-III/Ports/ARM-Cortex-M/ARMv7-M/GNU/os_cpu_c.c.obj
                0x080026f4                OSTaskCreateHook
 .text.OSTaskDelHook
                0x08002704       0x10 CMakeFiles/BLINKY.dir/Micrium/Software/uCOS-III/Ports/ARM-Cortex-M/ARMv7-M/GNU/os_cpu_c.c.obj
                0x08002704                OSTaskDelHook
 .text.OSTaskReturnHook
                0x08002714       0x10 CMakeFiles/BLINKY.dir/Micrium/Software/uCOS-III/Ports/ARM-Cortex-M/ARMv7-M/GNU/os_cpu_c.c.obj
                0x08002714                OSTaskReturnHook
 .text.OSTaskStkInit
                0x08002724      0x1a0 CMakeFiles/BLINKY.dir/Micrium/Software/uCOS-III/Ports/ARM-Cortex-M/ARMv7-M/GNU/os_cpu_c.c.obj
                0x08002724                OSTaskStkInit
 .text.OSTaskSwHook
                0x080028c4       0x50 CMakeFiles/BLINKY.dir/Micrium/Software/uCOS-III/Ports/ARM-Cortex-M/ARMv7-M/GNU/os_cpu_c.c.obj
                0x080028c4                OSTaskSwHook
 .text.OSTimeTickHook
                0x08002914       0x10 CMakeFiles/BLINKY.dir/Micrium/Software/uCOS-III/Ports/ARM-Cortex-M/ARMv7-M/GNU/os_cpu_c.c.obj
                0x08002914                OSTimeTickHook
 .text.OS_CPU_SysTickHandler
                0x08002924       0x1c CMakeFiles/BLINKY.dir/Micrium/Software/uCOS-III/Ports/ARM-Cortex-M/ARMv7-M/GNU/os_cpu_c.c.obj
                0x08002924                OS_CPU_SysTickHandler
 .text.OS_CPU_SysTickInit
                0x08002940       0x26 CMakeFiles/BLINKY.dir/Micrium/Software/uCOS-III/Ports/ARM-Cortex-M/ARMv7-M/GNU/os_cpu_c.c.obj
                0x08002940                OS_CPU_SysTickInit
 *fill*         0x08002966        0x2 
 .text.OS_CPU_SysTickInitFreq
                0x08002968       0x14 CMakeFiles/BLINKY.dir/Micrium/Software/uCOS-III/Ports/ARM-Cortex-M/ARMv7-M/GNU/os_cpu_c.c.obj
                0x08002968                OS_CPU_SysTickInitFreq
 .text.BSP_IntInit
                0x0800297c       0x38 CMakeFiles/BLINKY.dir/ST/BSP/Interrupts/bsp_int_armv7m.c.obj
                0x0800297c                BSP_IntInit
 .text.SystemInit
                0x080029b4       0x6c CMakeFiles/BLINKY.dir/ST/BSP/Startup/STM32H7xx/system_stm32h7xx.c.obj
                0x080029b4                SystemInit
 .text.BSP_ClkInit
                0x08002a20       0xc4 CMakeFiles/BLINKY.dir/ST/BSP/STM32H743ZI_Nucleo/bsp_clk.c.obj
                0x08002a20                BSP_ClkInit
 .text.BSP_ClkFreqGet
                0x08002ae4       0x2a CMakeFiles/BLINKY.dir/ST/BSP/STM32H743ZI_Nucleo/bsp_clk.c.obj
                0x08002ae4                BSP_ClkFreqGet
 *fill*         0x08002b0e        0x2 
 .text.CPU_TS_TmrInit
                0x08002b10       0x4c CMakeFiles/BLINKY.dir/ST/BSP/STM32H743ZI_Nucleo/bsp_cpu.c.obj
                0x08002b10                CPU_TS_TmrInit
 .text.BSP_LED_Init
                0x08002b5c       0x6c CMakeFiles/BLINKY.dir/ST/BSP/STM32H743ZI_Nucleo/bsp_led.c.obj
                0x08002b5c                BSP_LED_Init
 .text.BSP_OS_TickEnable
                0x08002bc8        0xe CMakeFiles/BLINKY.dir/ST/BSP/STM32H743ZI_Nucleo/bsp_os.c.obj
                0x08002bc8                BSP_OS_TickEnable
 .text.BSP_OS_TickDisable
                0x08002bd6        0xe CMakeFiles/BLINKY.dir/ST/BSP/STM32H743ZI_Nucleo/bsp_os.c.obj
                0x08002bd6                BSP_OS_TickDisable
 .text.BSP_OS_TickInit
                0x08002be4       0x22 CMakeFiles/BLINKY.dir/ST/BSP/STM32H743ZI_Nucleo/bsp_os.c.obj
                0x08002be4                BSP_OS_TickInit
 .text.HAL_InitTick
                0x08002c06        0x4 CMakeFiles/BLINKY.dir/ST/BSP/STM32H743ZI_Nucleo/bsp_os.c.obj
                0x08002c06                HAL_InitTick
 *fill*         0x08002c0a        0x2 
 .text.HAL_GPIO_Init
                0x08002c0c      0x1f8 CMakeFiles/BLINKY.dir/ST/BSP/SDK/STM32CubeH7/Drivers/STM32H7xx_HAL_Driver/Src/stm32h7xx_hal_gpio.c.obj
                0x08002c0c                HAL_GPIO_Init
 .text.HAL_GPIO_TogglePin
                0x08002e04        0x8 CMakeFiles/BLINKY.dir/ST/BSP/SDK/STM32CubeH7/Drivers/STM32H7xx_HAL_Driver/Src/stm32h7xx_hal_gpio.c.obj
                0x08002e04                HAL_GPIO_TogglePin
 .text.HAL_MspInit
                0x08002e0c        0x2 CMakeFiles/BLINKY.dir/ST/BSP/SDK/STM32CubeH7/Drivers/STM32H7xx_HAL_Driver/Src/stm32h7xx_hal.c.obj
                0x08002e0c                HAL_MspInit
 .text.HAL_Init
                0x08002e0e       0x1e CMakeFiles/BLINKY.dir/ST/BSP/SDK/STM32CubeH7/Drivers/STM32H7xx_HAL_Driver/Src/stm32h7xx_hal.c.obj
                0x08002e0e                HAL_Init
 .text.HAL_GetTick
                0x08002e2c        0xc CMakeFiles/BLINKY.dir/ST/BSP/SDK/STM32CubeH7/Drivers/STM32H7xx_HAL_Driver/Src/stm32h7xx_hal.c.obj
                0x08002e2c                HAL_GetTick
 .text.HAL_EnableCompensationCell
                0x08002e38       0x10 CMakeFiles/BLINKY.dir/ST/BSP/SDK/STM32CubeH7/Drivers/STM32H7xx_HAL_Driver/Src/stm32h7xx_hal.c.obj
                0x08002e38                HAL_EnableCompensationCell
 .text.HAL_RCC_OscConfig
                0x08002e48      0x58c CMakeFiles/BLINKY.dir/ST/BSP/SDK/STM32CubeH7/Drivers/STM32H7xx_HAL_Driver/Src/stm32h7xx_hal_rcc.c.obj
                0x08002e48                HAL_RCC_OscConfig
 .text.HAL_RCC_GetSysClockFreq
                0x080033d4      0x1c8 CMakeFiles/BLINKY.dir/ST/BSP/SDK/STM32CubeH7/Drivers/STM32H7xx_HAL_Driver/Src/stm32h7xx_hal_rcc.c.obj
                0x080033d4                HAL_RCC_GetSysClockFreq
 .text.HAL_RCC_ClockConfig
                0x0800359c      0x1f4 CMakeFiles/BLINKY.dir/ST/BSP/SDK/STM32CubeH7/Drivers/STM32H7xx_HAL_Driver/Src/stm32h7xx_hal_rcc.c.obj
                0x0800359c                HAL_RCC_ClockConfig
 .text.HAL_RCC_GetHCLKFreq
                0x08003790       0x34 CMakeFiles/BLINKY.dir/ST/BSP/SDK/STM32CubeH7/Drivers/STM32H7xx_HAL_Driver/Src/stm32h7xx_hal_rcc.c.obj
                0x08003790                HAL_RCC_GetHCLKFreq
 .text.HAL_RCC_GetPCLK1Freq
                0x080037c4       0x2c CMakeFiles/BLINKY.dir/ST/BSP/SDK/STM32CubeH7/Drivers/STM32H7xx_HAL_Driver/Src/stm32h7xx_hal_rcc.c.obj
                0x080037c4                HAL_RCC_GetPCLK1Freq
 .text.HAL_RCC_GetPCLK2Freq
                0x080037f0       0x2c CMakeFiles/BLINKY.dir/ST/BSP/SDK/STM32CubeH7/Drivers/STM32H7xx_HAL_Driver/Src/stm32h7xx_hal_rcc.c.obj
                0x080037f0                HAL_RCC_GetPCLK2Freq
 .text.HAL_NVIC_SetPriorityGrouping
                0x0800381c       0x24 CMakeFiles/BLINKY.dir/ST/BSP/SDK/STM32CubeH7/Drivers/STM32H7xx_HAL_Driver/Src/stm32h7xx_hal_cortex.c.obj
                0x0800381c                HAL_NVIC_SetPriorityGrouping
 .text.HAL_RCCEx_GetD1SysClockFreq
                0x08003840       0x34 CMakeFiles/BLINKY.dir/ST/BSP/SDK/STM32CubeH7/Drivers/STM32H7xx_HAL_Driver/Src/stm32h7xx_hal_rcc_ex.c.obj
                0x08003840                HAL_RCCEx_GetD1SysClockFreq
 .text.StartupTask
                0x08003874       0xf8 CMakeFiles/BLINKY.dir/ST/STM32H743ZI_Nucleo/Blinky/OS3/main.c.obj
 .text.TaskB    0x0800396c       0x2c CMakeFiles/BLINKY.dir/ST/STM32H743ZI_Nucleo/Blinky/OS3/main.c.obj
 .text.TaskA    0x08003998       0x8c CMakeFiles/BLINKY.dir/ST/STM32H743ZI_Nucleo/Blinky/OS3/main.c.obj
 .text.main     0x08003a24       0xa8 CMakeFiles/BLINKY.dir/ST/STM32H743ZI_Nucleo/Blinky/OS3/main.c.obj
                0x08003a24                main
 .text.App_OS_IdleTaskHook
                0x08003acc        0x2 CMakeFiles/BLINKY.dir/ST/STM32H743ZI_Nucleo/Blinky/OS3/os_app_hooks.c.obj
                0x08003acc                App_OS_IdleTaskHook
 .text.App_OS_StatTaskHook
                0x08003ace        0x2 CMakeFiles/BLINKY.dir/ST/STM32H743ZI_Nucleo/Blinky/OS3/os_app_hooks.c.obj
                0x08003ace                App_OS_StatTaskHook
 .text.App_OS_TaskCreateHook
                0x08003ad0        0x2 CMakeFiles/BLINKY.dir/ST/STM32H743ZI_Nucleo/Blinky/OS3/os_app_hooks.c.obj
                0x08003ad0                App_OS_TaskCreateHook
 .text.App_OS_TaskDelHook
                0x08003ad2        0x2 CMakeFiles/BLINKY.dir/ST/STM32H743ZI_Nucleo/Blinky/OS3/os_app_hooks.c.obj
                0x08003ad2                App_OS_TaskDelHook
 .text.App_OS_TaskReturnHook
                0x08003ad4        0x2 CMakeFiles/BLINKY.dir/ST/STM32H743ZI_Nucleo/Blinky/OS3/os_app_hooks.c.obj
                0x08003ad4                App_OS_TaskReturnHook
 .text.App_OS_TaskSwHook
                0x08003ad6        0x2 CMakeFiles/BLINKY.dir/ST/STM32H743ZI_Nucleo/Blinky/OS3/os_app_hooks.c.obj
                0x08003ad6                App_OS_TaskSwHook
 .text.App_OS_TimeTickHook
                0x08003ad8        0x2 CMakeFiles/BLINKY.dir/ST/STM32H743ZI_Nucleo/Blinky/OS3/os_app_hooks.c.obj
                0x08003ad8                App_OS_TimeTickHook
 *fill*         0x08003ada        0x2 
 .text.App_OS_SetAllHooks
                0x08003adc       0x70 CMakeFiles/BLINKY.dir/ST/STM32H743ZI_Nucleo/Blinky/OS3/os_app_hooks.c.obj
                0x08003adc                App_OS_SetAllHooks
 *(.glue_7)
 .glue_7        0x08003b4c        0x0 linker stubs
 *(.glue_7t)
 .glue_7t       0x08003b4c        0x0 linker stubs
 *(.eh_frame)
 .eh_frame      0x08003b4c        0x0 c:/progra~2/armgnu~1/112202~1.02/bin/../lib/gcc/arm-none-eabi/11.2.1/thumb/v7e-m+dp/hard/crtbegin.o
 *(.init)
 .init          0x08003b4c        0x4 c:/progra~2/armgnu~1/112202~1.02/bin/../lib/gcc/arm-none-eabi/11.2.1/thumb/v7e-m+dp/hard/crti.o
                0x08003b4c                _init
 .init          0x08003b50        0x8 c:/progra~2/armgnu~1/112202~1.02/bin/../lib/gcc/arm-none-eabi/11.2.1/thumb/v7e-m+dp/hard/crtn.o
 *(.fini)
 .fini          0x08003b58        0x4 c:/progra~2/armgnu~1/112202~1.02/bin/../lib/gcc/arm-none-eabi/11.2.1/thumb/v7e-m+dp/hard/crti.o
                0x08003b58                _fini
 .fini          0x08003b5c        0x8 c:/progra~2/armgnu~1/112202~1.02/bin/../lib/gcc/arm-none-eabi/11.2.1/thumb/v7e-m+dp/hard/crtn.o
                0x08003b64                . = ALIGN (0x4)
                0x08003b64                _etext = .

.vfp11_veneer   0x08003b64        0x0
 .vfp11_veneer  0x08003b64        0x0 linker stubs

.v4_bx          0x08003b64        0x0
 .v4_bx         0x08003b64        0x0 linker stubs

.iplt           0x08003b64        0x0
 .iplt          0x08003b64        0x0 c:/progra~2/armgnu~1/112202~1.02/bin/../lib/gcc/arm-none-eabi/11.2.1/thumb/v7e-m+dp/hard/crtbegin.o

.rodata         0x08003b64       0xa8
                0x08003b64                . = ALIGN (0x4)
 *(.rodata)
 *(.rodata*)
 .rodata.OSCfg_ISRStkBasePtr
                0x08003b64        0x4 CMakeFiles/BLINKY.dir/Micrium/Software/uCOS-III/Source/os_cfg_app.c.obj
                0x08003b64                OSCfg_ISRStkBasePtr
 .rodata.OSCfg_ISRStkSize
                0x08003b68        0x4 CMakeFiles/BLINKY.dir/Micrium/Software/uCOS-III/Source/os_cfg_app.c.obj
                0x08003b68                OSCfg_ISRStkSize
 .rodata.OSCfg_IdleTaskStkBasePtr
                0x08003b6c        0x4 CMakeFiles/BLINKY.dir/Micrium/Software/uCOS-III/Source/os_cfg_app.c.obj
                0x08003b6c                OSCfg_IdleTaskStkBasePtr
 .rodata.OSCfg_IdleTaskStkLimit
                0x08003b70        0x4 CMakeFiles/BLINKY.dir/Micrium/Software/uCOS-III/Source/os_cfg_app.c.obj
                0x08003b70                OSCfg_IdleTaskStkLimit
 .rodata.OSCfg_IdleTaskStkSize
                0x08003b74        0x4 CMakeFiles/BLINKY.dir/Micrium/Software/uCOS-III/Source/os_cfg_app.c.obj
                0x08003b74                OSCfg_IdleTaskStkSize
 .rodata.OSCfg_MsgPoolBasePtr
                0x08003b78        0x4 CMakeFiles/BLINKY.dir/Micrium/Software/uCOS-III/Source/os_cfg_app.c.obj
                0x08003b78                OSCfg_MsgPoolBasePtr
 .rodata.OSCfg_MsgPoolSize
                0x08003b7c        0x2 CMakeFiles/BLINKY.dir/Micrium/Software/uCOS-III/Source/os_cfg_app.c.obj
                0x08003b7c                OSCfg_MsgPoolSize
 .rodata.OSCfg_StatTaskPrio
                0x08003b7e        0x1 CMakeFiles/BLINKY.dir/Micrium/Software/uCOS-III/Source/os_cfg_app.c.obj
                0x08003b7e                OSCfg_StatTaskPrio
 *fill*         0x08003b7f        0x1 
 .rodata.OSCfg_StatTaskRate_Hz
                0x08003b80        0x4 CMakeFiles/BLINKY.dir/Micrium/Software/uCOS-III/Source/os_cfg_app.c.obj
                0x08003b80                OSCfg_StatTaskRate_Hz
 .rodata.OSCfg_StatTaskStkBasePtr
                0x08003b84        0x4 CMakeFiles/BLINKY.dir/Micrium/Software/uCOS-III/Source/os_cfg_app.c.obj
                0x08003b84                OSCfg_StatTaskStkBasePtr
 .rodata.OSCfg_StatTaskStkLimit
                0x08003b88        0x4 CMakeFiles/BLINKY.dir/Micrium/Software/uCOS-III/Source/os_cfg_app.c.obj
                0x08003b88                OSCfg_StatTaskStkLimit
 .rodata.OSCfg_StatTaskStkSize
                0x08003b8c        0x4 CMakeFiles/BLINKY.dir/Micrium/Software/uCOS-III/Source/os_cfg_app.c.obj
                0x08003b8c                OSCfg_StatTaskStkSize
 .rodata.OSCfg_StkSizeMin
                0x08003b90        0x4 CMakeFiles/BLINKY.dir/Micrium/Software/uCOS-III/Source/os_cfg_app.c.obj
                0x08003b90                OSCfg_StkSizeMin
 .rodata.OSCfg_TickRate_Hz
                0x08003b94        0x4 CMakeFiles/BLINKY.dir/Micrium/Software/uCOS-III/Source/os_cfg_app.c.obj
                0x08003b94                OSCfg_TickRate_Hz
 .rodata.OSCfg_TickTaskPrio
                0x08003b98        0x1 CMakeFiles/BLINKY.dir/Micrium/Software/uCOS-III/Source/os_cfg_app.c.obj
                0x08003b98                OSCfg_TickTaskPrio
 *fill*         0x08003b99        0x3 
 .rodata.OSCfg_TickTaskStkBasePtr
                0x08003b9c        0x4 CMakeFiles/BLINKY.dir/Micrium/Software/uCOS-III/Source/os_cfg_app.c.obj
                0x08003b9c                OSCfg_TickTaskStkBasePtr
 .rodata.OSCfg_TickTaskStkLimit
                0x08003ba0        0x4 CMakeFiles/BLINKY.dir/Micrium/Software/uCOS-III/Source/os_cfg_app.c.obj
                0x08003ba0                OSCfg_TickTaskStkLimit
 .rodata.OSCfg_TickTaskStkSize
                0x08003ba4        0x4 CMakeFiles/BLINKY.dir/Micrium/Software/uCOS-III/Source/os_cfg_app.c.obj
                0x08003ba4                OSCfg_TickTaskStkSize
 .rodata.OSCfg_TmrTaskPrio
                0x08003ba8        0x1 CMakeFiles/BLINKY.dir/Micrium/Software/uCOS-III/Source/os_cfg_app.c.obj
                0x08003ba8                OSCfg_TmrTaskPrio
 *fill*         0x08003ba9        0x3 
 .rodata.OSCfg_TmrTaskRate_Hz
                0x08003bac        0x4 CMakeFiles/BLINKY.dir/Micrium/Software/uCOS-III/Source/os_cfg_app.c.obj
                0x08003bac                OSCfg_TmrTaskRate_Hz
 .rodata.OSCfg_TmrTaskStkBasePtr
                0x08003bb0        0x4 CMakeFiles/BLINKY.dir/Micrium/Software/uCOS-III/Source/os_cfg_app.c.obj
                0x08003bb0                OSCfg_TmrTaskStkBasePtr
 .rodata.OSCfg_TmrTaskStkLimit
                0x08003bb4        0x4 CMakeFiles/BLINKY.dir/Micrium/Software/uCOS-III/Source/os_cfg_app.c.obj
                0x08003bb4                OSCfg_TmrTaskStkLimit
 .rodata.OSCfg_TmrTaskStkSize
                0x08003bb8        0x4 CMakeFiles/BLINKY.dir/Micrium/Software/uCOS-III/Source/os_cfg_app.c.obj
                0x08003bb8                OSCfg_TmrTaskStkSize
 .rodata.D1CorePrescTable
                0x08003bbc       0x10 CMakeFiles/BLINKY.dir/ST/BSP/Startup/STM32H7xx/system_stm32h7xx.c.obj
                0x08003bbc                D1CorePrescTable
 .rodata.StartupTask.str1.4
                0x08003bcc        0xf CMakeFiles/BLINKY.dir/ST/STM32H743ZI_Nucleo/Blinky/OS3/main.c.obj
 *fill*         0x08003bdb        0x1 
 .rodata.main.str1.4
                0x08003bdc       0x2d CMakeFiles/BLINKY.dir/ST/STM32H743ZI_Nucleo/Blinky/OS3/main.c.obj
                0x08003c0c                . = ALIGN (0x4)
 *fill*         0x08003c09        0x3 

.rel.dyn        0x08003c0c        0x0
 .rel.iplt      0x08003c0c        0x0 c:/progra~2/armgnu~1/112202~1.02/bin/../lib/gcc/arm-none-eabi/11.2.1/thumb/v7e-m+dp/hard/crtbegin.o

.ARM.extab
 *(.ARM.extab* .gnu.linkonce.armextab.*)

.ARM            0x08003c0c        0x0
                0x08003c0c                __exidx_start = .
 *(.ARM.exidx*)
                0x08003c0c                __exidx_end = .

.preinit_array  0x08003c0c        0x0
                0x08003c0c                PROVIDE (__preinit_array_start = .)
 *(.preinit_array*)
                0x08003c0c                PROVIDE (__preinit_array_end = .)

.init_array     0x08003c0c        0x4
                0x08003c0c                PROVIDE (__init_array_start = .)
 *(SORT_BY_NAME(.init_array.*))
 *(.init_array*)
 .init_array    0x08003c0c        0x4 c:/progra~2/armgnu~1/112202~1.02/bin/../lib/gcc/arm-none-eabi/11.2.1/thumb/v7e-m+dp/hard/crtbegin.o
                0x08003c10                PROVIDE (__init_array_end = .)

.fini_array     0x08003c10        0x4
                [!provide]                PROVIDE (__fini_array_start = .)
 *(SORT_BY_NAME(.fini_array.*))
 *(.fini_array*)
 .fini_array    0x08003c10        0x4 c:/progra~2/armgnu~1/112202~1.02/bin/../lib/gcc/arm-none-eabi/11.2.1/thumb/v7e-m+dp/hard/crtbegin.o
                [!provide]                PROVIDE (__fini_array_end = .)
                0x08003c14                _sidata = LOADADDR (.data)

.data           0x20000000        0x8 load address 0x08003c14
                0x20000000                . = ALIGN (0x4)
                0x20000000                _sdata = .
 *(.data)
 *(.data*)
 .data.SystemCoreClock
                0x20000000        0x4 CMakeFiles/BLINKY.dir/ST/BSP/Startup/STM32H7xx/system_stm32h7xx.c.obj
                0x20000000                SystemCoreClock
 .data.SystemD2Clock
                0x20000004        0x4 CMakeFiles/BLINKY.dir/ST/BSP/Startup/STM32H7xx/system_stm32h7xx.c.obj
                0x20000004                SystemD2Clock
                0x20000008                . = ALIGN (0x4)
                0x20000008                _edata = .
                0x08003c1c                _sisram_d1 = LOADADDR (.sram_d1)

.tm_clone_table
                0x20000008        0x0 load address 0x08003c1c
 .tm_clone_table
                0x20000008        0x0 c:/progra~2/armgnu~1/112202~1.02/bin/../lib/gcc/arm-none-eabi/11.2.1/thumb/v7e-m+dp/hard/crtbegin.o
 .tm_clone_table
                0x20000008        0x0 c:/progra~2/armgnu~1/112202~1.02/bin/../lib/gcc/arm-none-eabi/11.2.1/thumb/v7e-m+dp/hard/crtend.o

.igot.plt       0x20000008        0x0 load address 0x08003c1c
 .igot.plt      0x20000008        0x0 c:/progra~2/armgnu~1/112202~1.02/bin/../lib/gcc/arm-none-eabi/11.2.1/thumb/v7e-m+dp/hard/crtbegin.o

.sram_d1        0x24000000        0x0 load address 0x08003c1c
                0x24000000                . = ALIGN (0x4)
                0x24000000                _ssram_d1 = .
 *(.sram_d1)
 *(.sram_d1*)
                0x24000000                . = ALIGN (0x4)
                0x24000000                _esram_d1 = .
                0x08003c1c                _sisram_d2 = LOADADDR (.sram_d2)

.sram_d2        0x30000000        0x0 load address 0x08003c1c
                0x30000000                . = ALIGN (0x4)
                0x30000000                _ssram_d2 = .
 *(.sram_d2)
 *(.sram_d2*)
                0x30000000                . = ALIGN (0x4)
                0x30000000                _esram_d2 = .
                0x08003c1c                _sisram_d3 = LOADADDR (.sram_d3)

.sram_d3        0x38000000        0x0 load address 0x08003c1c
                0x38000000                . = ALIGN (0x4)
                0x38000000                _ssram_d3 = .
 *(.sram_d3)
 *(.sram_d3*)
                0x38000000                . = ALIGN (0x4)
                0x38000000                _esram_d3 = .
                0x38000000                . = ALIGN (0x4)

.bss            0x20000400     0x24d4
                0x20000400                _sbss = .
                0x20000400                __bss_start__ = _sbss
 *(.bss)
 *(.bss*)
 .bss.completed.1
                0x20000400        0x1 c:/progra~2/armgnu~1/112202~1.02/bin/../lib/gcc/arm-none-eabi/11.2.1/thumb/v7e-m+dp/hard/crtbegin.o
 *fill*         0x20000401        0x3 
 .bss.object.0  0x20000404       0x18 c:/progra~2/armgnu~1/112202~1.02/bin/../lib/gcc/arm-none-eabi/11.2.1/thumb/v7e-m+dp/hard/crtbegin.o
 .bss.CPU_TS_TmrFreq_Hz
                0x2000041c        0x4 CMakeFiles/BLINKY.dir/Micrium/Software/uC-CPU/cpu_core.c.obj
                0x2000041c                CPU_TS_TmrFreq_Hz
 .bss.Mem_SegHeadPtr
                0x20000420        0x4 CMakeFiles/BLINKY.dir/Micrium/Software/uC-LIB/lib_mem.c.obj
                0x20000420                Mem_SegHeadPtr
 .bss.OSCfg_ISRStk
                0x20000424      0x400 CMakeFiles/BLINKY.dir/Micrium/Software/uCOS-III/Source/os_cfg_app.c.obj
                0x20000424                OSCfg_ISRStk
 .bss.OSCfg_IdleTaskStk
                0x20000824      0x100 CMakeFiles/BLINKY.dir/Micrium/Software/uCOS-III/Source/os_cfg_app.c.obj
                0x20000824                OSCfg_IdleTaskStk
 .bss.OSCfg_MsgPool
                0x20000924      0x180 CMakeFiles/BLINKY.dir/Micrium/Software/uCOS-III/Source/os_cfg_app.c.obj
                0x20000924                OSCfg_MsgPool
 .bss.OSCfg_StatTaskStk
                0x20000aa4      0x200 CMakeFiles/BLINKY.dir/Micrium/Software/uCOS-III/Source/os_cfg_app.c.obj
                0x20000aa4                OSCfg_StatTaskStk
 .bss.OSCfg_TickTaskStk
                0x20000ca4      0x200 CMakeFiles/BLINKY.dir/Micrium/Software/uCOS-III/Source/os_cfg_app.c.obj
                0x20000ca4                OSCfg_TickTaskStk
 .bss.OSCfg_TmrTaskStk
                0x20000ea4      0x200 CMakeFiles/BLINKY.dir/Micrium/Software/uCOS-III/Source/os_cfg_app.c.obj
                0x20000ea4                OSCfg_TmrTaskStk
 .bss.OSPrioTbl
                0x200010a4        0x8 CMakeFiles/BLINKY.dir/Micrium/Software/uCOS-III/Source/os_prio.c.obj
                0x200010a4                OSPrioTbl
 .bss.OSIdleTaskTCB
                0x200010ac       0xac CMakeFiles/BLINKY.dir/Micrium/Software/uCOS-III/Source/os_var.c.obj
                0x200010ac                OSIdleTaskTCB
 .bss.OSInitialized
                0x20001158        0x1 CMakeFiles/BLINKY.dir/Micrium/Software/uCOS-III/Source/os_var.c.obj
                0x20001158                OSInitialized
 .bss.OSIntNestingCtr
                0x20001159        0x1 CMakeFiles/BLINKY.dir/Micrium/Software/uCOS-III/Source/os_var.c.obj
                0x20001159                OSIntNestingCtr
 *fill*         0x2000115a        0x2 
 .bss.OSMsgPool
                0x2000115c        0x8 CMakeFiles/BLINKY.dir/Micrium/Software/uCOS-III/Source/os_var.c.obj
                0x2000115c                OSMsgPool
 .bss.OSPrioCur
                0x20001164        0x1 CMakeFiles/BLINKY.dir/Micrium/Software/uCOS-III/Source/os_var.c.obj
                0x20001164                OSPrioCur
 .bss.OSPrioHighRdy
                0x20001165        0x1 CMakeFiles/BLINKY.dir/Micrium/Software/uCOS-III/Source/os_var.c.obj
                0x20001165                OSPrioHighRdy
 *fill*         0x20001166        0x2 
 .bss.OSRdyList
                0x20001168      0x200 CMakeFiles/BLINKY.dir/Micrium/Software/uCOS-III/Source/os_var.c.obj
                0x20001168                OSRdyList
 .bss.OSRunning
                0x20001368        0x1 CMakeFiles/BLINKY.dir/Micrium/Software/uCOS-III/Source/os_var.c.obj
                0x20001368                OSRunning
 .bss.OSSchedLockNestingCtr
                0x20001369        0x1 CMakeFiles/BLINKY.dir/Micrium/Software/uCOS-III/Source/os_var.c.obj
                0x20001369                OSSchedLockNestingCtr
 *fill*         0x2000136a        0x2 
 .bss.OSSchedRoundRobinDfltTimeQuanta
                0x2000136c        0x4 CMakeFiles/BLINKY.dir/Micrium/Software/uCOS-III/Source/os_var.c.obj
                0x2000136c                OSSchedRoundRobinDfltTimeQuanta
 .bss.OSSchedRoundRobinEn
                0x20001370        0x1 CMakeFiles/BLINKY.dir/Micrium/Software/uCOS-III/Source/os_var.c.obj
                0x20001370                OSSchedRoundRobinEn
 .bss.OSStatResetFlag
                0x20001371        0x1 CMakeFiles/BLINKY.dir/Micrium/Software/uCOS-III/Source/os_var.c.obj
                0x20001371                OSStatResetFlag
 .bss.OSStatTaskCPUUsage
                0x20001372        0x2 CMakeFiles/BLINKY.dir/Micrium/Software/uCOS-III/Source/os_var.c.obj
                0x20001372                OSStatTaskCPUUsage
 .bss.OSStatTaskCPUUsageMax
                0x20001374        0x2 CMakeFiles/BLINKY.dir/Micrium/Software/uCOS-III/Source/os_var.c.obj
                0x20001374                OSStatTaskCPUUsageMax
 *fill*         0x20001376        0x2 
 .bss.OSStatTaskCtr
                0x20001378        0x4 CMakeFiles/BLINKY.dir/Micrium/Software/uCOS-III/Source/os_var.c.obj
                0x20001378                OSStatTaskCtr
 .bss.OSStatTaskCtrMax
                0x2000137c        0x4 CMakeFiles/BLINKY.dir/Micrium/Software/uCOS-III/Source/os_var.c.obj
                0x2000137c                OSStatTaskCtrMax
 .bss.OSStatTaskCtrRun
                0x20001380        0x4 CMakeFiles/BLINKY.dir/Micrium/Software/uCOS-III/Source/os_var.c.obj
                0x20001380                OSStatTaskCtrRun
 .bss.OSStatTaskRdy
                0x20001384        0x1 CMakeFiles/BLINKY.dir/Micrium/Software/uCOS-III/Source/os_var.c.obj
                0x20001384                OSStatTaskRdy
 *fill*         0x20001385        0x3 
 .bss.OSStatTaskTCB
                0x20001388       0xac CMakeFiles/BLINKY.dir/Micrium/Software/uCOS-III/Source/os_var.c.obj
                0x20001388                OSStatTaskTCB
 .bss.OSTCBCurPtr
                0x20001434        0x4 CMakeFiles/BLINKY.dir/Micrium/Software/uCOS-III/Source/os_var.c.obj
                0x20001434                OSTCBCurPtr
 .bss.OSTCBHighRdyPtr
                0x20001438        0x4 CMakeFiles/BLINKY.dir/Micrium/Software/uCOS-III/Source/os_var.c.obj
                0x20001438                OSTCBHighRdyPtr
 .bss.OSTaskCtxSwCtr
                0x2000143c        0x4 CMakeFiles/BLINKY.dir/Micrium/Software/uCOS-III/Source/os_var.c.obj
                0x2000143c                OSTaskCtxSwCtr
 .bss.OSTaskQty
                0x20001440        0x2 CMakeFiles/BLINKY.dir/Micrium/Software/uCOS-III/Source/os_var.c.obj
                0x20001440                OSTaskQty
 .bss.OSTaskRegNextAvailID
                0x20001442        0x1 CMakeFiles/BLINKY.dir/Micrium/Software/uCOS-III/Source/os_var.c.obj
                0x20001442                OSTaskRegNextAvailID
 *fill*         0x20001443        0x1 
 .bss.OSTickCtr
                0x20001444        0x4 CMakeFiles/BLINKY.dir/Micrium/Software/uCOS-III/Source/os_var.c.obj
                0x20001444                OSTickCtr
 .bss.OSTickListDly
                0x20001448        0x4 CMakeFiles/BLINKY.dir/Micrium/Software/uCOS-III/Source/os_var.c.obj
                0x20001448                OSTickListDly
 .bss.OSTickListTimeout
                0x2000144c        0x4 CMakeFiles/BLINKY.dir/Micrium/Software/uCOS-III/Source/os_var.c.obj
                0x2000144c                OSTickListTimeout
 .bss.OSTickTaskTCB
                0x20001450       0xac CMakeFiles/BLINKY.dir/Micrium/Software/uCOS-III/Source/os_var.c.obj
                0x20001450                OSTickTaskTCB
 .bss.OSTmrListPtr
                0x200014fc        0x4 CMakeFiles/BLINKY.dir/Micrium/Software/uCOS-III/Source/os_var.c.obj
                0x200014fc                OSTmrListPtr
 .bss.OSTmrMutex
                0x20001500       0x18 CMakeFiles/BLINKY.dir/Micrium/Software/uCOS-III/Source/os_var.c.obj
                0x20001500                OSTmrMutex
 .bss.OSTmrTaskTCB
                0x20001518       0xac CMakeFiles/BLINKY.dir/Micrium/Software/uCOS-III/Source/os_var.c.obj
                0x20001518                OSTmrTaskTCB
 .bss.OSTmrTickCtr
                0x200015c4        0x4 CMakeFiles/BLINKY.dir/Micrium/Software/uCOS-III/Source/os_var.c.obj
                0x200015c4                OSTmrTickCtr
 .bss.OSTmrUpdateCnt
                0x200015c8        0x4 CMakeFiles/BLINKY.dir/Micrium/Software/uCOS-III/Source/os_var.c.obj
                0x200015c8                OSTmrUpdateCnt
 .bss.OSTmrUpdateCtr
                0x200015cc        0x4 CMakeFiles/BLINKY.dir/Micrium/Software/uCOS-III/Source/os_var.c.obj
                0x200015cc                OSTmrUpdateCtr
 .bss.OS_AppIdleTaskHookPtr
                0x200015d0        0x4 CMakeFiles/BLINKY.dir/Micrium/Software/uCOS-III/Source/os_var.c.obj
                0x200015d0                OS_AppIdleTaskHookPtr
 .bss.OS_AppStatTaskHookPtr
                0x200015d4        0x4 CMakeFiles/BLINKY.dir/Micrium/Software/uCOS-III/Source/os_var.c.obj
                0x200015d4                OS_AppStatTaskHookPtr
 .bss.OS_AppTaskCreateHookPtr
                0x200015d8        0x4 CMakeFiles/BLINKY.dir/Micrium/Software/uCOS-III/Source/os_var.c.obj
                0x200015d8                OS_AppTaskCreateHookPtr
 .bss.OS_AppTaskDelHookPtr
                0x200015dc        0x4 CMakeFiles/BLINKY.dir/Micrium/Software/uCOS-III/Source/os_var.c.obj
                0x200015dc                OS_AppTaskDelHookPtr
 .bss.OS_AppTaskReturnHookPtr
                0x200015e0        0x4 CMakeFiles/BLINKY.dir/Micrium/Software/uCOS-III/Source/os_var.c.obj
                0x200015e0                OS_AppTaskReturnHookPtr
 .bss.OS_AppTaskSwHookPtr
                0x200015e4        0x4 CMakeFiles/BLINKY.dir/Micrium/Software/uCOS-III/Source/os_var.c.obj
                0x200015e4                OS_AppTaskSwHookPtr
 .bss.OS_AppTimeTickHookPtr
                0x200015e8        0x4 CMakeFiles/BLINKY.dir/Micrium/Software/uCOS-III/Source/os_var.c.obj
                0x200015e8                OS_AppTimeTickHookPtr
 .bss.OS_CPU_ExceptStkBase
                0x200015ec        0x4 CMakeFiles/BLINKY.dir/Micrium/Software/uCOS-III/Ports/ARM-Cortex-M/ARMv7-M/GNU/os_cpu_c.c.obj
                0x200015ec                OS_CPU_ExceptStkBase
 *fill*         0x200015f0      0x210 
 .bss.VectorTbl_RAM
                0x20001800      0x298 CMakeFiles/BLINKY.dir/ST/BSP/Interrupts/bsp_int_armv7m.c.obj
                0x20001800                VectorTbl_RAM
 .bss.uwTick    0x20001a98        0x4 CMakeFiles/BLINKY.dir/ST/BSP/SDK/STM32CubeH7/Drivers/STM32H7xx_HAL_Driver/Src/stm32h7xx_hal.c.obj
 .bss.ArrayMutex
                0x20001a9c       0x18 CMakeFiles/BLINKY.dir/ST/STM32H743ZI_Nucleo/Blinky/OS3/main.c.obj
 .bss.ArraySem  0x20001ab4       0x10 CMakeFiles/BLINKY.dir/ST/STM32H743ZI_Nucleo/Blinky/OS3/main.c.obj
 .bss.StartupTaskStk
                0x20001ac4      0x400 CMakeFiles/BLINKY.dir/ST/STM32H743ZI_Nucleo/Blinky/OS3/main.c.obj
 .bss.StartupTaskTCB
                0x20001ec4       0xac CMakeFiles/BLINKY.dir/ST/STM32H743ZI_Nucleo/Blinky/OS3/main.c.obj
 .bss.TaskAStk  0x20001f70      0x400 CMakeFiles/BLINKY.dir/ST/STM32H743ZI_Nucleo/Blinky/OS3/main.c.obj
 .bss.TaskATCB  0x20002370       0xac CMakeFiles/BLINKY.dir/ST/STM32H743ZI_Nucleo/Blinky/OS3/main.c.obj
 .bss.TaskBStk  0x2000241c      0x400 CMakeFiles/BLINKY.dir/ST/STM32H743ZI_Nucleo/Blinky/OS3/main.c.obj
 .bss.TaskBTCB  0x2000281c       0xac CMakeFiles/BLINKY.dir/ST/STM32H743ZI_Nucleo/Blinky/OS3/main.c.obj
 .bss.au8_sem_array
                0x200028c8        0x2 CMakeFiles/BLINKY.dir/ST/STM32H743ZI_Nucleo/Blinky/OS3/main.c.obj
 *fill*         0x200028ca        0x2 
 .bss.au8_shared_array
                0x200028cc        0x8 CMakeFiles/BLINKY.dir/ST/STM32H743ZI_Nucleo/Blinky/OS3/main.c.obj
 *(COMMON)
                0x200028d4                . = ALIGN (0x4)
                0x200028d4                _ebss = .
                0x200028d4                __bss_end__ = _ebss

._user_heap_stack
                0x200028d4      0x800
                0x200028d4                . = ALIGN (0x4)
                [!provide]                PROVIDE (end = .)
                [!provide]                PROVIDE (_end = .)
                0x200028d4                . = (. + _Min_Heap_Size)
                0x200030d4                . = (. + _Min_Stack_Size)
 *fill*         0x200028d4      0x800 
                0x200030d4                . = ALIGN (0x4)

.memory_b1_text
 *(.mb1text)
 *(.mb1text*)
 *(.mb1rodata)
 *(.mb1rodata*)

/DISCARD/
 libc.a(*)
 libm.a(*)
 libgcc.a(*)

.ARM.attributes
                0x00000000       0x2e
 *(.ARM.attributes)
 .ARM.attributes
                0x00000000       0x1e c:/progra~2/armgnu~1/112202~1.02/bin/../lib/gcc/arm-none-eabi/11.2.1/thumb/v7e-m+dp/hard/crti.o
 .ARM.attributes
                0x0000001e       0x32 c:/progra~2/armgnu~1/112202~1.02/bin/../lib/gcc/arm-none-eabi/11.2.1/thumb/v7e-m+dp/hard/crtbegin.o
 .ARM.attributes
                0x00000050       0x32 c:/progra~2/armgnu~1/112202~1.02/bin/../lib/gcc/arm-none-eabi/11.2.1/thumb/v7e-m+dp/hard\libc.a(lib_a-init.o)
 .ARM.attributes
                0x00000082       0x21 CMakeFiles/BLINKY.dir/ST/BSP/Startup/STM32H7xx/GCC/startup_stm32h743xx.s.obj
 .ARM.attributes
                0x000000a3       0x1e CMakeFiles/BLINKY.dir/Micrium/Software/uCOS-III/Ports/ARM-Cortex-M/ARMv7-M/GNU/os_cpu_a.s.obj
 .ARM.attributes
                0x000000c1       0x1e CMakeFiles/BLINKY.dir/Micrium/Software/uC-CPU/ARM-Cortex-M4/GNU/cpu_a.s.obj
 .ARM.attributes
                0x000000df       0x32 CMakeFiles/BLINKY.dir/Micrium/Software/uC-CPU/cpu_core.c.obj
 .ARM.attributes
                0x00000111       0x32 CMakeFiles/BLINKY.dir/Micrium/Software/uC-LIB/lib_mem.c.obj
 .ARM.attributes
                0x00000143       0x32 CMakeFiles/BLINKY.dir/Micrium/Software/uCOS-III/Source/os_cfg_app.c.obj
 .ARM.attributes
                0x00000175       0x32 CMakeFiles/BLINKY.dir/Micrium/Software/uCOS-III/Source/os_core.c.obj
 .ARM.attributes
                0x000001a7       0x32 CMakeFiles/BLINKY.dir/Micrium/Software/uCOS-III/Source/os_mem.c.obj
 .ARM.attributes
                0x000001d9       0x32 CMakeFiles/BLINKY.dir/Micrium/Software/uCOS-III/Source/os_msg.c.obj
 .ARM.attributes
                0x0000020b       0x32 CMakeFiles/BLINKY.dir/Micrium/Software/uCOS-III/Source/os_mutex.c.obj
 .ARM.attributes
                0x0000023d       0x32 CMakeFiles/BLINKY.dir/Micrium/Software/uCOS-III/Source/os_prio.c.obj
 .ARM.attributes
                0x0000026f       0x32 CMakeFiles/BLINKY.dir/Micrium/Software/uCOS-III/Source/os_sem.c.obj
 .ARM.attributes
                0x000002a1       0x32 CMakeFiles/BLINKY.dir/Micrium/Software/uCOS-III/Source/os_stat.c.obj
 .ARM.attributes
                0x000002d3       0x32 CMakeFiles/BLINKY.dir/Micrium/Software/uCOS-III/Source/os_task.c.obj
 .ARM.attributes
                0x00000305       0x32 CMakeFiles/BLINKY.dir/Micrium/Software/uCOS-III/Source/os_tick.c.obj
 .ARM.attributes
                0x00000337       0x32 CMakeFiles/BLINKY.dir/Micrium/Software/uCOS-III/Source/os_time.c.obj
 .ARM.attributes
                0x00000369       0x32 CMakeFiles/BLINKY.dir/Micrium/Software/uCOS-III/Source/os_tmr.c.obj
 .ARM.attributes
                0x0000039b       0x32 CMakeFiles/BLINKY.dir/Micrium/Software/uCOS-III/Source/os_var.c.obj
 .ARM.attributes
                0x000003cd       0x32 CMakeFiles/BLINKY.dir/Micrium/Software/uCOS-III/Ports/ARM-Cortex-M/ARMv7-M/GNU/os_cpu_c.c.obj
 .ARM.attributes
                0x000003ff       0x32 CMakeFiles/BLINKY.dir/ST/BSP/Interrupts/bsp_int_armv7m.c.obj
 .ARM.attributes
                0x00000431       0x32 CMakeFiles/BLINKY.dir/ST/BSP/Startup/STM32H7xx/system_stm32h7xx.c.obj
 .ARM.attributes
                0x00000463       0x32 CMakeFiles/BLINKY.dir/ST/BSP/STM32H743ZI_Nucleo/bsp_clk.c.obj
 .ARM.attributes
                0x00000495       0x32 CMakeFiles/BLINKY.dir/ST/BSP/STM32H743ZI_Nucleo/bsp_cpu.c.obj
 .ARM.attributes
                0x000004c7       0x32 CMakeFiles/BLINKY.dir/ST/BSP/STM32H743ZI_Nucleo/bsp_led.c.obj
 .ARM.attributes
                0x000004f9       0x32 CMakeFiles/BLINKY.dir/ST/BSP/STM32H743ZI_Nucleo/bsp_os.c.obj
 .ARM.attributes
                0x0000052b       0x32 CMakeFiles/BLINKY.dir/ST/BSP/SDK/STM32CubeH7/Drivers/STM32H7xx_HAL_Driver/Src/stm32h7xx_hal_gpio.c.obj
 .ARM.attributes
                0x0000055d       0x32 CMakeFiles/BLINKY.dir/ST/BSP/SDK/STM32CubeH7/Drivers/STM32H7xx_HAL_Driver/Src/stm32h7xx_hal.c.obj
 .ARM.attributes
                0x0000058f       0x32 CMakeFiles/BLINKY.dir/ST/BSP/SDK/STM32CubeH7/Drivers/STM32H7xx_HAL_Driver/Src/stm32h7xx_hal_rcc.c.obj
 .ARM.attributes
                0x000005c1       0x32 CMakeFiles/BLINKY.dir/ST/BSP/SDK/STM32CubeH7/Drivers/STM32H7xx_HAL_Driver/Src/stm32h7xx_hal_cortex.c.obj
 .ARM.attributes
                0x000005f3       0x32 CMakeFiles/BLINKY.dir/ST/BSP/SDK/STM32CubeH7/Drivers/STM32H7xx_HAL_Driver/Src/stm32h7xx_hal_rcc_ex.c.obj
 .ARM.attributes
                0x00000625       0x32 CMakeFiles/BLINKY.dir/ST/STM32H743ZI_Nucleo/Blinky/OS3/main.c.obj
 .ARM.attributes
                0x00000657       0x32 CMakeFiles/BLINKY.dir/ST/STM32H743ZI_Nucleo/Blinky/OS3/os_app_hooks.c.obj
 .ARM.attributes
                0x00000689       0x32 c:/progra~2/armgnu~1/112202~1.02/bin/../lib/gcc/arm-none-eabi/11.2.1/thumb/v7e-m+dp/hard/crtend.o
 .ARM.attributes
                0x000006bb       0x1e c:/progra~2/armgnu~1/112202~1.02/bin/../lib/gcc/arm-none-eabi/11.2.1/thumb/v7e-m+dp/hard/crtn.o
OUTPUT(BLINKY.elf elf32-littlearm)
LOAD linker stubs
LOAD c:/progra~2/armgnu~1/112202~1.02/bin/../lib/gcc/arm-none-eabi/11.2.1/thumb/v7e-m+dp/hard\libc.a
LOAD c:/progra~2/armgnu~1/112202~1.02/bin/../lib/gcc/arm-none-eabi/11.2.1/thumb/v7e-m+dp/hard\libm.a
LOAD c:/progra~2/armgnu~1/112202~1.02/bin/../lib/gcc/arm-none-eabi/11.2.1/thumb/v7e-m+dp/hard\libgcc.a

.comment        0x00000000       0x57
 .comment       0x00000000       0x57 c:/progra~2/armgnu~1/112202~1.02/bin/../lib/gcc/arm-none-eabi/11.2.1/thumb/v7e-m+dp/hard/crtbegin.o
                                 0x58 (size before relaxing)
 .comment       0x00000057       0x58 c:/progra~2/armgnu~1/112202~1.02/bin/../lib/gcc/arm-none-eabi/11.2.1/thumb/v7e-m+dp/hard\libc.a(lib_a-init.o)
 .comment       0x00000057       0x58 CMakeFiles/BLINKY.dir/Micrium/Software/uC-CPU/cpu_core.c.obj
 .comment       0x00000057       0x58 CMakeFiles/BLINKY.dir/Micrium/Software/uC-LIB/lib_mem.c.obj
 .comment       0x00000057       0x58 CMakeFiles/BLINKY.dir/Micrium/Software/uCOS-III/Source/os_cfg_app.c.obj
 .comment       0x00000057       0x58 CMakeFiles/BLINKY.dir/Micrium/Software/uCOS-III/Source/os_core.c.obj
 .comment       0x00000057       0x58 CMakeFiles/BLINKY.dir/Micrium/Software/uCOS-III/Source/os_mem.c.obj
 .comment       0x00000057       0x58 CMakeFiles/BLINKY.dir/Micrium/Software/uCOS-III/Source/os_msg.c.obj
 .comment       0x00000057       0x58 CMakeFiles/BLINKY.dir/Micrium/Software/uCOS-III/Source/os_mutex.c.obj
 .comment       0x00000057       0x58 CMakeFiles/BLINKY.dir/Micrium/Software/uCOS-III/Source/os_prio.c.obj
 .comment       0x00000057       0x58 CMakeFiles/BLINKY.dir/Micrium/Software/uCOS-III/Source/os_sem.c.obj
 .comment       0x00000057       0x58 CMakeFiles/BLINKY.dir/Micrium/Software/uCOS-III/Source/os_stat.c.obj
 .comment       0x00000057       0x58 CMakeFiles/BLINKY.dir/Micrium/Software/uCOS-III/Source/os_task.c.obj
 .comment       0x00000057       0x58 CMakeFiles/BLINKY.dir/Micrium/Software/uCOS-III/Source/os_tick.c.obj
 .comment       0x00000057       0x58 CMakeFiles/BLINKY.dir/Micrium/Software/uCOS-III/Source/os_time.c.obj
 .comment       0x00000057       0x58 CMakeFiles/BLINKY.dir/Micrium/Software/uCOS-III/Source/os_tmr.c.obj
 .comment       0x00000057       0x58 CMakeFiles/BLINKY.dir/Micrium/Software/uCOS-III/Source/os_var.c.obj
 .comment       0x00000057       0x58 CMakeFiles/BLINKY.dir/Micrium/Software/uCOS-III/Ports/ARM-Cortex-M/ARMv7-M/GNU/os_cpu_c.c.obj
 .comment       0x00000057       0x58 CMakeFiles/BLINKY.dir/ST/BSP/Interrupts/bsp_int_armv7m.c.obj
 .comment       0x00000057       0x58 CMakeFiles/BLINKY.dir/ST/BSP/Startup/STM32H7xx/system_stm32h7xx.c.obj
 .comment       0x00000057       0x58 CMakeFiles/BLINKY.dir/ST/BSP/STM32H743ZI_Nucleo/bsp_clk.c.obj
 .comment       0x00000057       0x58 CMakeFiles/BLINKY.dir/ST/BSP/STM32H743ZI_Nucleo/bsp_cpu.c.obj
 .comment       0x00000057       0x58 CMakeFiles/BLINKY.dir/ST/BSP/STM32H743ZI_Nucleo/bsp_led.c.obj
 .comment       0x00000057       0x58 CMakeFiles/BLINKY.dir/ST/BSP/STM32H743ZI_Nucleo/bsp_os.c.obj
 .comment       0x00000057       0x58 CMakeFiles/BLINKY.dir/ST/BSP/SDK/STM32CubeH7/Drivers/STM32H7xx_HAL_Driver/Src/stm32h7xx_hal_gpio.c.obj
 .comment       0x00000057       0x58 CMakeFiles/BLINKY.dir/ST/BSP/SDK/STM32CubeH7/Drivers/STM32H7xx_HAL_Driver/Src/stm32h7xx_hal.c.obj
 .comment       0x00000057       0x58 CMakeFiles/BLINKY.dir/ST/BSP/SDK/STM32CubeH7/Drivers/STM32H7xx_HAL_Driver/Src/stm32h7xx_hal_rcc.c.obj
 .comment       0x00000057       0x58 CMakeFiles/BLINKY.dir/ST/BSP/SDK/STM32CubeH7/Drivers/STM32H7xx_HAL_Driver/Src/stm32h7xx_hal_cortex.c.obj
 .comment       0x00000057       0x58 CMakeFiles/BLINKY.dir/ST/BSP/SDK/STM32CubeH7/Drivers/STM32H7xx_HAL_Driver/Src/stm32h7xx_hal_rcc_ex.c.obj
 .comment       0x00000057       0x58 CMakeFiles/BLINKY.dir/ST/STM32H743ZI_Nucleo/Blinky/OS3/main.c.obj
 .comment       0x00000057       0x58 CMakeFiles/BLINKY.dir/ST/STM32H743ZI_Nucleo/Blinky/OS3/os_app_hooks.c.obj
 .comment       0x00000057       0x58 c:/progra~2/armgnu~1/112202~1.02/bin/../lib/gcc/arm-none-eabi/11.2.1/thumb/v7e-m+dp/hard/crtend.o

.debug_info     0x00000000    0x189fd
 .debug_info    0x00000000      0x10b c:/progra~2/armgnu~1/112202~1.02/bin/../lib/gcc/arm-none-eabi/11.2.1/thumb/v7e-m+dp/hard\libc.a(lib_a-init.o)
 .debug_info    0x0000010b       0x23 CMakeFiles/BLINKY.dir/ST/BSP/Startup/STM32H7xx/GCC/startup_stm32h743xx.s.obj
 .debug_info    0x0000012e       0x25 CMakeFiles/BLINKY.dir/Micrium/Software/uCOS-III/Ports/ARM-Cortex-M/ARMv7-M/GNU/os_cpu_a.s.obj
 .debug_info    0x00000153       0x24 CMakeFiles/BLINKY.dir/Micrium/Software/uC-CPU/ARM-Cortex-M4/GNU/cpu_a.s.obj
 .debug_info    0x00000177      0x5d5 CMakeFiles/BLINKY.dir/Micrium/Software/uC-CPU/cpu_core.c.obj
 .debug_info    0x0000074c     0x1436 CMakeFiles/BLINKY.dir/Micrium/Software/uC-LIB/lib_mem.c.obj
 .debug_info    0x00001b82      0x529 CMakeFiles/BLINKY.dir/Micrium/Software/uCOS-III/Source/os_cfg_app.c.obj
 .debug_info    0x000020ab     0x1994 CMakeFiles/BLINKY.dir/Micrium/Software/uCOS-III/Source/os_core.c.obj
 .debug_info    0x00003a3f      0x88c CMakeFiles/BLINKY.dir/Micrium/Software/uCOS-III/Source/os_mem.c.obj
 .debug_info    0x000042cb      0x89d CMakeFiles/BLINKY.dir/Micrium/Software/uCOS-III/Source/os_msg.c.obj
 .debug_info    0x00004b68     0x1472 CMakeFiles/BLINKY.dir/Micrium/Software/uCOS-III/Source/os_mutex.c.obj
 .debug_info    0x00005fda      0x217 CMakeFiles/BLINKY.dir/Micrium/Software/uCOS-III/Source/os_prio.c.obj
 .debug_info    0x000061f1     0x114f CMakeFiles/BLINKY.dir/Micrium/Software/uCOS-III/Source/os_sem.c.obj
 .debug_info    0x00007340      0xed1 CMakeFiles/BLINKY.dir/Micrium/Software/uCOS-III/Source/os_stat.c.obj
 .debug_info    0x00008211     0x20c8 CMakeFiles/BLINKY.dir/Micrium/Software/uCOS-III/Source/os_task.c.obj
 .debug_info    0x0000a2d9      0xf8a CMakeFiles/BLINKY.dir/Micrium/Software/uCOS-III/Source/os_tick.c.obj
 .debug_info    0x0000b263     0x1016 CMakeFiles/BLINKY.dir/Micrium/Software/uCOS-III/Source/os_time.c.obj
 .debug_info    0x0000c279     0x13bc CMakeFiles/BLINKY.dir/Micrium/Software/uCOS-III/Source/os_tmr.c.obj
 .debug_info    0x0000d635      0x9a0 CMakeFiles/BLINKY.dir/Micrium/Software/uCOS-III/Source/os_var.c.obj
 .debug_info    0x0000dfd5      0x9b0 CMakeFiles/BLINKY.dir/Micrium/Software/uCOS-III/Ports/ARM-Cortex-M/ARMv7-M/GNU/os_cpu_c.c.obj
 .debug_info    0x0000e985      0x606 CMakeFiles/BLINKY.dir/ST/BSP/Interrupts/bsp_int_armv7m.c.obj
 .debug_info    0x0000ef8b      0x999 CMakeFiles/BLINKY.dir/ST/BSP/Startup/STM32H7xx/system_stm32h7xx.c.obj
 .debug_info    0x0000f924      0x8fc CMakeFiles/BLINKY.dir/ST/BSP/STM32H743ZI_Nucleo/bsp_clk.c.obj
 .debug_info    0x00010220      0x226 CMakeFiles/BLINKY.dir/ST/BSP/STM32H743ZI_Nucleo/bsp_cpu.c.obj
 .debug_info    0x00010446      0x697 CMakeFiles/BLINKY.dir/ST/BSP/STM32H743ZI_Nucleo/bsp_led.c.obj
 .debug_info    0x00010add      0x252 CMakeFiles/BLINKY.dir/ST/BSP/STM32H743ZI_Nucleo/bsp_os.c.obj
 .debug_info    0x00010d2f      0xc12 CMakeFiles/BLINKY.dir/ST/BSP/SDK/STM32CubeH7/Drivers/STM32H7xx_HAL_Driver/Src/stm32h7xx_hal_gpio.c.obj
 .debug_info    0x00011941     0x1553 CMakeFiles/BLINKY.dir/ST/BSP/SDK/STM32CubeH7/Drivers/STM32H7xx_HAL_Driver/Src/stm32h7xx_hal.c.obj
 .debug_info    0x00012e94     0x13b3 CMakeFiles/BLINKY.dir/ST/BSP/SDK/STM32CubeH7/Drivers/STM32H7xx_HAL_Driver/Src/stm32h7xx_hal_rcc.c.obj
 .debug_info    0x00014247     0x1230 CMakeFiles/BLINKY.dir/ST/BSP/SDK/STM32CubeH7/Drivers/STM32H7xx_HAL_Driver/Src/stm32h7xx_hal_cortex.c.obj
 .debug_info    0x00015477     0x19a1 CMakeFiles/BLINKY.dir/ST/BSP/SDK/STM32CubeH7/Drivers/STM32H7xx_HAL_Driver/Src/stm32h7xx_hal_rcc_ex.c.obj
 .debug_info    0x00016e18     0x14b3 CMakeFiles/BLINKY.dir/ST/STM32H743ZI_Nucleo/Blinky/OS3/main.c.obj
 .debug_info    0x000182cb      0x732 CMakeFiles/BLINKY.dir/ST/STM32H743ZI_Nucleo/Blinky/OS3/os_app_hooks.c.obj

.debug_abbrev   0x00000000     0x3e82
 .debug_abbrev  0x00000000       0xc9 c:/progra~2/armgnu~1/112202~1.02/bin/../lib/gcc/arm-none-eabi/11.2.1/thumb/v7e-m+dp/hard\libc.a(lib_a-init.o)
 .debug_abbrev  0x000000c9       0x12 CMakeFiles/BLINKY.dir/ST/BSP/Startup/STM32H7xx/GCC/startup_stm32h743xx.s.obj
 .debug_abbrev  0x000000db       0x14 CMakeFiles/BLINKY.dir/Micrium/Software/uCOS-III/Ports/ARM-Cortex-M/ARMv7-M/GNU/os_cpu_a.s.obj
 .debug_abbrev  0x000000ef       0x14 CMakeFiles/BLINKY.dir/Micrium/Software/uC-CPU/ARM-Cortex-M4/GNU/cpu_a.s.obj
 .debug_abbrev  0x00000103      0x222 CMakeFiles/BLINKY.dir/Micrium/Software/uC-CPU/cpu_core.c.obj
 .debug_abbrev  0x00000325      0x214 CMakeFiles/BLINKY.dir/Micrium/Software/uC-LIB/lib_mem.c.obj
 .debug_abbrev  0x00000539       0xd5 CMakeFiles/BLINKY.dir/Micrium/Software/uCOS-III/Source/os_cfg_app.c.obj
 .debug_abbrev  0x0000060e      0x282 CMakeFiles/BLINKY.dir/Micrium/Software/uCOS-III/Source/os_core.c.obj
 .debug_abbrev  0x00000890      0x1c1 CMakeFiles/BLINKY.dir/Micrium/Software/uCOS-III/Source/os_mem.c.obj
 .debug_abbrev  0x00000a51      0x1d8 CMakeFiles/BLINKY.dir/Micrium/Software/uCOS-III/Source/os_msg.c.obj
 .debug_abbrev  0x00000c29      0x27f CMakeFiles/BLINKY.dir/Micrium/Software/uCOS-III/Source/os_mutex.c.obj
 .debug_abbrev  0x00000ea8      0x133 CMakeFiles/BLINKY.dir/Micrium/Software/uCOS-III/Source/os_prio.c.obj
 .debug_abbrev  0x00000fdb      0x281 CMakeFiles/BLINKY.dir/Micrium/Software/uCOS-III/Source/os_sem.c.obj
 .debug_abbrev  0x0000125c      0x248 CMakeFiles/BLINKY.dir/Micrium/Software/uCOS-III/Source/os_stat.c.obj
 .debug_abbrev  0x000014a4      0x2ba CMakeFiles/BLINKY.dir/Micrium/Software/uCOS-III/Source/os_task.c.obj
 .debug_abbrev  0x0000175e      0x28b CMakeFiles/BLINKY.dir/Micrium/Software/uCOS-III/Source/os_tick.c.obj
 .debug_abbrev  0x000019e9      0x250 CMakeFiles/BLINKY.dir/Micrium/Software/uCOS-III/Source/os_time.c.obj
 .debug_abbrev  0x00001c39      0x283 CMakeFiles/BLINKY.dir/Micrium/Software/uCOS-III/Source/os_tmr.c.obj
 .debug_abbrev  0x00001ebc       0xcf CMakeFiles/BLINKY.dir/Micrium/Software/uCOS-III/Source/os_var.c.obj
 .debug_abbrev  0x00001f8b      0x298 CMakeFiles/BLINKY.dir/Micrium/Software/uCOS-III/Ports/ARM-Cortex-M/ARMv7-M/GNU/os_cpu_c.c.obj
 .debug_abbrev  0x00002223      0x140 CMakeFiles/BLINKY.dir/ST/BSP/Interrupts/bsp_int_armv7m.c.obj
 .debug_abbrev  0x00002363      0x18e CMakeFiles/BLINKY.dir/ST/BSP/Startup/STM32H7xx/system_stm32h7xx.c.obj
 .debug_abbrev  0x000024f1      0x27b CMakeFiles/BLINKY.dir/ST/BSP/STM32H743ZI_Nucleo/bsp_clk.c.obj
 .debug_abbrev  0x0000276c      0x146 CMakeFiles/BLINKY.dir/ST/BSP/STM32H743ZI_Nucleo/bsp_cpu.c.obj
 .debug_abbrev  0x000028b2      0x1b2 CMakeFiles/BLINKY.dir/ST/BSP/STM32H743ZI_Nucleo/bsp_led.c.obj
 .debug_abbrev  0x00002a64      0x17f CMakeFiles/BLINKY.dir/ST/BSP/STM32H743ZI_Nucleo/bsp_os.c.obj
 .debug_abbrev  0x00002be3      0x246 CMakeFiles/BLINKY.dir/ST/BSP/SDK/STM32CubeH7/Drivers/STM32H7xx_HAL_Driver/Src/stm32h7xx_hal_gpio.c.obj
 .debug_abbrev  0x00002e29      0x2da CMakeFiles/BLINKY.dir/ST/BSP/SDK/STM32CubeH7/Drivers/STM32H7xx_HAL_Driver/Src/stm32h7xx_hal.c.obj
 .debug_abbrev  0x00003103      0x2fd CMakeFiles/BLINKY.dir/ST/BSP/SDK/STM32CubeH7/Drivers/STM32H7xx_HAL_Driver/Src/stm32h7xx_hal_rcc.c.obj
 .debug_abbrev  0x00003400      0x37e CMakeFiles/BLINKY.dir/ST/BSP/SDK/STM32CubeH7/Drivers/STM32H7xx_HAL_Driver/Src/stm32h7xx_hal_cortex.c.obj
 .debug_abbrev  0x0000377e      0x30b CMakeFiles/BLINKY.dir/ST/BSP/SDK/STM32CubeH7/Drivers/STM32H7xx_HAL_Driver/Src/stm32h7xx_hal_rcc_ex.c.obj
 .debug_abbrev  0x00003a89      0x265 CMakeFiles/BLINKY.dir/ST/STM32H743ZI_Nucleo/Blinky/OS3/main.c.obj
 .debug_abbrev  0x00003cee      0x194 CMakeFiles/BLINKY.dir/ST/STM32H743ZI_Nucleo/Blinky/OS3/os_app_hooks.c.obj

.debug_loclists
                0x00000000     0x7df0
 .debug_loclists
                0x00000000       0x7a c:/progra~2/armgnu~1/112202~1.02/bin/../lib/gcc/arm-none-eabi/11.2.1/thumb/v7e-m+dp/hard\libc.a(lib_a-init.o)
 .debug_loclists
                0x0000007a      0x474 CMakeFiles/BLINKY.dir/Micrium/Software/uC-CPU/cpu_core.c.obj
 .debug_loclists
                0x000004ee     0x1286 CMakeFiles/BLINKY.dir/Micrium/Software/uC-LIB/lib_mem.c.obj
 .debug_loclists
                0x00001774      0x75b CMakeFiles/BLINKY.dir/Micrium/Software/uCOS-III/Source/os_core.c.obj
 .debug_loclists
                0x00001ecf      0x2c7 CMakeFiles/BLINKY.dir/Micrium/Software/uCOS-III/Source/os_mem.c.obj
 .debug_loclists
                0x00002196      0x20e CMakeFiles/BLINKY.dir/Micrium/Software/uCOS-III/Source/os_msg.c.obj
 .debug_loclists
                0x000023a4      0x649 CMakeFiles/BLINKY.dir/Micrium/Software/uCOS-III/Source/os_mutex.c.obj
 .debug_loclists
                0x000029ed       0xe1 CMakeFiles/BLINKY.dir/Micrium/Software/uCOS-III/Source/os_prio.c.obj
 .debug_loclists
                0x00002ace      0x5c4 CMakeFiles/BLINKY.dir/Micrium/Software/uCOS-III/Source/os_sem.c.obj
 .debug_loclists
                0x00003092      0x142 CMakeFiles/BLINKY.dir/Micrium/Software/uCOS-III/Source/os_stat.c.obj
 .debug_loclists
                0x000031d4     0x124d CMakeFiles/BLINKY.dir/Micrium/Software/uCOS-III/Source/os_task.c.obj
 .debug_loclists
                0x00004421      0x318 CMakeFiles/BLINKY.dir/Micrium/Software/uCOS-III/Source/os_tick.c.obj
 .debug_loclists
                0x00004739      0x4cf CMakeFiles/BLINKY.dir/Micrium/Software/uCOS-III/Source/os_time.c.obj
 .debug_loclists
                0x00004c08      0x5f9 CMakeFiles/BLINKY.dir/Micrium/Software/uCOS-III/Source/os_tmr.c.obj
 .debug_loclists
                0x00005201      0x39f CMakeFiles/BLINKY.dir/Micrium/Software/uCOS-III/Ports/ARM-Cortex-M/ARMv7-M/GNU/os_cpu_c.c.obj
 .debug_loclists
                0x000055a0       0xa4 CMakeFiles/BLINKY.dir/ST/BSP/Interrupts/bsp_int_armv7m.c.obj
 .debug_loclists
                0x00005644      0x1d3 CMakeFiles/BLINKY.dir/ST/BSP/Startup/STM32H7xx/system_stm32h7xx.c.obj
 .debug_loclists
                0x00005817       0xa8 CMakeFiles/BLINKY.dir/ST/BSP/STM32H743ZI_Nucleo/bsp_clk.c.obj
 .debug_loclists
                0x000058bf       0x5b CMakeFiles/BLINKY.dir/ST/BSP/STM32H743ZI_Nucleo/bsp_cpu.c.obj
 .debug_loclists
                0x0000591a       0x53 CMakeFiles/BLINKY.dir/ST/BSP/STM32H743ZI_Nucleo/bsp_os.c.obj
 .debug_loclists
                0x0000596d      0x328 CMakeFiles/BLINKY.dir/ST/BSP/SDK/STM32CubeH7/Drivers/STM32H7xx_HAL_Driver/Src/stm32h7xx_hal_gpio.c.obj
 .debug_loclists
                0x00005c95      0x28c CMakeFiles/BLINKY.dir/ST/BSP/SDK/STM32CubeH7/Drivers/STM32H7xx_HAL_Driver/Src/stm32h7xx_hal.c.obj
 .debug_loclists
                0x00005f21      0x718 CMakeFiles/BLINKY.dir/ST/BSP/SDK/STM32CubeH7/Drivers/STM32H7xx_HAL_Driver/Src/stm32h7xx_hal_rcc.c.obj
 .debug_loclists
                0x00006639      0x4ba CMakeFiles/BLINKY.dir/ST/BSP/SDK/STM32CubeH7/Drivers/STM32H7xx_HAL_Driver/Src/stm32h7xx_hal_cortex.c.obj
 .debug_loclists
                0x00006af3     0x1274 CMakeFiles/BLINKY.dir/ST/BSP/SDK/STM32CubeH7/Drivers/STM32H7xx_HAL_Driver/Src/stm32h7xx_hal_rcc_ex.c.obj
 .debug_loclists
                0x00007d67       0x53 CMakeFiles/BLINKY.dir/ST/STM32H743ZI_Nucleo/Blinky/OS3/main.c.obj
 .debug_loclists
                0x00007dba       0x36 CMakeFiles/BLINKY.dir/ST/STM32H743ZI_Nucleo/Blinky/OS3/os_app_hooks.c.obj

.debug_aranges  0x00000000      0xce0
 .debug_aranges
                0x00000000       0x20 c:/progra~2/armgnu~1/112202~1.02/bin/../lib/gcc/arm-none-eabi/11.2.1/thumb/v7e-m+dp/hard\libc.a(lib_a-init.o)
 .debug_aranges
                0x00000020       0x28 CMakeFiles/BLINKY.dir/ST/BSP/Startup/STM32H7xx/GCC/startup_stm32h743xx.s.obj
 .debug_aranges
                0x00000048       0x20 CMakeFiles/BLINKY.dir/Micrium/Software/uCOS-III/Ports/ARM-Cortex-M/ARMv7-M/GNU/os_cpu_a.s.obj
 .debug_aranges
                0x00000068       0x20 CMakeFiles/BLINKY.dir/Micrium/Software/uC-CPU/ARM-Cortex-M4/GNU/cpu_a.s.obj
 .debug_aranges
                0x00000088       0xa0 CMakeFiles/BLINKY.dir/Micrium/Software/uC-CPU/cpu_core.c.obj
 .debug_aranges
                0x00000128       0xc0 CMakeFiles/BLINKY.dir/Micrium/Software/uC-LIB/lib_mem.c.obj
 .debug_aranges
                0x000001e8       0x20 CMakeFiles/BLINKY.dir/Micrium/Software/uCOS-III/Source/os_cfg_app.c.obj
 .debug_aranges
                0x00000208       0xf0 CMakeFiles/BLINKY.dir/Micrium/Software/uCOS-III/Source/os_core.c.obj
 .debug_aranges
                0x000002f8       0x38 CMakeFiles/BLINKY.dir/Micrium/Software/uCOS-III/Source/os_mem.c.obj
 .debug_aranges
                0x00000330       0x40 CMakeFiles/BLINKY.dir/Micrium/Software/uCOS-III/Source/os_msg.c.obj
 .debug_aranges
                0x00000370       0x68 CMakeFiles/BLINKY.dir/Micrium/Software/uCOS-III/Source/os_mutex.c.obj
 .debug_aranges
                0x000003d8       0x38 CMakeFiles/BLINKY.dir/Micrium/Software/uCOS-III/Source/os_prio.c.obj
 .debug_aranges
                0x00000410       0x50 CMakeFiles/BLINKY.dir/Micrium/Software/uCOS-III/Source/os_sem.c.obj
 .debug_aranges
                0x00000460       0x38 CMakeFiles/BLINKY.dir/Micrium/Software/uCOS-III/Source/os_stat.c.obj
 .debug_aranges
                0x00000498       0xc8 CMakeFiles/BLINKY.dir/Micrium/Software/uCOS-III/Source/os_task.c.obj
 .debug_aranges
                0x00000560       0x50 CMakeFiles/BLINKY.dir/Micrium/Software/uCOS-III/Source/os_tick.c.obj
 .debug_aranges
                0x000005b0       0x48 CMakeFiles/BLINKY.dir/Micrium/Software/uCOS-III/Source/os_time.c.obj
 .debug_aranges
                0x000005f8       0x80 CMakeFiles/BLINKY.dir/Micrium/Software/uCOS-III/Source/os_tmr.c.obj
 .debug_aranges
                0x00000678       0x18 CMakeFiles/BLINKY.dir/Micrium/Software/uCOS-III/Source/os_var.c.obj
 .debug_aranges
                0x00000690       0x78 CMakeFiles/BLINKY.dir/Micrium/Software/uCOS-III/Ports/ARM-Cortex-M/ARMv7-M/GNU/os_cpu_c.c.obj
 .debug_aranges
                0x00000708       0x40 CMakeFiles/BLINKY.dir/ST/BSP/Interrupts/bsp_int_armv7m.c.obj
 .debug_aranges
                0x00000748       0x28 CMakeFiles/BLINKY.dir/ST/BSP/Startup/STM32H7xx/system_stm32h7xx.c.obj
 .debug_aranges
                0x00000770       0x40 CMakeFiles/BLINKY.dir/ST/BSP/STM32H743ZI_Nucleo/bsp_clk.c.obj
 .debug_aranges
                0x000007b0       0x30 CMakeFiles/BLINKY.dir/ST/BSP/STM32H743ZI_Nucleo/bsp_cpu.c.obj
 .debug_aranges
                0x000007e0       0x38 CMakeFiles/BLINKY.dir/ST/BSP/STM32H743ZI_Nucleo/bsp_led.c.obj
 .debug_aranges
                0x00000818       0x38 CMakeFiles/BLINKY.dir/ST/BSP/STM32H743ZI_Nucleo/bsp_os.c.obj
 .debug_aranges
                0x00000850       0x58 CMakeFiles/BLINKY.dir/ST/BSP/SDK/STM32CubeH7/Drivers/STM32H7xx_HAL_Driver/Src/stm32h7xx_hal_gpio.c.obj
 .debug_aranges
                0x000008a8      0x1a0 CMakeFiles/BLINKY.dir/ST/BSP/SDK/STM32CubeH7/Drivers/STM32H7xx_HAL_Driver/Src/stm32h7xx_hal.c.obj
 .debug_aranges
                0x00000a48       0x80 CMakeFiles/BLINKY.dir/ST/BSP/SDK/STM32CubeH7/Drivers/STM32H7xx_HAL_Driver/Src/stm32h7xx_hal_rcc.c.obj
 .debug_aranges
                0x00000ac8       0xa0 CMakeFiles/BLINKY.dir/ST/BSP/SDK/STM32CubeH7/Drivers/STM32H7xx_HAL_Driver/Src/stm32h7xx_hal_cortex.c.obj
 .debug_aranges
                0x00000b68       0xe0 CMakeFiles/BLINKY.dir/ST/BSP/SDK/STM32CubeH7/Drivers/STM32H7xx_HAL_Driver/Src/stm32h7xx_hal_rcc_ex.c.obj
 .debug_aranges
                0x00000c48       0x38 CMakeFiles/BLINKY.dir/ST/STM32H743ZI_Nucleo/Blinky/OS3/main.c.obj
 .debug_aranges
                0x00000c80       0x60 CMakeFiles/BLINKY.dir/ST/STM32H743ZI_Nucleo/Blinky/OS3/os_app_hooks.c.obj

.debug_rnglists
                0x00000000      0x949
 .debug_rnglists
                0x00000000       0x13 c:/progra~2/armgnu~1/112202~1.02/bin/../lib/gcc/arm-none-eabi/11.2.1/thumb/v7e-m+dp/hard\libc.a(lib_a-init.o)
 .debug_rnglists
                0x00000013       0x19 CMakeFiles/BLINKY.dir/ST/BSP/Startup/STM32H7xx/GCC/startup_stm32h743xx.s.obj
 .debug_rnglists
                0x0000002c       0x74 CMakeFiles/BLINKY.dir/Micrium/Software/uC-CPU/cpu_core.c.obj
 .debug_rnglists
                0x000000a0       0x8d CMakeFiles/BLINKY.dir/Micrium/Software/uC-LIB/lib_mem.c.obj
 .debug_rnglists
                0x0000012d       0x13 CMakeFiles/BLINKY.dir/Micrium/Software/uCOS-III/Source/os_cfg_app.c.obj
 .debug_rnglists
                0x00000140       0xb5 CMakeFiles/BLINKY.dir/Micrium/Software/uCOS-III/Source/os_core.c.obj
 .debug_rnglists
                0x000001f5       0x26 CMakeFiles/BLINKY.dir/Micrium/Software/uCOS-III/Source/os_mem.c.obj
 .debug_rnglists
                0x0000021b       0x2b CMakeFiles/BLINKY.dir/Micrium/Software/uCOS-III/Source/os_msg.c.obj
 .debug_rnglists
                0x00000246       0x4d CMakeFiles/BLINKY.dir/Micrium/Software/uCOS-III/Source/os_mutex.c.obj
 .debug_rnglists
                0x00000293       0x25 CMakeFiles/BLINKY.dir/Micrium/Software/uCOS-III/Source/os_prio.c.obj
 .debug_rnglists
                0x000002b8       0x3b CMakeFiles/BLINKY.dir/Micrium/Software/uCOS-III/Source/os_sem.c.obj
 .debug_rnglists
                0x000002f3       0x28 CMakeFiles/BLINKY.dir/Micrium/Software/uCOS-III/Source/os_stat.c.obj
 .debug_rnglists
                0x0000031b       0x9f CMakeFiles/BLINKY.dir/Micrium/Software/uCOS-III/Source/os_task.c.obj
 .debug_rnglists
                0x000003ba       0x3a CMakeFiles/BLINKY.dir/Micrium/Software/uCOS-III/Source/os_tick.c.obj
 .debug_rnglists
                0x000003f4       0x34 CMakeFiles/BLINKY.dir/Micrium/Software/uCOS-III/Source/os_time.c.obj
 .debug_rnglists
                0x00000428       0x62 CMakeFiles/BLINKY.dir/Micrium/Software/uCOS-III/Source/os_tmr.c.obj
 .debug_rnglists
                0x0000048a       0x56 CMakeFiles/BLINKY.dir/Micrium/Software/uCOS-III/Ports/ARM-Cortex-M/ARMv7-M/GNU/os_cpu_c.c.obj
 .debug_rnglists
                0x000004e0       0x2b CMakeFiles/BLINKY.dir/ST/BSP/Interrupts/bsp_int_armv7m.c.obj
 .debug_rnglists
                0x0000050b       0x1a CMakeFiles/BLINKY.dir/ST/BSP/Startup/STM32H7xx/system_stm32h7xx.c.obj
 .debug_rnglists
                0x00000525       0x2c CMakeFiles/BLINKY.dir/ST/BSP/STM32H743ZI_Nucleo/bsp_clk.c.obj
 .debug_rnglists
                0x00000551       0x1f CMakeFiles/BLINKY.dir/ST/BSP/STM32H743ZI_Nucleo/bsp_cpu.c.obj
 .debug_rnglists
                0x00000570       0x25 CMakeFiles/BLINKY.dir/ST/BSP/STM32H743ZI_Nucleo/bsp_led.c.obj
 .debug_rnglists
                0x00000595       0x25 CMakeFiles/BLINKY.dir/ST/BSP/STM32H743ZI_Nucleo/bsp_os.c.obj
 .debug_rnglists
                0x000005ba       0x3f CMakeFiles/BLINKY.dir/ST/BSP/SDK/STM32CubeH7/Drivers/STM32H7xx_HAL_Driver/Src/stm32h7xx_hal_gpio.c.obj
 .debug_rnglists
                0x000005f9      0x135 CMakeFiles/BLINKY.dir/ST/BSP/SDK/STM32CubeH7/Drivers/STM32H7xx_HAL_Driver/Src/stm32h7xx_hal.c.obj
 .debug_rnglists
                0x0000072e       0x60 CMakeFiles/BLINKY.dir/ST/BSP/SDK/STM32CubeH7/Drivers/STM32H7xx_HAL_Driver/Src/stm32h7xx_hal_rcc.c.obj
 .debug_rnglists
                0x0000078e       0xa3 CMakeFiles/BLINKY.dir/ST/BSP/SDK/STM32CubeH7/Drivers/STM32H7xx_HAL_Driver/Src/stm32h7xx_hal_cortex.c.obj
 .debug_rnglists
                0x00000831       0xad CMakeFiles/BLINKY.dir/ST/BSP/SDK/STM32CubeH7/Drivers/STM32H7xx_HAL_Driver/Src/stm32h7xx_hal_rcc_ex.c.obj
 .debug_rnglists
                0x000008de       0x28 CMakeFiles/BLINKY.dir/ST/STM32H743ZI_Nucleo/Blinky/OS3/main.c.obj
 .debug_rnglists
                0x00000906       0x43 CMakeFiles/BLINKY.dir/ST/STM32H743ZI_Nucleo/Blinky/OS3/os_app_hooks.c.obj

.debug_line     0x00000000    0x1411c
 .debug_line    0x00000000      0x17e c:/progra~2/armgnu~1/112202~1.02/bin/../lib/gcc/arm-none-eabi/11.2.1/thumb/v7e-m+dp/hard\libc.a(lib_a-init.o)
 .debug_line    0x0000017e       0x78 CMakeFiles/BLINKY.dir/ST/BSP/Startup/STM32H7xx/GCC/startup_stm32h743xx.s.obj
 .debug_line    0x000001f6       0xb0 CMakeFiles/BLINKY.dir/Micrium/Software/uCOS-III/Ports/ARM-Cortex-M/ARMv7-M/GNU/os_cpu_a.s.obj