Archive member included to satisfy reference by file (symbol)

/home/surabhi/toolchain/gcc-arm-none-eabi-10.3-2021.10-x86_64-linux/gcc-arm-none-eabi-10.3-2021.10/bin/../lib/gcc/arm-none-eabi/10.3.1/../../../../arm-none-eabi/lib/thumb/v7e-m+dp/hard/libc_nano.a(lib_a-exit.o)
                              /home/surabhi/toolchain/gcc-arm-none-eabi-10.3-2021.10-x86_64-linux/gcc-arm-none-eabi-10.3-2021.10/bin/../lib/gcc/arm-none-eabi/10.3.1/../../../../arm-none-eabi/lib/thumb/v7e-m+dp/hard/crt0.o (exit)
/home/surabhi/toolchain/gcc-arm-none-eabi-10.3-2021.10-x86_64-linux/gcc-arm-none-eabi-10.3-2021.10/bin/../lib/gcc/arm-none-eabi/10.3.1/../../../../arm-none-eabi/lib/thumb/v7e-m+dp/hard/libc_nano.a(lib_a-impure.o)
                              /home/surabhi/toolchain/gcc-arm-none-eabi-10.3-2021.10-x86_64-linux/gcc-arm-none-eabi-10.3-2021.10/bin/../lib/gcc/arm-none-eabi/10.3.1/../../../../arm-none-eabi/lib/thumb/v7e-m+dp/hard/libc_nano.a(lib_a-exit.o) (_global_impure_ptr)
/home/surabhi/toolchain/gcc-arm-none-eabi-10.3-2021.10-x86_64-linux/gcc-arm-none-eabi-10.3-2021.10/bin/../lib/gcc/arm-none-eabi/10.3.1/../../../../arm-none-eabi/lib/thumb/v7e-m+dp/hard/libc_nano.a(lib_a-init.o)
                              /home/surabhi/toolchain/gcc-arm-none-eabi-10.3-2021.10-x86_64-linux/gcc-arm-none-eabi-10.3-2021.10/bin/../lib/gcc/arm-none-eabi/10.3.1/../../../../arm-none-eabi/lib/thumb/v7e-m+dp/hard/crt0.o (__libc_init_array)
/home/surabhi/toolchain/gcc-arm-none-eabi-10.3-2021.10-x86_64-linux/gcc-arm-none-eabi-10.3-2021.10/bin/../lib/gcc/arm-none-eabi/10.3.1/../../../../arm-none-eabi/lib/thumb/v7e-m+dp/hard/libc_nano.a(lib_a-memset.o)
                              /home/surabhi/toolchain/gcc-arm-none-eabi-10.3-2021.10-x86_64-linux/gcc-arm-none-eabi-10.3-2021.10/bin/../lib/gcc/arm-none-eabi/10.3.1/../../../../arm-none-eabi/lib/thumb/v7e-m+dp/hard/crt0.o (memset)
/home/surabhi/toolchain/gcc-arm-none-eabi-10.3-2021.10-x86_64-linux/gcc-arm-none-eabi-10.3-2021.10/bin/../lib/gcc/arm-none-eabi/10.3.1/../../../../arm-none-eabi/lib/thumb/v7e-m+dp/hard/libnosys.a(_exit.o)
                              /home/surabhi/toolchain/gcc-arm-none-eabi-10.3-2021.10-x86_64-linux/gcc-arm-none-eabi-10.3-2021.10/bin/../lib/gcc/arm-none-eabi/10.3.1/../../../../arm-none-eabi/lib/thumb/v7e-m+dp/hard/libc_nano.a(lib_a-exit.o) (_exit)
/home/surabhi/toolchain/gcc-arm-none-eabi-10.3-2021.10-x86_64-linux/gcc-arm-none-eabi-10.3-2021.10/bin/../lib/gcc/arm-none-eabi/10.3.1/thumb/v7e-m+dp/hard/libgcc.a(_aeabi_uldivmod.o)
                              /home/surabhi/Projects/micrium_stm32h743zi-nucleo_blinky/STM32H743ZI_Nucleo/Build/bsp_cpu.o (__aeabi_uldivmod)
/home/surabhi/toolchain/gcc-arm-none-eabi-10.3-2021.10-x86_64-linux/gcc-arm-none-eabi-10.3-2021.10/bin/../lib/gcc/arm-none-eabi/10.3.1/thumb/v7e-m+dp/hard/libgcc.a(_udivmoddi4.o)
                              /home/surabhi/toolchain/gcc-arm-none-eabi-10.3-2021.10-x86_64-linux/gcc-arm-none-eabi-10.3-2021.10/bin/../lib/gcc/arm-none-eabi/10.3.1/thumb/v7e-m+dp/hard/libgcc.a(_aeabi_uldivmod.o) (__udivmoddi4)
/home/surabhi/toolchain/gcc-arm-none-eabi-10.3-2021.10-x86_64-linux/gcc-arm-none-eabi-10.3-2021.10/bin/../lib/gcc/arm-none-eabi/10.3.1/thumb/v7e-m+dp/hard/libgcc.a(_dvmd_tls.o)
                              /home/surabhi/toolchain/gcc-arm-none-eabi-10.3-2021.10-x86_64-linux/gcc-arm-none-eabi-10.3-2021.10/bin/../lib/gcc/arm-none-eabi/10.3.1/thumb/v7e-m+dp/hard/libgcc.a(_aeabi_uldivmod.o) (__aeabi_ldiv0)

Discarded input sections

 .text          0x0000000000000000        0x0 /home/surabhi/toolchain/gcc-arm-none-eabi-10.3-2021.10-x86_64-linux/gcc-arm-none-eabi-10.3-2021.10/bin/../lib/gcc/arm-none-eabi/10.3.1/thumb/v7e-m+dp/hard/crti.o
 .data          0x0000000000000000        0x0 /home/surabhi/toolchain/gcc-arm-none-eabi-10.3-2021.10-x86_64-linux/gcc-arm-none-eabi-10.3-2021.10/bin/../lib/gcc/arm-none-eabi/10.3.1/thumb/v7e-m+dp/hard/crti.o
 .bss           0x0000000000000000        0x0 /home/surabhi/toolchain/gcc-arm-none-eabi-10.3-2021.10-x86_64-linux/gcc-arm-none-eabi-10.3-2021.10/bin/../lib/gcc/arm-none-eabi/10.3.1/thumb/v7e-m+dp/hard/crti.o
 .data          0x0000000000000000        0x4 /home/surabhi/toolchain/gcc-arm-none-eabi-10.3-2021.10-x86_64-linux/gcc-arm-none-eabi-10.3-2021.10/bin/../lib/gcc/arm-none-eabi/10.3.1/thumb/v7e-m+dp/hard/crtbegin.o
 .rodata        0x0000000000000000       0x24 /home/surabhi/toolchain/gcc-arm-none-eabi-10.3-2021.10-x86_64-linux/gcc-arm-none-eabi-10.3-2021.10/bin/../lib/gcc/arm-none-eabi/10.3.1/thumb/v7e-m+dp/hard/crtbegin.o
 .text          0x0000000000000000       0x7c /home/surabhi/toolchain/gcc-arm-none-eabi-10.3-2021.10-x86_64-linux/gcc-arm-none-eabi-10.3-2021.10/bin/../lib/gcc/arm-none-eabi/10.3.1/../../../../arm-none-eabi/lib/thumb/v7e-m+dp/hard/crt0.o
[...]
Memory Configuration

Name             Origin             Length             Attributes
FLASH            0x0000000008000000 0x0000000000200000 xr
DTCMRAM          0x0000000020000000 0x0000000000020000 xrw
SRAM_D1          0x0000000024000000 0x0000000000080000 xrw
SRAM_D2          0x0000000030000000 0x0000000000048000 xrw
SRAM_D3          0x0000000038000000 0x0000000000010000 xrw
ITCMRAM          0x0000000000000000 0x0000000000010000 xrw
MEMORY_B1        0x0000000060000000 0x0000000000000000 xr
*default*        0x0000000000000000 0xffffffffffffffff

Linker script and memory map

LOAD /home/surabhi/toolchain/gcc-arm-none-eabi-10.3-2021.10-x86_64-linux/gcc-arm-none-eabi-10.3-2021.10/bin/../lib/gcc/arm-none-eabi/10.3.1/thumb/v7e-m+dp/hard/crti.o
LOAD /home/surabhi/toolchain/gcc-arm-none-eabi-10.3-2021.10-x86_64-linux/gcc-arm-none-eabi-10.3-2021.10/bin/../lib/gcc/arm-none-eabi/10.3.1/thumb/v7e-m+dp/hard/crtbegin.o
LOAD /home/surabhi/toolchain/gcc-arm-none-eabi-10.3-2021.10-x86_64-linux/gcc-arm-none-eabi-10.3-2021.10/bin/../lib/gcc/arm-none-eabi/10.3.1/../../../../arm-none-eabi/lib/thumb/v7e-m+dp/hard/crt0.o
LOAD /home/surabhi/Projects/micrium_stm32h743zi-nucleo_blinky/STM32H743ZI_Nucleo/Build/cpu_core.o
LOAD /home/surabhi/Projects/micrium_stm32h743zi-nucleo_blinky/STM32H743ZI_Nucleo/Build/cpu_c.o
LOAD /home/surabhi/Projects/micrium_stm32h743zi-nucleo_blinky/STM32H743ZI_Nucleo/Build/lib_str.o
LOAD /home/surabhi/Projects/micrium_stm32h743zi-nucleo_blinky/STM32H743ZI_Nucleo/Build/lib_math.o
LOAD /home/surabhi/Projects/micrium_stm32h743zi-nucleo_blinky/STM32H743ZI_Nucleo/Build/lib_ascii.o
LOAD /home/surabhi/Projects/micrium_stm32h743zi-nucleo_blinky/STM32H743ZI_Nucleo/Build/lib_mem.o
LOAD /home/surabhi/Projects/micrium_stm32h743zi-nucleo_blinky/STM32H743ZI_Nucleo/Build/os_var.o
LOAD /home/surabhi/Projects/micrium_stm32h743zi-nucleo_blinky/STM32H743ZI_Nucleo/Build/os_tmr.o
LOAD /home/surabhi/Projects/micrium_stm32h743zi-nucleo_blinky/STM32H743ZI_Nucleo/Build/os_stat.o
LOAD /home/surabhi/Projects/micrium_stm32h743zi-nucleo_blinky/STM32H743ZI_Nucleo/Build/os_prio.o
LOAD /home/surabhi/Projects/micrium_stm32h743zi-nucleo_blinky/STM32H743ZI_Nucleo/Build/os_flag.o
LOAD /home/surabhi/Projects/micrium_stm32h743zi-nucleo_blinky/STM32H743ZI_Nucleo/Build/os_time.o
LOAD /home/surabhi/Projects/micrium_stm32h743zi-nucleo_blinky/STM32H743ZI_Nucleo/Build/os_dbg.o
LOAD /home/surabhi/Projects/micrium_stm32h743zi-nucleo_blinky/STM32H743ZI_Nucleo/Build/os_core.o
LOAD /home/surabhi/Projects/micrium_stm32h743zi-nucleo_blinky/STM32H743ZI_Nucleo/Build/os_mutex.o
LOAD /home/surabhi/Projects/micrium_stm32h743zi-nucleo_blinky/STM32H743ZI_Nucleo/Build/os_mon.o
LOAD /home/surabhi/Projects/micrium_stm32h743zi-nucleo_blinky/STM32H743ZI_Nucleo/Build/os_msg.o
LOAD /home/surabhi/Projects/micrium_stm32h743zi-nucleo_blinky/STM32H743ZI_Nucleo/Build/os_task.o
LOAD /home/surabhi/Projects/micrium_stm32h743zi-nucleo_blinky/STM32H743ZI_Nucleo/Build/os_sem.o
LOAD /home/surabhi/Projects/micrium_stm32h743zi-nucleo_blinky/STM32H743ZI_Nucleo/Build/os_mem.o
LOAD /home/surabhi/Projects/micrium_stm32h743zi-nucleo_blinky/STM32H743ZI_Nucleo/Build/os_cfg_app.o
LOAD /home/surabhi/Projects/micrium_stm32h743zi-nucleo_blinky/STM32H743ZI_Nucleo/Build/os_q.o
LOAD /home/surabhi/Projects/micrium_stm32h743zi-nucleo_blinky/STM32H743ZI_Nucleo/Build/os_tick.o
LOAD /home/surabhi/Projects/micrium_stm32h743zi-nucleo_blinky/STM32H743ZI_Nucleo/Build/os_cpu_c.o
LOAD /home/surabhi/Projects/micrium_stm32h743zi-nucleo_blinky/STM32H743ZI_Nucleo/Build/bsp_int_armv7m.o
LOAD /home/surabhi/Projects/micrium_stm32h743zi-nucleo_blinky/STM32H743ZI_Nucleo/Build/stm32h7xx_hal_sd_ex.o
LOAD /home/surabhi/Projects/micrium_stm32h743zi-nucleo_blinky/STM32H743ZI_Nucleo/Build/stm32h7xx_hal_smartcard_ex.o
LOAD /home/surabhi/Projects/micrium_stm32h743zi-nucleo_blinky/STM32H743ZI_Nucleo/Build/stm32h7xx_hal_sai.o
LOAD /home/surabhi/Projects/micrium_stm32h743zi-nucleo_blinky/STM32H743ZI_Nucleo/Build/stm32h7xx_hal_cryp_ex.o
LOAD /home/surabhi/Projects/micrium_stm32h743zi-nucleo_blinky/STM32H743ZI_Nucleo/Build/stm32h7xx_hal_hash.o
LOAD /home/surabhi/Projects/micrium_stm32h743zi-nucleo_blinky/STM32H743ZI_Nucleo/Build/stm32h7xx_hal_dac_ex.o
LOAD /home/surabhi/Projects/micrium_stm32h743zi-nucleo_blinky/STM32H743ZI_Nucleo/Build/stm32h7xx_hal_adc_ex.o
LOAD /home/surabhi/Projects/micrium_stm32h743zi-nucleo_blinky/STM32H743ZI_Nucleo/Build/stm32h7xx_ll_fmc.o
LOAD /home/surabhi/Projects/micrium_stm32h743zi-nucleo_blinky/STM32H743ZI_Nucleo/Build/stm32h7xx_hal.o
LOAD /home/surabhi/Projects/micrium_stm32h743zi-nucleo_blinky/STM32H743ZI_Nucleo/Build/stm32h7xx_ll_delayblock.o
LOAD /home/surabhi/Projects/micrium_stm32h743zi-nucleo_blinky/STM32H743ZI_Nucleo/Build/stm32h7xx_hal_eth_ex.o
LOAD /home/surabhi/Projects/micrium_stm32h743zi-nucleo_blinky/STM32H743ZI_Nucleo/Build/stm32h7xx_hal_dfsdm.o
LOAD /home/surabhi/Projects/micrium_stm32h743zi-nucleo_blinky/STM32H743ZI_Nucleo/Build/stm32h7xx_hal_nand.o
LOAD /home/surabhi/Projects/micrium_stm32h743zi-nucleo_blinky/STM32H743ZI_Nucleo/Build/stm32h7xx_hal_uart_ex.o
LOAD /home/surabhi/Projects/micrium_stm32h743zi-nucleo_blinky/STM32H743ZI_Nucleo/Build/stm32h7xx_hal_mmc_ex.o
LOAD /home/surabhi/Projects/micrium_stm32h743zi-nucleo_blinky/STM32H743ZI_Nucleo/Build/stm32h7xx_hal_mdma.o
LOAD /home/surabhi/Projects/micrium_stm32h743zi-nucleo_blinky/STM32H743ZI_Nucleo/Build/stm32h7xx_hal_dma.o
LOAD /home/surabhi/Projects/micrium_stm32h743zi-nucleo_blinky/STM32H743ZI_Nucleo/Build/stm32h7xx_hal_mdios.o
LOAD /home/surabhi/Projects/micrium_stm32h743zi-nucleo_blinky/STM32H743ZI_Nucleo/Build/stm32h7xx_hal_ltdc.o
LOAD /home/surabhi/Projects/micrium_stm32h743zi-nucleo_blinky/STM32H743ZI_Nucleo/Build/stm32h7xx_hal_dac.o
LOAD /home/surabhi/Projects/micrium_stm32h743zi-nucleo_blinky/STM32H743ZI_Nucleo/Build/stm32h7xx_hal_spdifrx.o
LOAD /home/surabhi/Projects/micrium_stm32h743zi-nucleo_blinky/STM32H743ZI_Nucleo/Build/stm32h7xx_hal_sdram.o
LOAD /home/surabhi/Projects/micrium_stm32h743zi-nucleo_blinky/STM32H743ZI_Nucleo/Build/stm32h7xx_hal_hrtim.o
LOAD /home/surabhi/Projects/micrium_stm32h743zi-nucleo_blinky/STM32H743ZI_Nucleo/Build/stm32h7xx_hal_crc.o
LOAD /home/surabhi/Projects/micrium_stm32h743zi-nucleo_blinky/STM32H743ZI_Nucleo/Build/stm32h7xx_hal_sai_ex.o
LOAD /home/surabhi/Projects/micrium_stm32h743zi-nucleo_blinky/STM32H743ZI_Nucleo/Build/stm32h7xx_hal_i2c.o
LOAD /home/surabhi/Projects/micrium_stm32h743zi-nucleo_blinky/STM32H743ZI_Nucleo/Build/stm32h7xx_hal_opamp.o
LOAD /home/surabhi/Projects/micrium_stm32h743zi-nucleo_blinky/STM32H743ZI_Nucleo/Build/stm32h7xx_hal_pwr.o
LOAD /home/surabhi/Projects/micrium_stm32h743zi-nucleo_blinky/STM32H743ZI_Nucleo/Build/stm32h7xx_hal_qspi.o
LOAD /home/surabhi/Projects/micrium_stm32h743zi-nucleo_blinky/STM32H743ZI_Nucleo/Build/stm32h7xx_hal_hash_ex.o
LOAD /home/surabhi/Projects/micrium_stm32h743zi-nucleo_blinky/STM32H743ZI_Nucleo/Build/stm32h7xx_hal_smartcard.o
LOAD /home/surabhi/Projects/micrium_stm32h743zi-nucleo_blinky/STM32H743ZI_Nucleo/Build/stm32h7xx_hal_iwdg.o
LOAD /home/surabhi/Projects/micrium_stm32h743zi-nucleo_blinky/STM32H743ZI_Nucleo/Build/stm32h7xx_hal_i2s.o
LOAD /home/surabhi/Projects/micrium_stm32h743zi-nucleo_blinky/STM32H743ZI_Nucleo/Build/stm32h7xx_hal_dma2d.o
LOAD /home/surabhi/Projects/micrium_stm32h743zi-nucleo_blinky/STM32H743ZI_Nucleo/Build/stm32h7xx_hal_spi_ex.o
LOAD /home/surabhi/Projects/micrium_stm32h743zi-nucleo_blinky/STM32H743ZI_Nucleo/Build/stm32h7xx_hal_spi.o
LOAD /home/surabhi/Projects/micrium_stm32h743zi-nucleo_blinky/STM32H743ZI_Nucleo/Build/stm32h7xx_hal_eth.o
LOAD /home/surabhi/Projects/micrium_stm32h743zi-nucleo_blinky/STM32H743ZI_Nucleo/Build/stm32h7xx_hal_dma_ex.o
LOAD /home/surabhi/Projects/micrium_stm32h743zi-nucleo_blinky/STM32H743ZI_Nucleo/Build/stm32h7xx_hal_sram.o
LOAD /home/surabhi/Projects/micrium_stm32h743zi-nucleo_blinky/STM32H743ZI_Nucleo/Build/stm32h7xx_hal_sd.o
LOAD /home/surabhi/Projects/micrium_stm32h743zi-nucleo_blinky/STM32H743ZI_Nucleo/Build/stm32h7xx_hal_rcc.o
LOAD /home/surabhi/Projects/micrium_stm32h743zi-nucleo_blinky/STM32H743ZI_Nucleo/Build/stm32h7xx_hal_i2c_ex.o
LOAD /home/surabhi/Projects/micrium_stm32h743zi-nucleo_blinky/STM32H743ZI_Nucleo/Build/stm32h7xx_ll_usb.o
LOAD /home/surabhi/Projects/micrium_stm32h743zi-nucleo_blinky/STM32H743ZI_Nucleo/Build/stm32h7xx_hal_hsem.o
LOAD /home/surabhi/Projects/micrium_stm32h743zi-nucleo_blinky/STM32H743ZI_Nucleo/Build/stm32h7xx_hal_smbus.o
LOAD /home/surabhi/Projects/micrium_stm32h743zi-nucleo_blinky/STM32H743ZI_Nucleo/Build/stm32h7xx_hal_rtc_ex.o
LOAD /home/surabhi/Projects/micrium_stm32h743zi-nucleo_blinky/STM32H743ZI_Nucleo/Build/stm32h7xx_hal_pwr_ex.o
LOAD /home/surabhi/Projects/micrium_stm32h743zi-nucleo_blinky/STM32H743ZI_Nucleo/Build/stm32h7xx_hal_pcd_ex.o
LOAD /home/surabhi/Projects/micrium_stm32h743zi-nucleo_blinky/STM32H743ZI_Nucleo/Build/stm32h7xx_hal_cec.o
LOAD /home/surabhi/Projects/micrium_stm32h743zi-nucleo_blinky/STM32H743ZI_Nucleo/Build/stm32h7xx_hal_opamp_ex.o
LOAD /home/surabhi/Projects/micrium_stm32h743zi-nucleo_blinky/STM32H743ZI_Nucleo/Build/stm32h7xx_hal_i2s_ex.o
LOAD /home/surabhi/Projects/micrium_stm32h743zi-nucleo_blinky/STM32H743ZI_Nucleo/Build/stm32h7xx_hal_usart.o
LOAD /home/surabhi/Projects/micrium_stm32h743zi-nucleo_blinky/STM32H743ZI_Nucleo/Build/stm32h7xx_hal_dcmi.o
LOAD /home/surabhi/Projects/micrium_stm32h743zi-nucleo_blinky/STM32H743ZI_Nucleo/Build/stm32h7xx_hal_pcd.o
LOAD /home/surabhi/Projects/micrium_stm32h743zi-nucleo_blinky/STM32H743ZI_Nucleo/Build/stm32h7xx_hal_irda.o
LOAD /home/surabhi/Projects/micrium_stm32h743zi-nucleo_blinky/STM32H743ZI_Nucleo/Build/stm32h7xx_hal_nor.o
LOAD /home/surabhi/Projects/micrium_stm32h743zi-nucleo_blinky/STM32H743ZI_Nucleo/Build/stm32h7xx_hal_fdcan.o
LOAD /home/surabhi/Projects/micrium_stm32h743zi-nucleo_blinky/STM32H743ZI_Nucleo/Build/stm32h7xx_hal_rcc_ex.o
LOAD /home/surabhi/Projects/micrium_stm32h743zi-nucleo_blinky/STM32H743ZI_Nucleo/Build/stm32h7xx_hal_comp.o
LOAD /home/surabhi/Projects/micrium_stm32h743zi-nucleo_blinky/STM32H743ZI_Nucleo/Build/stm32h7xx_hal_flash_ex.o
LOAD /home/surabhi/Projects/micrium_stm32h743zi-nucleo_blinky/STM32H743ZI_Nucleo/Build/stm32h7xx_hal_tim.o
LOAD /home/surabhi/Projects/micrium_stm32h743zi-nucleo_blinky/STM32H743ZI_Nucleo/Build/stm32h7xx_hal_cryp.o
LOAD /home/surabhi/Projects/micrium_stm32h743zi-nucleo_blinky/STM32H743ZI_Nucleo/Build/stm32h7xx_hal_rng.o
LOAD /home/surabhi/Projects/micrium_stm32h743zi-nucleo_blinky/STM32H743ZI_Nucleo/Build/stm32h7xx_ll_sdmmc.o
LOAD /home/surabhi/Projects/micrium_stm32h743zi-nucleo_blinky/STM32H743ZI_Nucleo/Build/stm32h7xx_hal_uart.o
LOAD /home/surabhi/Projects/micrium_stm32h743zi-nucleo_blinky/STM32H743ZI_Nucleo/Build/stm32h7xx_hal_wwdg.o
LOAD /home/surabhi/Projects/micrium_stm32h743zi-nucleo_blinky/STM32H743ZI_Nucleo/Build/stm32h7xx_hal_cortex.o
LOAD /home/surabhi/Projects/micrium_stm32h743zi-nucleo_blinky/STM32H743ZI_Nucleo/Build/stm32h7xx_hal_crc_ex.o
LOAD /home/surabhi/Projects/micrium_stm32h743zi-nucleo_blinky/STM32H743ZI_Nucleo/Build/stm32h7xx_hal_hcd.o
LOAD /home/surabhi/Projects/micrium_stm32h743zi-nucleo_blinky/STM32H743ZI_Nucleo/Build/stm32h7xx_hal_swpmi.o
LOAD /home/surabhi/Projects/micrium_stm32h743zi-nucleo_blinky/STM32H743ZI_Nucleo/Build/stm32h7xx_hal_adc.o
LOAD /home/surabhi/Projects/micrium_stm32h743zi-nucleo_blinky/STM32H743ZI_Nucleo/Build/stm32h7xx_hal_lptim.o
LOAD /home/surabhi/Projects/micrium_stm32h743zi-nucleo_blinky/STM32H743ZI_Nucleo/Build/stm32h7xx_hal_flash.o
LOAD /home/surabhi/Projects/micrium_stm32h743zi-nucleo_blinky/STM32H743ZI_Nucleo/Build/stm32h7xx_hal_jpeg.o
LOAD /home/surabhi/Projects/micrium_stm32h743zi-nucleo_blinky/STM32H743ZI_Nucleo/Build/stm32h7xx_hal_mmc.o
LOAD /home/surabhi/Projects/micrium_stm32h743zi-nucleo_blinky/STM32H743ZI_Nucleo/Build/stm32h7xx_hal_gpio.o
LOAD /home/surabhi/Projects/micrium_stm32h743zi-nucleo_blinky/STM32H743ZI_Nucleo/Build/stm32h7xx_hal_tim_ex.o
LOAD /home/surabhi/Projects/micrium_stm32h743zi-nucleo_blinky/STM32H743ZI_Nucleo/Build/stm32h7xx_hal_rtc.o
LOAD /home/surabhi/Projects/micrium_stm32h743zi-nucleo_blinky/STM32H743ZI_Nucleo/Build/system_stm32h7xx.o
LOAD /home/surabhi/Projects/micrium_stm32h743zi-nucleo_blinky/STM32H743ZI_Nucleo/Build/bsp_clk.o
LOAD /home/surabhi/Projects/micrium_stm32h743zi-nucleo_blinky/STM32H743ZI_Nucleo/Build/bsp_os.o
LOAD /home/surabhi/Projects/micrium_stm32h743zi-nucleo_blinky/STM32H743ZI_Nucleo/Build/bsp_cpu.o
LOAD /home/surabhi/Projects/micrium_stm32h743zi-nucleo_blinky/STM32H743ZI_Nucleo/Build/bsp_led.o
LOAD /home/surabhi/Projects/micrium_stm32h743zi-nucleo_blinky/STM32H743ZI_Nucleo/Build/os_app_hooks.o
LOAD /home/surabhi/Projects/micrium_stm32h743zi-nucleo_blinky/STM32H743ZI_Nucleo/Build/main.o
LOAD /home/surabhi/Projects/micrium_stm32h743zi-nucleo_blinky/STM32H743ZI_Nucleo/Build/startup_stm32h743xx.o
LOAD /home/surabhi/Projects/micrium_stm32h743zi-nucleo_blinky/STM32H743ZI_Nucleo/Build/os_cpu_a.o
LOAD /home/surabhi/Projects/micrium_stm32h743zi-nucleo_blinky/STM32H743ZI_Nucleo/Build/cpu_a.o
LOAD /home/surabhi/toolchain/gcc-arm-none-eabi-10.3-2021.10-x86_64-linux/gcc-arm-none-eabi-10.3-2021.10/bin/../lib/gcc/arm-none-eabi/10.3.1/../../../../arm-none-eabi/lib/thumb/v7e-m+dp/hard/libc_nano.a
LOAD /home/surabhi/toolchain/gcc-arm-none-eabi-10.3-2021.10-x86_64-linux/gcc-arm-none-eabi-10.3-2021.10/bin/../lib/gcc/arm-none-eabi/10.3.1/../../../../arm-none-eabi/lib/thumb/v7e-m+dp/hard/libm.a
LOAD /home/surabhi/toolchain/gcc-arm-none-eabi-10.3-2021.10-x86_64-linux/gcc-arm-none-eabi-10.3-2021.10/bin/../lib/gcc/arm-none-eabi/10.3.1/../../../../arm-none-eabi/lib/thumb/v7e-m+dp/hard/libnosys.a
START GROUP
LOAD /home/surabhi/toolchain/gcc-arm-none-eabi-10.3-2021.10-x86_64-linux/gcc-arm-none-eabi-10.3-2021.10/bin/../lib/gcc/arm-none-eabi/10.3.1/thumb/v7e-m+dp/hard/libgcc.a
LOAD /home/surabhi/toolchain/gcc-arm-none-eabi-10.3-2021.10-x86_64-linux/gcc-arm-none-eabi-10.3-2021.10/bin/../lib/gcc/arm-none-eabi/10.3.1/../../../../arm-none-eabi/lib/thumb/v7e-m+dp/hard/libc_nano.a
END GROUP
START GROUP
LOAD /home/surabhi/toolchain/gcc-arm-none-eabi-10.3-2021.10-x86_64-linux/gcc-arm-none-eabi-10.3-2021.10/bin/../lib/gcc/arm-none-eabi/10.3.1/thumb/v7e-m+dp/hard/libgcc.a
LOAD /home/surabhi/toolchain/gcc-arm-none-eabi-10.3-2021.10-x86_64-linux/gcc-arm-none-eabi-10.3-2021.10/bin/../lib/gcc/arm-none-eabi/10.3.1/../../../../arm-none-eabi/lib/thumb/v7e-m+dp/hard/libc_nano.a
END GROUP
LOAD /home/surabhi/toolchain/gcc-arm-none-eabi-10.3-2021.10-x86_64-linux/gcc-arm-none-eabi-10.3-2021.10/bin/../lib/gcc/arm-none-eabi/10.3.1/thumb/v7e-m+dp/hard/crtend.o
LOAD /home/surabhi/toolchain/gcc-arm-none-eabi-10.3-2021.10-x86_64-linux/gcc-arm-none-eabi-10.3-2021.10/bin/../lib/gcc/arm-none-eabi/10.3.1/thumb/v7e-m+dp/hard/crtn.o
                0x0000000020020000                _estack = 0x20020000
                0x0000000000000000                _Min_Heap_Size = 0x0
                0x0000000000000800                _Min_Stack_Size = 0x800

.isr_vector     0x0000000008000000      0x298
                0x0000000008000000                . = ALIGN (0x4)
 *(.isr_vector)
 .isr_vector    0x0000000008000000      0x298 /home/surabhi/Projects/micrium_stm32h743zi-nucleo_blinky/STM32H743ZI_Nucleo/Build/startup_stm32h743xx.o
                0x0000000008000000                g_pfnVectors
                0x0000000008000298                . = ALIGN (0x4)

.text           0x0000000008000298     0x344c
                0x0000000008000298                . = ALIGN (0x4)
 *(.text)
 .text          0x0000000008000298       0x40 /home/surabhi/toolchain/gcc-arm-none-eabi-10.3-2021.10-x86_64-linux/gcc-arm-none-eabi-10.3-2021.10/bin/../lib/gcc/arm-none-eabi/10.3.1/thumb/v7e-m+dp/hard/crtbegin.o
 .text          0x00000000080002d8      0x108 /home/surabhi/Projects/micrium_stm32h743zi-nucleo_blinky/STM32H743ZI_Nucleo/Build/os_cpu_a.o
                0x00000000080002d8                OS_CPU_FP_Reg_Push
                0x00000000080002ea                OS_CPU_FP_Reg_Pop
                0x00000000080002f6                OSStartHighRdy
                0x0000000008000370                OSCtxSw
                0x000000000800037a                OSIntCtxSw
                0x0000000008000384                OS_CPU_PendSVHandler
 .text          0x00000000080003e0       0x34 /home/surabhi/Projects/micrium_stm32h743zi-nucleo_blinky/STM32H743ZI_Nucleo/Build/cpu_a.o
                0x00000000080003e0                CPU_IntDis
                0x00000000080003e4                CPU_IntEn
                0x00000000080003e8                CPU_SR_Save
                0x00000000080003f0                CPU_SR_Restore
                0x00000000080003f6                CPU_WaitForInt
                0x00000000080003fa                CPU_WaitForExcept
                0x00000000080003fe                CPU_CntLeadZeros
                0x0000000008000404                CPU_CntTrailZeros
                0x000000000800040e                CPU_RevBits
 *(.text*)
 .text.CPU_TS_Init
                0x0000000008000414       0x14 /home/surabhi/Projects/micrium_stm32h743zi-nucleo_blinky/STM32H743ZI_Nucleo/Build/cpu_core.o
 .text.CPU_Init
                0x0000000008000428        0x8 /home/surabhi/Projects/micrium_stm32h743zi-nucleo_blinky/STM32H743ZI_Nucleo/Build/cpu_core.o
                0x0000000008000428                CPU_Init
 .text.CPU_TS_TmrFreqSet
                0x0000000008000430        0xc /home/surabhi/Projects/micrium_stm32h743zi-nucleo_blinky/STM32H743ZI_Nucleo/Build/cpu_core.o
                0x0000000008000430                CPU_TS_TmrFreqSet
 .text.Mem_Init
                0x000000000800043c        0xc /home/surabhi/Projects/micrium_stm32h743zi-nucleo_blinky/STM32H743ZI_Nucleo/Build/lib_mem.o
                0x000000000800043c                Mem_Init
 .text.OS_TmrLock
                0x0000000008000448       0x24 /home/surabhi/Projects/micrium_stm32h743zi-nucleo_blinky/STM32H743ZI_Nucleo/Build/os_tmr.o
 .text.OS_TmrUnlock
                0x000000000800046c       0x20 /home/surabhi/Projects/micrium_stm32h743zi-nucleo_blinky/STM32H743ZI_Nucleo/Build/os_tmr.o
 .text.OS_TmrInit
                0x000000000800048c       0xe0 /home/surabhi/Projects/micrium_stm32h743zi-nucleo_blinky/STM32H743ZI_Nucleo/Build/os_tmr.o
                0x000000000800048c                OS_TmrInit
 .text.OS_TmrUnlink
                0x000000000800056c       0x34 /home/surabhi/Projects/micrium_stm32h743zi-nucleo_blinky/STM32H743ZI_Nucleo/Build/os_tmr.o
                0x000000000800056c                OS_TmrUnlink
 .text.OS_TmrTask
                0x00000000080005a0       0x7c /home/surabhi/Projects/micrium_stm32h743zi-nucleo_blinky/STM32H743ZI_Nucleo/Build/os_tmr.o
                0x00000000080005a0                OS_TmrTask
 .text.OSStatReset
                0x000000000800061c       0x1c /home/surabhi/Projects/micrium_stm32h743zi-nucleo_blinky/STM32H743ZI_Nucleo/Build/os_stat.o
                0x000000000800061c                OSStatReset
 .text.OS_StatTask
                0x0000000008000638      0x128 /home/surabhi/Projects/micrium_stm32h743zi-nucleo_blinky/STM32H743ZI_Nucleo/Build/os_stat.o
                0x0000000008000638                OS_StatTask
 .text.OSStatTaskCPUUsageInit
                0x0000000008000760       0xcc /home/surabhi/Projects/micrium_stm32h743zi-nucleo_blinky/STM32H743ZI_Nucleo/Build/os_stat.o
                0x0000000008000760                OSStatTaskCPUUsageInit
 .text.OS_StatTaskInit
                0x000000000800082c       0xa4 /home/surabhi/Projects/micrium_stm32h743zi-nucleo_blinky/STM32H743ZI_Nucleo/Build/os_stat.o
                0x000000000800082c                OS_StatTaskInit
 .text.OS_PrioInit
                0x00000000080008d0       0x18 /home/surabhi/Projects/micrium_stm32h743zi-nucleo_blinky/STM32H743ZI_Nucleo/Build/os_prio.o
                0x00000000080008d0                OS_PrioInit
 .text.OS_PrioGetHighest
                0x00000000080008e8       0x24 /home/surabhi/Projects/micrium_stm32h743zi-nucleo_blinky/STM32H743ZI_Nucleo/Build/os_prio.o
                0x00000000080008e8                OS_PrioGetHighest
 .text.OS_PrioInsert
                0x000000000800090c       0x20 /home/surabhi/Projects/micrium_stm32h743zi-nucleo_blinky/STM32H743ZI_Nucleo/Build/os_prio.o
                0x000000000800090c                OS_PrioInsert
 .text.OS_PrioRemove
                0x000000000800092c       0x24 /home/surabhi/Projects/micrium_stm32h743zi-nucleo_blinky/STM32H743ZI_Nucleo/Build/os_prio.o
                0x000000000800092c                OS_PrioRemove
 .text.OSTimeDly
                0x0000000008000950       0x9c /home/surabhi/Projects/micrium_stm32h743zi-nucleo_blinky/STM32H743ZI_Nucleo/Build/os_time.o
                0x0000000008000950                OSTimeDly
 .text.OSTimeDlyHMSM
                0x00000000080009ec      0x150 /home/surabhi/Projects/micrium_stm32h743zi-nucleo_blinky/STM32H743ZI_Nucleo/Build/os_time.o
                0x00000000080009ec                OSTimeDlyHMSM
 .text.OSTimeTick
                0x0000000008000b3c       0x70 /home/surabhi/Projects/micrium_stm32h743zi-nucleo_blinky/STM32H743ZI_Nucleo/Build/os_time.o
                0x0000000008000b3c                OSTimeTick
 .text.OS_IdleTask
                0x0000000008000bac       0x1c /home/surabhi/Projects/micrium_stm32h743zi-nucleo_blinky/STM32H743ZI_Nucleo/Build/os_core.o
                0x0000000008000bac                OS_IdleTask
 .text.OSIntEnter
                0x0000000008000bc8       0x20 /home/surabhi/Projects/micrium_stm32h743zi-nucleo_blinky/STM32H743ZI_Nucleo/Build/os_core.o
                0x0000000008000bc8                OSIntEnter
 .text.OSIntExit
                0x0000000008000be8       0x9c /home/surabhi/Projects/micrium_stm32h743zi-nucleo_blinky/STM32H743ZI_Nucleo/Build/os_core.o
                0x0000000008000be8                OSIntExit
 .text.OSSched  0x0000000008000c84       0x84 /home/surabhi/Projects/micrium_stm32h743zi-nucleo_blinky/STM32H743ZI_Nucleo/Build/os_core.o
                0x0000000008000c84                OSSched
 .text.OSSchedLock
                0x0000000008000d08       0x54 /home/surabhi/Projects/micrium_stm32h743zi-nucleo_blinky/STM32H743ZI_Nucleo/Build/os_core.o
                0x0000000008000d08                OSSchedLock
 .text.OSSchedUnlock
                0x0000000008000d5c       0x68 /home/surabhi/Projects/micrium_stm32h743zi-nucleo_blinky/STM32H743ZI_Nucleo/Build/os_core.o
                0x0000000008000d5c                OSSchedUnlock
 .text.OSStart  0x0000000008000dc4       0x80 /home/surabhi/Projects/micrium_stm32h743zi-nucleo_blinky/STM32H743ZI_Nucleo/Build/os_core.o
                0x0000000008000dc4                OSStart
 .text.OS_IdleTaskInit
                0x0000000008000e44       0x4c /home/surabhi/Projects/micrium_stm32h743zi-nucleo_blinky/STM32H743ZI_Nucleo/Build/os_core.o
                0x0000000008000e44                OS_IdleTaskInit
 .text.OS_PendListInit
                0x0000000008000e90        0x8 /home/surabhi/Projects/micrium_stm32h743zi-nucleo_blinky/STM32H743ZI_Nucleo/Build/os_core.o
                0x0000000008000e90                OS_PendListInit
 .text.OS_PendListInsertPrio
                0x0000000008000e98       0x48 /home/surabhi/Projects/micrium_stm32h743zi-nucleo_blinky/STM32H743ZI_Nucleo/Build/os_core.o
                0x0000000008000e98                OS_PendListInsertPrio
 .text.OS_PendListRemove
                0x0000000008000ee0       0x36 /home/surabhi/Projects/micrium_stm32h743zi-nucleo_blinky/STM32H743ZI_Nucleo/Build/os_core.o
                0x0000000008000ee0                OS_PendListRemove
 .text.OS_PendListChangePrio
                0x0000000008000f16       0x1e /home/surabhi/Projects/micrium_stm32h743zi-nucleo_blinky/STM32H743ZI_Nucleo/Build/os_core.o
                0x0000000008000f16                OS_PendListChangePrio
 .text.OS_RdyListInit
                0x0000000008000f34       0x20 /home/surabhi/Projects/micrium_stm32h743zi-nucleo_blinky/STM32H743ZI_Nucleo/Build/os_core.o
                0x0000000008000f34                OS_RdyListInit
 .text.OSInit   0x0000000008000f54      0x134 /home/surabhi/Projects/micrium_stm32h743zi-nucleo_blinky/STM32H743ZI_Nucleo/Build/os_core.o
                0x0000000008000f54                OSInit
 .text.OS_RdyListInsertHead
                0x0000000008001088       0x38 /home/surabhi/Projects/micrium_stm32h743zi-nucleo_blinky/STM32H743ZI_Nucleo/Build/os_core.o
                0x0000000008001088                OS_RdyListInsertHead
 .text.OS_RdyListInsertTail
                0x00000000080010c0       0x38 /home/surabhi/Projects/micrium_stm32h743zi-nucleo_blinky/STM32H743ZI_Nucleo/Build/os_core.o
                0x00000000080010c0                OS_RdyListInsertTail
 .text.OS_RdyListInsert
                0x00000000080010f8       0x2c /home/surabhi/Projects/micrium_stm32h743zi-nucleo_blinky/STM32H743ZI_Nucleo/Build/os_core.o
                0x00000000080010f8                OS_RdyListInsert
 .text.OS_Post  0x0000000008001124       0x7e /home/surabhi/Projects/micrium_stm32h743zi-nucleo_blinky/STM32H743ZI_Nucleo/Build/os_core.o
                0x0000000008001124                OS_Post
 .text.OS_RdyListMoveHeadToTail
                0x00000000080011a2       0x36 /home/surabhi/Projects/micrium_stm32h743zi-nucleo_blinky/STM32H743ZI_Nucleo/Build/os_core.o
                0x00000000080011a2                OS_RdyListMoveHeadToTail
 .text.OS_RdyListRemove
                0x00000000080011d8       0x50 /home/surabhi/Projects/micrium_stm32h743zi-nucleo_blinky/STM32H743ZI_Nucleo/Build/os_core.o
                0x00000000080011d8                OS_RdyListRemove
 .text.OS_SchedRoundRobin
                0x0000000008001228       0x8c /home/surabhi/Projects/micrium_stm32h743zi-nucleo_blinky/STM32H743ZI_Nucleo/Build/os_core.o
                0x0000000008001228                OS_SchedRoundRobin
 .text.OS_TaskBlock
                0x00000000080012b4       0x2c /home/surabhi/Projects/micrium_stm32h743zi-nucleo_blinky/STM32H743ZI_Nucleo/Build/os_core.o
                0x00000000080012b4                OS_TaskBlock
 .text.OS_Pend  0x00000000080012e0       0x38 /home/surabhi/Projects/micrium_stm32h743zi-nucleo_blinky/STM32H743ZI_Nucleo/Build/os_core.o
                0x00000000080012e0                OS_Pend
 .text.OSMutexCreate
                0x0000000008001318       0x48 /home/surabhi/Projects/micrium_stm32h743zi-nucleo_blinky/STM32H743ZI_Nucleo/Build/os_mutex.o
                0x0000000008001318                OSMutexCreate
 .text.OS_MutexGrpAdd
                0x0000000008001360        0x8 /home/surabhi/Projects/micrium_stm32h743zi-nucleo_blinky/STM32H743ZI_Nucleo/Build/os_mutex.o
                0x0000000008001360                OS_MutexGrpAdd
 .text.OSMutexPend
                0x0000000008001368      0x168 /home/surabhi/Projects/micrium_stm32h743zi-nucleo_blinky/STM32H743ZI_Nucleo/Build/os_mutex.o
                0x0000000008001368                OSMutexPend
 .text.OS_MutexGrpRemove
                0x00000000080014d0       0x14 /home/surabhi/Projects/micrium_stm32h743zi-nucleo_blinky/STM32H743ZI_Nucleo/Build/os_mutex.o
                0x00000000080014d0                OS_MutexGrpRemove
 .text.OS_MutexGrpPrioFindHighest
                0x00000000080014e4       0x22 /home/surabhi/Projects/micrium_stm32h743zi-nucleo_blinky/STM32H743ZI_Nucleo/Build/os_mutex.o
                0x00000000080014e4                OS_MutexGrpPrioFindHighest
 *fill*         0x0000000008001506        0x2 
 .text.OSMutexPost
                0x0000000008001508      0x144 /home/surabhi/Projects/micrium_stm32h743zi-nucleo_blinky/STM32H743ZI_Nucleo/Build/os_mutex.o
                0x0000000008001508                OSMutexPost
 .text.OS_MutexGrpPostAll
                0x000000000800164c       0x46 /home/surabhi/Projects/micrium_stm32h743zi-nucleo_blinky/STM32H743ZI_Nucleo/Build/os_mutex.o
                0x000000000800164c                OS_MutexGrpPostAll
 *fill*         0x0000000008001692        0x2 
 .text.OS_MsgPoolInit
                0x0000000008001694       0x68 /home/surabhi/Projects/micrium_stm32h743zi-nucleo_blinky/STM32H743ZI_Nucleo/Build/os_msg.o
                0x0000000008001694                OS_MsgPoolInit
 .text.OS_MsgQFreeAll
                0x00000000080016fc       0x40 /home/surabhi/Projects/micrium_stm32h743zi-nucleo_blinky/STM32H743ZI_Nucleo/Build/os_msg.o
                0x00000000080016fc                OS_MsgQFreeAll
 .text.OS_MsgQInit
                0x000000000800173c        0xc /home/surabhi/Projects/micrium_stm32h743zi-nucleo_blinky/STM32H743ZI_Nucleo/Build/os_msg.o
                0x000000000800173c                OS_MsgQInit
 .text.OSTaskResume
                0x0000000008001748      0x100 /home/surabhi/Projects/micrium_stm32h743zi-nucleo_blinky/STM32H743ZI_Nucleo/Build/os_task.o
                0x0000000008001748                OSTaskResume
 .text.OSTaskSemPend
                0x0000000008001848       0xe4 /home/surabhi/Projects/micrium_stm32h743zi-nucleo_blinky/STM32H743ZI_Nucleo/Build/os_task.o
                0x0000000008001848                OSTaskSemPend
 .text.OSTaskSemPost
                0x000000000800192c       0xe4 /home/surabhi/Projects/micrium_stm32h743zi-nucleo_blinky/STM32H743ZI_Nucleo/Build/os_task.o
                0x000000000800192c                OSTaskSemPost
 .text.OSTaskSuspend
                0x0000000008001a10      0x124 /home/surabhi/Projects/micrium_stm32h743zi-nucleo_blinky/STM32H743ZI_Nucleo/Build/os_task.o
                0x0000000008001a10                OSTaskSuspend
 .text.OS_TaskInit
                0x0000000008001b34       0x18 /home/surabhi/Projects/micrium_stm32h743zi-nucleo_blinky/STM32H743ZI_Nucleo/Build/os_task.o
                0x0000000008001b34                OS_TaskInit
 .text.OS_TaskInitTCB
                0x0000000008001b4c       0xa4 /home/surabhi/Projects/micrium_stm32h743zi-nucleo_blinky/STM32H743ZI_Nucleo/Build/os_task.o
                0x0000000008001b4c                OS_TaskInitTCB
 .text.OSTaskCreate
                0x0000000008001bf0      0x19c /home/surabhi/Projects/micrium_stm32h743zi-nucleo_blinky/STM32H743ZI_Nucleo/Build/os_task.o
                0x0000000008001bf0                OSTaskCreate
 .text.OS_TaskChangePrio
                0x0000000008001d8c       0xb4 /home/surabhi/Projects/micrium_stm32h743zi-nucleo_blinky/STM32H743ZI_Nucleo/Build/os_task.o
                0x0000000008001d8c                OS_TaskChangePrio
 .text.OSTaskDel
                0x0000000008001e40      0x14c /home/surabhi/Projects/micrium_stm32h743zi-nucleo_blinky/STM32H743ZI_Nucleo/Build/os_task.o
                0x0000000008001e40                OSTaskDel
 .text.OS_TaskReturn
                0x0000000008001f8c       0x20 /home/surabhi/Projects/micrium_stm32h743zi-nucleo_blinky/STM32H743ZI_Nucleo/Build/os_task.o
                0x0000000008001f8c                OS_TaskReturn
 .text.OS_MemInit
                0x0000000008001fac        0x6 /home/surabhi/Projects/micrium_stm32h743zi-nucleo_blinky/STM32H743ZI_Nucleo/Build/os_mem.o
                0x0000000008001fac                OS_MemInit
 .text.OSCfg_Init
                0x0000000008001fb2        0x2 /home/surabhi/Projects/micrium_stm32h743zi-nucleo_blinky/STM32H743ZI_Nucleo/Build/os_cfg_app.o
                0x0000000008001fb2                OSCfg_Init
 .text.OS_TickListUpdateDly
                0x0000000008001fb4       0x6c /home/surabhi/Projects/micrium_stm32h743zi-nucleo_blinky/STM32H743ZI_Nucleo/Build/os_tick.o
 .text.OS_TickListUpdateTimeout
                0x0000000008002020       0xd4 /home/surabhi/Projects/micrium_stm32h743zi-nucleo_blinky/STM32H743ZI_Nucleo/Build/os_tick.o
 .text.OS_TickTask
                0x00000000080020f4       0x48 /home/surabhi/Projects/micrium_stm32h743zi-nucleo_blinky/STM32H743ZI_Nucleo/Build/os_tick.o
                0x00000000080020f4                OS_TickTask
 .text.OS_TickTaskInit
                0x000000000800213c       0x94 /home/surabhi/Projects/micrium_stm32h743zi-nucleo_blinky/STM32H743ZI_Nucleo/Build/os_tick.o
                0x000000000800213c                OS_TickTaskInit
 .text.OS_TickListInsert
                0x00000000080021d0       0x62 /home/surabhi/Projects/micrium_stm32h743zi-nucleo_blinky/STM32H743ZI_Nucleo/Build/os_tick.o
                0x00000000080021d0                OS_TickListInsert
 *fill*         0x0000000008002232        0x2 
 .text.OS_TickListInsertDly
                0x0000000008002234       0x88 /home/surabhi/Projects/micrium_stm32h743zi-nucleo_blinky/STM32H743ZI_Nucleo/Build/os_tick.o
                0x0000000008002234                OS_TickListInsertDly
 .text.OS_TickListRemove
                0x00000000080022bc       0x46 /home/surabhi/Projects/micrium_stm32h743zi-nucleo_blinky/STM32H743ZI_Nucleo/Build/os_tick.o
                0x00000000080022bc                OS_TickListRemove
 *fill*         0x0000000008002302        0x2 
 .text.OSIdleTaskHook
                0x0000000008002304       0x10 /home/surabhi/Projects/micrium_stm32h743zi-nucleo_blinky/STM32H743ZI_Nucleo/Build/os_cpu_c.o
                0x0000000008002304                OSIdleTaskHook
 .text.OSInitHook
                0x0000000008002314       0x38 /home/surabhi/Projects/micrium_stm32h743zi-nucleo_blinky/STM32H743ZI_Nucleo/Build/os_cpu_c.o
                0x0000000008002314                OSInitHook
 .text.OSStatTaskHook
                0x000000000800234c       0x10 /home/surabhi/Projects/micrium_stm32h743zi-nucleo_blinky/STM32H743ZI_Nucleo/Build/os_cpu_c.o
                0x000000000800234c                OSStatTaskHook
 .text.OSTaskCreateHook
                0x000000000800235c       0x10 /home/surabhi/Projects/micrium_stm32h743zi-nucleo_blinky/STM32H743ZI_Nucleo/Build/os_cpu_c.o
                0x000000000800235c                OSTaskCreateHook
 .text.OSTaskDelHook
                0x000000000800236c       0x10 /home/surabhi/Projects/micrium_stm32h743zi-nucleo_blinky/STM32H743ZI_Nucleo/Build/os_cpu_c.o
                0x000000000800236c                OSTaskDelHook
 .text.OSTaskReturnHook
                0x000000000800237c       0x10 /home/surabhi/Projects/micrium_stm32h743zi-nucleo_blinky/STM32H743ZI_Nucleo/Build/os_cpu_c.o
                0x000000000800237c                OSTaskReturnHook
 .text.OSTaskStkInit
                0x000000000800238c      0x1a0 /home/surabhi/Projects/micrium_stm32h743zi-nucleo_blinky/STM32H743ZI_Nucleo/Build/os_cpu_c.o
                0x000000000800238c                OSTaskStkInit
 .text.OSTaskSwHook
                0x000000000800252c       0x50 /home/surabhi/Projects/micrium_stm32h743zi-nucleo_blinky/STM32H743ZI_Nucleo/Build/os_cpu_c.o
                0x000000000800252c                OSTaskSwHook
 .text.OSTimeTickHook
                0x000000000800257c       0x10 /home/surabhi/Projects/micrium_stm32h743zi-nucleo_blinky/STM32H743ZI_Nucleo/Build/os_cpu_c.o
                0x000000000800257c                OSTimeTickHook
 .text.OS_CPU_SysTickHandler
                0x000000000800258c       0x1c /home/surabhi/Projects/micrium_stm32h743zi-nucleo_blinky/STM32H743ZI_Nucleo/Build/os_cpu_c.o
                0x000000000800258c                OS_CPU_SysTickHandler
 .text.OS_CPU_SysTickInit
                0x00000000080025a8       0x26 /home/surabhi/Projects/micrium_stm32h743zi-nucleo_blinky/STM32H743ZI_Nucleo/Build/os_cpu_c.o
                0x00000000080025a8                OS_CPU_SysTickInit
 *fill*         0x00000000080025ce        0x2 
 .text.OS_CPU_SysTickInitFreq
                0x00000000080025d0       0x14 /home/surabhi/Projects/micrium_stm32h743zi-nucleo_blinky/STM32H743ZI_Nucleo/Build/os_cpu_c.o
                0x00000000080025d0                OS_CPU_SysTickInitFreq
 .text.BSP_IntInit
                0x00000000080025e4       0x38 /home/surabhi/Projects/micrium_stm32h743zi-nucleo_blinky/STM32H743ZI_Nucleo/Build/bsp_int_armv7m.o
                0x00000000080025e4                BSP_IntInit
 .text.HAL_MspInit
                0x000000000800261c        0x2 /home/surabhi/Projects/micrium_stm32h743zi-nucleo_blinky/STM32H743ZI_Nucleo/Build/stm32h7xx_hal.o
                0x000000000800261c                HAL_MspInit
 .text.HAL_Init
                0x000000000800261e       0x1e /home/surabhi/Projects/micrium_stm32h743zi-nucleo_blinky/STM32H743ZI_Nucleo/Build/stm32h7xx_hal.o
                0x000000000800261e                HAL_Init
 .text.HAL_GetTick
                0x000000000800263c        0xc /home/surabhi/Projects/micrium_stm32h743zi-nucleo_blinky/STM32H743ZI_Nucleo/Build/stm32h7xx_hal.o
                0x000000000800263c                HAL_GetTick
 .text.HAL_EnableCompensationCell
                0x0000000008002648       0x10 /home/surabhi/Projects/micrium_stm32h743zi-nucleo_blinky/STM32H743ZI_Nucleo/Build/stm32h7xx_hal.o
                0x0000000008002648                HAL_EnableCompensationCell
 .text.HAL_RCC_OscConfig
                0x0000000008002658      0x598 /home/surabhi/Projects/micrium_stm32h743zi-nucleo_blinky/STM32H743ZI_Nucleo/Build/stm32h7xx_hal_rcc.o
                0x0000000008002658                HAL_RCC_OscConfig
 .text.HAL_RCC_GetSysClockFreq
                0x0000000008002bf0      0x1c8 /home/surabhi/Projects/micrium_stm32h743zi-nucleo_blinky/STM32H743ZI_Nucleo/Build/stm32h7xx_hal_rcc.o
                0x0000000008002bf0                HAL_RCC_GetSysClockFreq
 .text.HAL_RCC_ClockConfig
                0x0000000008002db8      0x1f4 /home/surabhi/Projects/micrium_stm32h743zi-nucleo_blinky/STM32H743ZI_Nucleo/Build/stm32h7xx_hal_rcc.o
                0x0000000008002db8                HAL_RCC_ClockConfig
 .text.HAL_RCC_GetHCLKFreq
                0x0000000008002fac       0x34 /home/surabhi/Projects/micrium_stm32h743zi-nucleo_blinky/STM32H743ZI_Nucleo/Build/stm32h7xx_hal_rcc.o
                0x0000000008002fac                HAL_RCC_GetHCLKFreq
 .text.HAL_RCC_GetPCLK1Freq
                0x0000000008002fe0       0x2c /home/surabhi/Projects/micrium_stm32h743zi-nucleo_blinky/STM32H743ZI_Nucleo/Build/stm32h7xx_hal_rcc.o
                0x0000000008002fe0                HAL_RCC_GetPCLK1Freq
 .text.HAL_RCC_GetPCLK2Freq
                0x000000000800300c       0x2c /home/surabhi/Projects/micrium_stm32h743zi-nucleo_blinky/STM32H743ZI_Nucleo/Build/stm32h7xx_hal_rcc.o
                0x000000000800300c                HAL_RCC_GetPCLK2Freq
 .text.HAL_RCCEx_GetD1SysClockFreq
                0x0000000008003038       0x34 /home/surabhi/Projects/micrium_stm32h743zi-nucleo_blinky/STM32H743ZI_Nucleo/Build/stm32h7xx_hal_rcc_ex.o
                0x0000000008003038                HAL_RCCEx_GetD1SysClockFreq
 .text.HAL_NVIC_SetPriorityGrouping
                0x000000000800306c       0x24 /home/surabhi/Projects/micrium_stm32h743zi-nucleo_blinky/STM32H743ZI_Nucleo/Build/stm32h7xx_hal_cortex.o
                0x000000000800306c                HAL_NVIC_SetPriorityGrouping
 .text.HAL_GPIO_Init
                0x0000000008003090      0x1f4 /home/surabhi/Projects/micrium_stm32h743zi-nucleo_blinky/STM32H743ZI_Nucleo/Build/stm32h7xx_hal_gpio.o
                0x0000000008003090                HAL_GPIO_Init
 .text.HAL_GPIO_TogglePin
                0x0000000008003284        0x8 /home/surabhi/Projects/micrium_stm32h743zi-nucleo_blinky/STM32H743ZI_Nucleo/Build/stm32h7xx_hal_gpio.o
                0x0000000008003284                HAL_GPIO_TogglePin
 .text.SystemInit
                0x000000000800328c       0x6c /home/surabhi/Projects/micrium_stm32h743zi-nucleo_blinky/STM32H743ZI_Nucleo/Build/system_stm32h7xx.o
                0x000000000800328c                SystemInit
 .text.BSP_ClkInit
                0x00000000080032f8       0xc4 /home/surabhi/Projects/micrium_stm32h743zi-nucleo_blinky/STM32H743ZI_Nucleo/Build/bsp_clk.o
                0x00000000080032f8                BSP_ClkInit
 .text.BSP_ClkFreqGet
                0x00000000080033bc       0x2a /home/surabhi/Projects/micrium_stm32h743zi-nucleo_blinky/STM32H743ZI_Nucleo/Build/bsp_clk.o
                0x00000000080033bc                BSP_ClkFreqGet
 .text.BSP_OS_TickEnable
                0x00000000080033e6        0xe /home/surabhi/Projects/micrium_stm32h743zi-nucleo_blinky/STM32H743ZI_Nucleo/Build/bsp_os.o
                0x00000000080033e6                BSP_OS_TickEnable
 .text.BSP_OS_TickDisable
                0x00000000080033f4        0xe /home/surabhi/Projects/micrium_stm32h743zi-nucleo_blinky/STM32H743ZI_Nucleo/Build/bsp_os.o
                0x00000000080033f4                BSP_OS_TickDisable
 .text.BSP_OS_TickInit
                0x0000000008003402       0x22 /home/surabhi/Projects/micrium_stm32h743zi-nucleo_blinky/STM32H743ZI_Nucleo/Build/bsp_os.o
                0x0000000008003402                BSP_OS_TickInit
 .text.HAL_InitTick
                0x0000000008003424        0x4 /home/surabhi/Projects/micrium_stm32h743zi-nucleo_blinky/STM32H743ZI_Nucleo/Build/bsp_os.o
                0x0000000008003424                HAL_InitTick
 .text.CPU_TS_TmrInit
                0x0000000008003428       0x4c /home/surabhi/Projects/micrium_stm32h743zi-nucleo_blinky/STM32H743ZI_Nucleo/Build/bsp_cpu.o
                0x0000000008003428                CPU_TS_TmrInit
 .text.BSP_LED_Init
                0x0000000008003474       0x48 /home/surabhi/Projects/micrium_stm32h743zi-nucleo_blinky/STM32H743ZI_Nucleo/Build/bsp_led.o
                0x0000000008003474                BSP_LED_Init
 .text.BSP_LED_Toggle
                0x00000000080034bc       0x40 /home/surabhi/Projects/micrium_stm32h743zi-nucleo_blinky/STM32H743ZI_Nucleo/Build/bsp_led.o
                0x00000000080034bc                BSP_LED_Toggle
 .text.App_OS_IdleTaskHook
                0x00000000080034fc        0x2 /home/surabhi/Projects/micrium_stm32h743zi-nucleo_blinky/STM32H743ZI_Nucleo/Build/os_app_hooks.o
                0x00000000080034fc                App_OS_IdleTaskHook
 .text.App_OS_StatTaskHook
                0x00000000080034fe        0x2 /home/surabhi/Projects/micrium_stm32h743zi-nucleo_blinky/STM32H743ZI_Nucleo/Build/os_app_hooks.o
                0x00000000080034fe                App_OS_StatTaskHook
 .text.App_OS_TaskCreateHook
                0x0000000008003500        0x2 /home/surabhi/Projects/micrium_stm32h743zi-nucleo_blinky/STM32H743ZI_Nucleo/Build/os_app_hooks.o
                0x0000000008003500                App_OS_TaskCreateHook
 .text.App_OS_TaskDelHook
                0x0000000008003502        0x2 /home/surabhi/Projects/micrium_stm32h743zi-nucleo_blinky/STM32H743ZI_Nucleo/Build/os_app_hooks.o
                0x0000000008003502                App_OS_TaskDelHook
 .text.App_OS_TaskReturnHook
                0x0000000008003504        0x2 /home/surabhi/Projects/micrium_stm32h743zi-nucleo_blinky/STM32H743ZI_Nucleo/Build/os_app_hooks.o
                0x0000000008003504                App_OS_TaskReturnHook
 .text.App_OS_TaskSwHook
                0x0000000008003506        0x2 /home/surabhi/Projects/micrium_stm32h743zi-nucleo_blinky/STM32H743ZI_Nucleo/Build/os_app_hooks.o
                0x0000000008003506                App_OS_TaskSwHook
 .text.App_OS_TimeTickHook
                0x0000000008003508        0x2 /home/surabhi/Projects/micrium_stm32h743zi-nucleo_blinky/STM32H743ZI_Nucleo/Build/os_app_hooks.o
                0x0000000008003508                App_OS_TimeTickHook
 *fill*         0x000000000800350a        0x2 
 .text.App_OS_SetAllHooks
                0x000000000800350c       0x70 /home/surabhi/Projects/micrium_stm32h743zi-nucleo_blinky/STM32H743ZI_Nucleo/Build/os_app_hooks.o
                0x000000000800350c                App_OS_SetAllHooks
 .text.StartupTask
                0x000000000800357c       0x30 /home/surabhi/Projects/micrium_stm32h743zi-nucleo_blinky/STM32H743ZI_Nucleo/Build/main.o
 .text.main     0x00000000080035ac       0x84 /home/surabhi/Projects/micrium_stm32h743zi-nucleo_blinky/STM32H743ZI_Nucleo/Build/main.o
                0x00000000080035ac                main
 .text.Reset_Handler
                0x0000000008003630       0x50 /home/surabhi/Projects/micrium_stm32h743zi-nucleo_blinky/STM32H743ZI_Nucleo/Build/startup_stm32h743xx.o
                0x0000000008003630                Reset_Handler
 .text.Default_Handler
                0x0000000008003680        0x2 /home/surabhi/Projects/micrium_stm32h743zi-nucleo_blinky/STM32H743ZI_Nucleo/Build/startup_stm32h743xx.o
                0x0000000008003680                RTC_Alarm_IRQHandler
                0x0000000008003680                EXTI2_IRQHandler
                0x0000000008003680                TIM8_CC_IRQHandler
                0x0000000008003680                HRTIM1_Master_IRQHandler
                0x0000000008003680                DebugMon_Handler
                0x0000000008003680                UART8_IRQHandler
                0x0000000008003680                SPI4_IRQHandler
                0x0000000008003680                TIM1_CC_IRQHandler
                0x0000000008003680                BDMA_Channel6_IRQHandler
                0x0000000008003680                DMA2_Stream5_IRQHandler
                0x0000000008003680                HardFault_Handler
                0x0000000008003680                HRTIM1_FLT_IRQHandler
                0x0000000008003680                JPEG_IRQHandler
                0x0000000008003680                DMA1_Stream5_IRQHandler
                0x0000000008003680                SysTick_Handler
                0x0000000008003680                BDMA_Channel1_IRQHandler
                0x0000000008003680                HRTIM1_TIMD_IRQHandler
                0x0000000008003680                TAMP_STAMP_IRQHandler
                0x0000000008003680                PendSV_Handler
                0x0000000008003680                NMI_Handler
                0x0000000008003680                EXTI3_IRQHandler
                0x0000000008003680                LPTIM4_IRQHandler
                0x0000000008003680                TIM8_TRG_COM_TIM14_IRQHandler
                0x0000000008003680                LPTIM2_IRQHandler
                0x0000000008003680                DFSDM1_FLT1_IRQHandler
                0x0000000008003680                DMAMUX2_OVR_IRQHandler
                0x0000000008003680                TIM8_UP_TIM13_IRQHandler
                0x0000000008003680                I2C3_ER_IRQHandler
                0x0000000008003680                DFSDM1_FLT2_IRQHandler
                0x0000000008003680                MDMA_IRQHandler
                0x0000000008003680                LPTIM3_IRQHandler
                0x0000000008003680                HSEM1_IRQHandler
                0x0000000008003680                EXTI0_IRQHandler
                0x0000000008003680                I2C2_EV_IRQHandler
                0x0000000008003680                DMA1_Stream2_IRQHandler
                0x0000000008003680                FPU_IRQHandler
                0x0000000008003680                OTG_HS_WKUP_IRQHandler
                0x0000000008003680                FDCAN1_IT1_IRQHandler
                0x0000000008003680                UsageFault_Handler
                0x0000000008003680                LTDC_ER_IRQHandler
                0x0000000008003680                DMA2_Stream2_IRQHandler
                0x0000000008003680                HRTIM1_TIME_IRQHandler
                0x0000000008003680                SPI1_IRQHandler
                0x0000000008003680                TIM6_DAC_IRQHandler
                0x0000000008003680                DCMI_IRQHandler
                0x0000000008003680                HRTIM1_TIMC_IRQHandler
                0x0000000008003680                DMA2_Stream3_IRQHandler
                0x0000000008003680                SAI2_IRQHandler
                0x0000000008003680                DFSDM1_FLT3_IRQHandler
                0x0000000008003680                USART6_IRQHandler
                0x0000000008003680                TIM17_IRQHandler
                0x0000000008003680                USART3_IRQHandler
                0x0000000008003680                BDMA_Channel7_IRQHandler
                0x0000000008003680                LPTIM5_IRQHandler
                0x0000000008003680                UART5_IRQHandler
                0x0000000008003680                ADC3_IRQHandler
                0x0000000008003680                DMA2_Stream0_IRQHandler
                0x0000000008003680                TIM4_IRQHandler
                0x0000000008003680                BDMA_Channel2_IRQHandler
                0x0000000008003680                QUADSPI_IRQHandler
                0x0000000008003680                I2C1_EV_IRQHandler
                0x0000000008003680                DMA1_Stream6_IRQHandler
                0x0000000008003680                DMAMUX1_OVR_IRQHandler
                0x0000000008003680                DMA1_Stream1_IRQHandler
                0x0000000008003680                TIM16_IRQHandler
                0x0000000008003680                UART4_IRQHandler
                0x0000000008003680                BDMA_Channel5_IRQHandler
                0x0000000008003680                TIM3_IRQHandler
                0x0000000008003680                RCC_IRQHandler
                0x0000000008003680                TIM8_BRK_TIM12_IRQHandler
                0x0000000008003680                TIM1_TRG_COM_IRQHandler
                0x0000000008003680                Default_Handler
                0x0000000008003680                CEC_IRQHandler
                0x0000000008003680                EXTI15_10_IRQHandler
                0x0000000008003680                BDMA_Channel0_IRQHandler
                0x0000000008003680                ADC_IRQHandler
                0x0000000008003680                DMA1_Stream7_IRQHandler
                0x0000000008003680                HRTIM1_TIMA_IRQHandler
                0x0000000008003680                SPI5_IRQHandler
                0x0000000008003680                TIM7_IRQHandler
                0x0000000008003680                SDMMC1_IRQHandler
                0x0000000008003680                TIM5_IRQHandler
                0x0000000008003680                DMA2_Stream7_IRQHandler
                0x0000000008003680                TIM15_IRQHandler
                0x0000000008003680                PVD_AVD_IRQHandler
                0x0000000008003680                I2C3_EV_IRQHandler
                0x0000000008003680                EXTI9_5_IRQHandler
                0x0000000008003680                RTC_WKUP_IRQHandler
                0x0000000008003680                LTDC_IRQHandler
                0x0000000008003680                SAI3_IRQHandler
                0x0000000008003680                ETH_WKUP_IRQHandler
                0x0000000008003680                SPDIF_RX_IRQHandler
                0x0000000008003680                SPI2_IRQHandler
                0x0000000008003680                OTG_HS_EP1_IN_IRQHandler
                0x0000000008003680                MemManage_Handler
                0x0000000008003680                DMA1_Stream0_IRQHandler
                0x0000000008003680                SVC_Handler
                0x0000000008003680                CRS_IRQHandler
                0x0000000008003680                EXTI4_IRQHandler
                0x0000000008003680                RNG_IRQHandler
                0x0000000008003680                HRTIM1_TIMB_IRQHandler
                0x0000000008003680                FDCAN2_IT1_IRQHandler
                0x0000000008003680                ETH_IRQHandler
                0x0000000008003680                TIM1_UP_IRQHandler
                0x0000000008003680                BDMA_Channel4_IRQHandler
                0x0000000008003680                OTG_HS_EP1_OUT_IRQHandler
                0x0000000008003680                WWDG_IRQHandler
                0x0000000008003680                SPI6_IRQHandler
                0x0000000008003680                MDIOS_IRQHandler
                0x0000000008003680                I2C4_EV_IRQHandler
                0x0000000008003680                FDCAN2_IT0_IRQHandler
                0x0000000008003680                LPUART1_IRQHandler
                0x0000000008003680                FDCAN1_IT0_IRQHandler
                0x0000000008003680                TIM2_IRQHandler
                0x0000000008003680                OTG_FS_WKUP_IRQHandler
                0x0000000008003680                OTG_HS_IRQHandler
                0x0000000008003680                DMA2D_IRQHandler
                0x0000000008003680                TIM1_BRK_IRQHandler
                0x0000000008003680                EXTI1_IRQHandler
                0x0000000008003680                SDMMC2_IRQHandler
                0x0000000008003680                OTG_FS_EP1_OUT_IRQHandler
                0x0000000008003680                BDMA_Channel3_IRQHandler
                0x0000000008003680                UART7_IRQHandler
                0x0000000008003680                MDIOS_WKUP_IRQHandler
                0x0000000008003680                USART2_IRQHandler
                0x0000000008003680                DFSDM1_FLT0_IRQHandler
                0x0000000008003680                SAI4_IRQHandler
                0x0000000008003680                I2C2_ER_IRQHandler
                0x0000000008003680                DMA2_Stream1_IRQHandler
                0x0000000008003680                FLASH_IRQHandler
                0x0000000008003680                DMA2_Stream4_IRQHandler
                0x0000000008003680                BusFault_Handler
                0x0000000008003680                USART1_IRQHandler
                0x0000000008003680                OTG_FS_IRQHandler
                0x0000000008003680                SPI3_IRQHandler
                0x0000000008003680                WAKEUP_PIN_IRQHandler
                0x0000000008003680                DMA1_Stream4_IRQHandler
                0x0000000008003680                OTG_FS_EP1_IN_IRQHandler
                0x0000000008003680                I2C1_ER_IRQHandler
                0x0000000008003680                FMC_IRQHandler
                0x0000000008003680                FDCAN_CAL_IRQHandler
                0x0000000008003680                SWPMI1_IRQHandler
                0x0000000008003680                COMP1_IRQHandler
                0x0000000008003680                LPTIM1_IRQHandler
                0x0000000008003680                I2C4_ER_IRQHandler
                0x0000000008003680                DMA2_Stream6_IRQHandler
                0x0000000008003680                SAI1_IRQHandler
                0x0000000008003680                DMA1_Stream3_IRQHandler
 *fill*         0x0000000008003682        0x2 
 .text.__libc_init_array
                0x0000000008003684       0x48 /home/surabhi/toolchain/gcc-arm-none-eabi-10.3-2021.10-x86_64-linux/gcc-arm-none-eabi-10.3-2021.10/bin/../lib/gcc/arm-none-eabi/10.3.1/../../../../arm-none-eabi/lib/thumb/v7e-m+dp/hard/libc_nano.a(lib_a-init.o)
                0x0000000008003684                __libc_init_array
 *(.glue_7)
 .glue_7        0x00000000080036cc        0x0 linker stubs
 *(.glue_7t)
 .glue_7t       0x00000000080036cc        0x0 linker stubs
 *(.eh_frame)
 .eh_frame      0x00000000080036cc        0x0 /home/surabhi/toolchain/gcc-arm-none-eabi-10.3-2021.10-x86_64-linux/gcc-arm-none-eabi-10.3-2021.10/bin/../lib/gcc/arm-none-eabi/10.3.1/thumb/v7e-m+dp/hard/crtbegin.o
 *(.init)
 .init          0x00000000080036cc        0x4 /home/surabhi/toolchain/gcc-arm-none-eabi-10.3-2021.10-x86_64-linux/gcc-arm-none-eabi-10.3-2021.10/bin/../lib/gcc/arm-none-eabi/10.3.1/thumb/v7e-m+dp/hard/crti.o
                0x00000000080036cc                _init
 .init          0x00000000080036d0        0x8 /home/surabhi/toolchain/gcc-arm-none-eabi-10.3-2021.10-x86_64-linux/gcc-arm-none-eabi-10.3-2021.10/bin/../lib/gcc/arm-none-eabi/10.3.1/thumb/v7e-m+dp/hard/crtn.o
 *(.fini)
 .fini          0x00000000080036d8        0x4 /home/surabhi/toolchain/gcc-arm-none-eabi-10.3-2021.10-x86_64-linux/gcc-arm-none-eabi-10.3-2021.10/bin/../lib/gcc/arm-none-eabi/10.3.1/thumb/v7e-m+dp/hard/crti.o
                0x00000000080036d8                _fini
 .fini          0x00000000080036dc        0x8 /home/surabhi/toolchain/gcc-arm-none-eabi-10.3-2021.10-x86_64-linux/gcc-arm-none-eabi-10.3-2021.10/bin/../lib/gcc/arm-none-eabi/10.3.1/thumb/v7e-m+dp/hard/crtn.o
                0x00000000080036e4                . = ALIGN (0x4)
                0x00000000080036e4                _etext = .

.vfp11_veneer   0x00000000080036e4        0x0
 .vfp11_veneer  0x00000000080036e4        0x0 linker stubs

.v4_bx          0x00000000080036e4        0x0
 .v4_bx         0x00000000080036e4        0x0 linker stubs

.iplt           0x00000000080036e4        0x0
 .iplt          0x00000000080036e4        0x0 /home/surabhi/toolchain/gcc-arm-none-eabi-10.3-2021.10-x86_64-linux/gcc-arm-none-eabi-10.3-2021.10/bin/../lib/gcc/arm-none-eabi/10.3.1/thumb/v7e-m+dp/hard/crtbegin.o

.rodata         0x00000000080036e4       0x78
                0x00000000080036e4                . = ALIGN (0x4)
 *(.rodata)
 *(.rodata*)
 .rodata.OSCfg_ISRStkBasePtr
                0x00000000080036e4        0x4 /home/surabhi/Projects/micrium_stm32h743zi-nucleo_blinky/STM32H743ZI_Nucleo/Build/os_cfg_app.o
                0x00000000080036e4                OSCfg_ISRStkBasePtr
 .rodata.OSCfg_ISRStkSize
                0x00000000080036e8        0x4 /home/surabhi/Projects/micrium_stm32h743zi-nucleo_blinky/STM32H743ZI_Nucleo/Build/os_cfg_app.o
                0x00000000080036e8                OSCfg_ISRStkSize
 .rodata.OSCfg_IdleTaskStkBasePtr
                0x00000000080036ec        0x4 /home/surabhi/Projects/micrium_stm32h743zi-nucleo_blinky/STM32H743ZI_Nucleo/Build/os_cfg_app.o
                0x00000000080036ec                OSCfg_IdleTaskStkBasePtr
 .rodata.OSCfg_IdleTaskStkLimit
                0x00000000080036f0        0x4 /home/surabhi/Projects/micrium_stm32h743zi-nucleo_blinky/STM32H743ZI_Nucleo/Build/os_cfg_app.o
                0x00000000080036f0                OSCfg_IdleTaskStkLimit
 .rodata.OSCfg_IdleTaskStkSize
                0x00000000080036f4        0x4 /home/surabhi/Projects/micrium_stm32h743zi-nucleo_blinky/STM32H743ZI_Nucleo/Build/os_cfg_app.o
                0x00000000080036f4                OSCfg_IdleTaskStkSize
 .rodata.OSCfg_MsgPoolBasePtr
                0x00000000080036f8        0x4 /home/surabhi/Projects/micrium_stm32h743zi-nucleo_blinky/STM32H743ZI_Nucleo/Build/os_cfg_app.o
                0x00000000080036f8                OSCfg_MsgPoolBasePtr
 .rodata.OSCfg_MsgPoolSize
                0x00000000080036fc        0x2 /home/surabhi/Projects/micrium_stm32h743zi-nucleo_blinky/STM32H743ZI_Nucleo/Build/os_cfg_app.o
                0x00000000080036fc                OSCfg_MsgPoolSize
 .rodata.OSCfg_StatTaskPrio
                0x00000000080036fe        0x1 /home/surabhi/Projects/micrium_stm32h743zi-nucleo_blinky/STM32H743ZI_Nucleo/Build/os_cfg_app.o
                0x00000000080036fe                OSCfg_StatTaskPrio
 *fill*         0x00000000080036ff        0x1 
 .rodata.OSCfg_StatTaskRate_Hz
                0x0000000008003700        0x4 /home/surabhi/Projects/micrium_stm32h743zi-nucleo_blinky/STM32H743ZI_Nucleo/Build/os_cfg_app.o
                0x0000000008003700                OSCfg_StatTaskRate_Hz
 .rodata.OSCfg_StatTaskStkBasePtr
                0x0000000008003704        0x4 /home/surabhi/Projects/micrium_stm32h743zi-nucleo_blinky/STM32H743ZI_Nucleo/Build/os_cfg_app.o
                0x0000000008003704                OSCfg_StatTaskStkBasePtr
 .rodata.OSCfg_StatTaskStkLimit
                0x0000000008003708        0x4 /home/surabhi/Projects/micrium_stm32h743zi-nucleo_blinky/STM32H743ZI_Nucleo/Build/os_cfg_app.o
                0x0000000008003708                OSCfg_StatTaskStkLimit
 .rodata.OSCfg_StatTaskStkSize
                0x000000000800370c        0x4 /home/surabhi/Projects/micrium_stm32h743zi-nucleo_blinky/STM32H743ZI_Nucleo/Build/os_cfg_app.o
                0x000000000800370c                OSCfg_StatTaskStkSize
 .rodata.OSCfg_StkSizeMin
                0x0000000008003710        0x4 /home/surabhi/Projects/micrium_stm32h743zi-nucleo_blinky/STM32H743ZI_Nucleo/Build/os_cfg_app.o
                0x0000000008003710                OSCfg_StkSizeMin
 .rodata.OSCfg_TickRate_Hz
                0x0000000008003714        0x4 /home/surabhi/Projects/micrium_stm32h743zi-nucleo_blinky/STM32H743ZI_Nucleo/Build/os_cfg_app.o
                0x0000000008003714                OSCfg_TickRate_Hz
 .rodata.OSCfg_TickTaskPrio
                0x0000000008003718        0x1 /home/surabhi/Projects/micrium_stm32h743zi-nucleo_blinky/STM32H743ZI_Nucleo/Build/os_cfg_app.o
                0x0000000008003718                OSCfg_TickTaskPrio
 *fill*         0x0000000008003719        0x3 
 .rodata.OSCfg_TickTaskStkBasePtr
                0x000000000800371c        0x4 /home/surabhi/Projects/micrium_stm32h743zi-nucleo_blinky/STM32H743ZI_Nucleo/Build/os_cfg_app.o
                0x000000000800371c                OSCfg_TickTaskStkBasePtr
 .rodata.OSCfg_TickTaskStkLimit
                0x0000000008003720        0x4 /home/surabhi/Projects/micrium_stm32h743zi-nucleo_blinky/STM32H743ZI_Nucleo/Build/os_cfg_app.o
                0x0000000008003720                OSCfg_TickTaskStkLimit
 .rodata.OSCfg_TickTaskStkSize
                0x0000000008003724        0x4 /home/surabhi/Projects/micrium_stm32h743zi-nucleo_blinky/STM32H743ZI_Nucleo/Build/os_cfg_app.o
                0x0000000008003724                OSCfg_TickTaskStkSize
 .rodata.OSCfg_TmrTaskPrio
                0x0000000008003728        0x1 /home/surabhi/Projects/micrium_stm32h743zi-nucleo_blinky/STM32H743ZI_Nucleo/Build/os_cfg_app.o
                0x0000000008003728                OSCfg_TmrTaskPrio
 *fill*         0x0000000008003729        0x3 
 .rodata.OSCfg_TmrTaskRate_Hz
                0x000000000800372c        0x4 /home/surabhi/Projects/micrium_stm32h743zi-nucleo_blinky/STM32H743ZI_Nucleo/Build/os_cfg_app.o
                0x000000000800372c                OSCfg_TmrTaskRate_Hz
 .rodata.OSCfg_TmrTaskStkBasePtr
                0x0000000008003730        0x4 /home/surabhi/Projects/micrium_stm32h743zi-nucleo_blinky/STM32H743ZI_Nucleo/Build/os_cfg_app.o
                0x0000000008003730                OSCfg_TmrTaskStkBasePtr
 .rodata.OSCfg_TmrTaskStkLimit
                0x0000000008003734        0x4 /home/surabhi/Projects/micrium_stm32h743zi-nucleo_blinky/STM32H743ZI_Nucleo/Build/os_cfg_app.o
                0x0000000008003734                OSCfg_TmrTaskStkLimit
 .rodata.OSCfg_TmrTaskStkSize
                0x0000000008003738        0x4 /home/surabhi/Projects/micrium_stm32h743zi-nucleo_blinky/STM32H743ZI_Nucleo/Build/os_cfg_app.o
                0x0000000008003738                OSCfg_TmrTaskStkSize
 .rodata.D1CorePrescTable
                0x000000000800373c       0x10 /home/surabhi/Projects/micrium_stm32h743zi-nucleo_blinky/STM32H743ZI_Nucleo/Build/system_stm32h7xx.o
                0x000000000800373c                D1CorePrescTable
 .rodata.main.str1.4
                0x000000000800374c        0xd /home/surabhi/Projects/micrium_stm32h743zi-nucleo_blinky/STM32H743ZI_Nucleo/Build/main.o
                0x000000000800375c                . = ALIGN (0x4)
 *fill*         0x0000000008003759        0x3 

.rel.dyn        0x000000000800375c        0x0
 .rel.iplt      0x000000000800375c        0x0 /home/surabhi/toolchain/gcc-arm-none-eabi-10.3-2021.10-x86_64-linux/gcc-arm-none-eabi-10.3-2021.10/bin/../lib/gcc/arm-none-eabi/10.3.1/thumb/v7e-m+dp/hard/crtbegin.o

.ARM.extab
 *(.ARM.extab* .gnu.linkonce.armextab.*)

.ARM            0x000000000800375c        0x0
                0x000000000800375c                __exidx_start = .
 *(.ARM.exidx*)
                0x000000000800375c                __exidx_end = .

.preinit_array  0x000000000800375c        0x0
                0x000000000800375c                PROVIDE (__preinit_array_start = .)
 *(.preinit_array*)
                0x000000000800375c                PROVIDE (__preinit_array_end = .)

.init_array     0x000000000800375c        0x4
                0x000000000800375c                PROVIDE (__init_array_start = .)
 *(SORT_BY_NAME(.init_array.*))
 *(.init_array*)
 .init_array    0x000000000800375c        0x4 /home/surabhi/toolchain/gcc-arm-none-eabi-10.3-2021.10-x86_64-linux/gcc-arm-none-eabi-10.3-2021.10/bin/../lib/gcc/arm-none-eabi/10.3.1/thumb/v7e-m+dp/hard/crtbegin.o
                0x0000000008003760                PROVIDE (__init_array_end = .)

.fini_array     0x0000000008003760        0x4
                [!provide]                        PROVIDE (__fini_array_start = .)
 *(SORT_BY_NAME(.fini_array.*))
 *(.fini_array*)
 .fini_array    0x0000000008003760        0x4 /home/surabhi/toolchain/gcc-arm-none-eabi-10.3-2021.10-x86_64-linux/gcc-arm-none-eabi-10.3-2021.10/bin/../lib/gcc/arm-none-eabi/10.3.1/thumb/v7e-m+dp/hard/crtbegin.o
                [!provide]                        PROVIDE (__fini_array_end = .)
                0x0000000008003764                _sidata = LOADADDR (.data)

.data           0x0000000020000000        0x8 load address 0x0000000008003764
                0x0000000020000000                . = ALIGN (0x4)
                0x0000000020000000                _sdata = .
 *(.data)
 *(.data*)
 .data.SystemCoreClock
                0x0000000020000000        0x4 /home/surabhi/Projects/micrium_stm32h743zi-nucleo_blinky/STM32H743ZI_Nucleo/Build/system_stm32h7xx.o
                0x0000000020000000                SystemCoreClock
 .data.SystemD2Clock
                0x0000000020000004        0x4 /home/surabhi/Projects/micrium_stm32h743zi-nucleo_blinky/STM32H743ZI_Nucleo/Build/system_stm32h7xx.o
                0x0000000020000004                SystemD2Clock
                0x0000000020000008                . = ALIGN (0x4)
                0x0000000020000008                _edata = .
                0x000000000800376c                _sisram_d1 = LOADADDR (.sram_d1)

.igot.plt       0x0000000020000008        0x0 load address 0x000000000800376c
 .igot.plt      0x0000000020000008        0x0 /home/surabhi/toolchain/gcc-arm-none-eabi-10.3-2021.10-x86_64-linux/gcc-arm-none-eabi-10.3-2021.10/bin/../lib/gcc/arm-none-eabi/10.3.1/thumb/v7e-m+dp/hard/crtbegin.o

.sram_d1        0x0000000024000000        0x0 load address 0x000000000800376c
                0x0000000024000000                . = ALIGN (0x4)
                0x0000000024000000                _ssram_d1 = .
 *(.sram_d1)
 *(.sram_d1*)
                0x0000000024000000                . = ALIGN (0x4)
                0x0000000024000000                _esram_d1 = .
                0x000000000800376c                _sisram_d2 = LOADADDR (.sram_d2)

.sram_d2        0x0000000030000000        0x0 load address 0x000000000800376c
                0x0000000030000000                . = ALIGN (0x4)
                0x0000000030000000                _ssram_d2 = .
 *(.sram_d2)
 *(.sram_d2*)
                0x0000000030000000                . = ALIGN (0x4)
                0x0000000030000000                _esram_d2 = .
                0x000000000800376c                _sisram_d3 = LOADADDR (.sram_d3)

.sram_d3        0x0000000038000000        0x0 load address 0x000000000800376c
                0x0000000038000000                . = ALIGN (0x4)
                0x0000000038000000                _ssram_d3 = .
 *(.sram_d3)
 *(.sram_d3*)
                0x0000000038000000                . = ALIGN (0x4)
                0x0000000038000000                _esram_d3 = .
                0x0000000038000000                . = ALIGN (0x4)

.bss            0x0000000020000400     0x1b48
                0x0000000020000400                _sbss = .
                0x0000000020000400                __bss_start__ = _sbss
 *(.bss)
 .bss           0x0000000020000400       0x1c /home/surabhi/toolchain/gcc-arm-none-eabi-10.3-2021.10-x86_64-linux/gcc-arm-none-eabi-10.3-2021.10/bin/../lib/gcc/arm-none-eabi/10.3.1/thumb/v7e-m+dp/hard/crtbegin.o
 *(.bss*)
 .bss.CPU_TS_TmrFreq_Hz
                0x000000002000041c        0x4 /home/surabhi/Projects/micrium_stm32h743zi-nucleo_blinky/STM32H743ZI_Nucleo/Build/cpu_core.o
                0x000000002000041c                CPU_TS_TmrFreq_Hz
 .bss.Mem_SegHeadPtr
                0x0000000020000420        0x4 /home/surabhi/Projects/micrium_stm32h743zi-nucleo_blinky/STM32H743ZI_Nucleo/Build/lib_mem.o
                0x0000000020000420                Mem_SegHeadPtr
 .bss.OSIdleTaskTCB
                0x0000000020000424       0xac /home/surabhi/Projects/micrium_stm32h743zi-nucleo_blinky/STM32H743ZI_Nucleo/Build/os_var.o
                0x0000000020000424                OSIdleTaskTCB
 .bss.OSInitialized
                0x00000000200004d0        0x1 /home/surabhi/Projects/micrium_stm32h743zi-nucleo_blinky/STM32H743ZI_Nucleo/Build/os_var.o
                0x00000000200004d0                OSInitialized
 .bss.OSIntNestingCtr
                0x00000000200004d1        0x1 /home/surabhi/Projects/micrium_stm32h743zi-nucleo_blinky/STM32H743ZI_Nucleo/Build/os_var.o
                0x00000000200004d1                OSIntNestingCtr
 *fill*         0x00000000200004d2        0x2 
 .bss.OSMsgPool
                0x00000000200004d4        0x8 /home/surabhi/Projects/micrium_stm32h743zi-nucleo_blinky/STM32H743ZI_Nucleo/Build/os_var.o
                0x00000000200004d4                OSMsgPool
 .bss.OSPrioCur
                0x00000000200004dc        0x1 /home/surabhi/Projects/micrium_stm32h743zi-nucleo_blinky/STM32H743ZI_Nucleo/Build/os_var.o
                0x00000000200004dc                OSPrioCur
 .bss.OSPrioHighRdy
                0x00000000200004dd        0x1 /home/surabhi/Projects/micrium_stm32h743zi-nucleo_blinky/STM32H743ZI_Nucleo/Build/os_var.o
                0x00000000200004dd                OSPrioHighRdy
 *fill*         0x00000000200004de        0x2 
 .bss.OSRdyList
                0x00000000200004e0      0x200 /home/surabhi/Projects/micrium_stm32h743zi-nucleo_blinky/STM32H743ZI_Nucleo/Build/os_var.o
                0x00000000200004e0                OSRdyList
 .bss.OSRunning
                0x00000000200006e0        0x1 /home/surabhi/Projects/micrium_stm32h743zi-nucleo_blinky/STM32H743ZI_Nucleo/Build/os_var.o
                0x00000000200006e0                OSRunning
 .bss.OSSchedLockNestingCtr
                0x00000000200006e1        0x1 /home/surabhi/Projects/micrium_stm32h743zi-nucleo_blinky/STM32H743ZI_Nucleo/Build/os_var.o
                0x00000000200006e1                OSSchedLockNestingCtr
 *fill*         0x00000000200006e2        0x2 
 .bss.OSSchedRoundRobinDfltTimeQuanta
                0x00000000200006e4        0x4 /home/surabhi/Projects/micrium_stm32h743zi-nucleo_blinky/STM32H743ZI_Nucleo/Build/os_var.o
                0x00000000200006e4                OSSchedRoundRobinDfltTimeQuanta
 .bss.OSSchedRoundRobinEn
                0x00000000200006e8        0x1 /home/surabhi/Projects/micrium_stm32h743zi-nucleo_blinky/STM32H743ZI_Nucleo/Build/os_var.o
                0x00000000200006e8                OSSchedRoundRobinEn
 .bss.OSStatResetFlag
                0x00000000200006e9        0x1 /home/surabhi/Projects/micrium_stm32h743zi-nucleo_blinky/STM32H743ZI_Nucleo/Build/os_var.o
                0x00000000200006e9                OSStatResetFlag
 .bss.OSStatTaskCPUUsage
                0x00000000200006ea        0x2 /home/surabhi/Projects/micrium_stm32h743zi-nucleo_blinky/STM32H743ZI_Nucleo/Build/os_var.o
                0x00000000200006ea                OSStatTaskCPUUsage
 .bss.OSStatTaskCPUUsageMax
                0x00000000200006ec        0x2 /home/surabhi/Projects/micrium_stm32h743zi-nucleo_blinky/STM32H743ZI_Nucleo/Build/os_var.o
                0x00000000200006ec                OSStatTaskCPUUsageMax
 *fill*         0x00000000200006ee        0x2 
 .bss.OSStatTaskCtr
                0x00000000200006f0        0x4 /home/surabhi/Projects/micrium_stm32h743zi-nucleo_blinky/STM32H743ZI_Nucleo/Build/os_var.o
                0x00000000200006f0                OSStatTaskCtr
 .bss.OSStatTaskCtrMax
                0x00000000200006f4        0x4 /home/surabhi/Projects/micrium_stm32h743zi-nucleo_blinky/STM32H743ZI_Nucleo/Build/os_var.o
                0x00000000200006f4                OSStatTaskCtrMax
 .bss.OSStatTaskCtrRun
                0x00000000200006f8        0x4 /home/surabhi/Projects/micrium_stm32h743zi-nucleo_blinky/STM32H743ZI_Nucleo/Build/os_var.o
                0x00000000200006f8                OSStatTaskCtrRun
 .bss.OSStatTaskRdy
                0x00000000200006fc        0x1 /home/surabhi/Projects/micrium_stm32h743zi-nucleo_blinky/STM32H743ZI_Nucleo/Build/os_var.o
                0x00000000200006fc                OSStatTaskRdy
 *fill*         0x00000000200006fd        0x3 
 .bss.OSStatTaskTCB
                0x0000000020000700       0xac /home/surabhi/Projects/micrium_stm32h743zi-nucleo_blinky/STM32H743ZI_Nucleo/Build/os_var.o
                0x0000000020000700                OSStatTaskTCB
 .bss.OSTCBCurPtr
                0x00000000200007ac        0x4 /home/surabhi/Projects/micrium_stm32h743zi-nucleo_blinky/STM32H743ZI_Nucleo/Build/os_var.o
                0x00000000200007ac                OSTCBCurPtr
 .bss.OSTCBHighRdyPtr
                0x00000000200007b0        0x4 /home/surabhi/Projects/micrium_stm32h743zi-nucleo_blinky/STM32H743ZI_Nucleo/Build/os_var.o
                0x00000000200007b0                OSTCBHighRdyPtr
 .bss.OSTaskCtxSwCtr
                0x00000000200007b4        0x4 /home/surabhi/Projects/micrium_stm32h743zi-nucleo_blinky/STM32H743ZI_Nucleo/Build/os_var.o
                0x00000000200007b4                OSTaskCtxSwCtr
 .bss.OSTaskQty
                0x00000000200007b8        0x2 /home/surabhi/Projects/micrium_stm32h743zi-nucleo_blinky/STM32H743ZI_Nucleo/Build/os_var.o
                0x00000000200007b8                OSTaskQty
 .bss.OSTaskRegNextAvailID
                0x00000000200007ba        0x1 /home/surabhi/Projects/micrium_stm32h743zi-nucleo_blinky/STM32H743ZI_Nucleo/Build/os_var.o
                0x00000000200007ba                OSTaskRegNextAvailID
 *fill*         0x00000000200007bb        0x1 
 .bss.OSTickCtr
                0x00000000200007bc        0x4 /home/surabhi/Projects/micrium_stm32h743zi-nucleo_blinky/STM32H743ZI_Nucleo/Build/os_var.o
                0x00000000200007bc                OSTickCtr
 .bss.OSTickListDly
                0x00000000200007c0        0x4 /home/surabhi/Projects/micrium_stm32h743zi-nucleo_blinky/STM32H743ZI_Nucleo/Build/os_var.o
                0x00000000200007c0                OSTickListDly
 .bss.OSTickListTimeout
                0x00000000200007c4        0x4 /home/surabhi/Projects/micrium_stm32h743zi-nucleo_blinky/STM32H743ZI_Nucleo/Build/os_var.o
                0x00000000200007c4                OSTickListTimeout
 .bss.OSTickTaskTCB
                0x00000000200007c8       0xac /home/surabhi/Projects/micrium_stm32h743zi-nucleo_blinky/STM32H743ZI_Nucleo/Build/os_var.o
                0x00000000200007c8                OSTickTaskTCB
 .bss.OSTmrListPtr
                0x0000000020000874        0x4 /home/surabhi/Projects/micrium_stm32h743zi-nucleo_blinky/STM32H743ZI_Nucleo/Build/os_var.o
                0x0000000020000874                OSTmrListPtr
 .bss.OSTmrMutex
                0x0000000020000878       0x18 /home/surabhi/Projects/micrium_stm32h743zi-nucleo_blinky/STM32H743ZI_Nucleo/Build/os_var.o
                0x0000000020000878                OSTmrMutex
 .bss.OSTmrTaskTCB
                0x0000000020000890       0xac /home/surabhi/Projects/micrium_stm32h743zi-nucleo_blinky/STM32H743ZI_Nucleo/Build/os_var.o
                0x0000000020000890                OSTmrTaskTCB
 .bss.OSTmrTickCtr
                0x000000002000093c        0x4 /home/surabhi/Projects/micrium_stm32h743zi-nucleo_blinky/STM32H743ZI_Nucleo/Build/os_var.o
                0x000000002000093c                OSTmrTickCtr
 .bss.OSTmrUpdateCnt
                0x0000000020000940        0x4 /home/surabhi/Projects/micrium_stm32h743zi-nucleo_blinky/STM32H743ZI_Nucleo/Build/os_var.o
                0x0000000020000940                OSTmrUpdateCnt
 .bss.OSTmrUpdateCtr
                0x0000000020000944        0x4 /home/surabhi/Projects/micrium_stm32h743zi-nucleo_blinky/STM32H743ZI_Nucleo/Build/os_var.o
                0x0000000020000944                OSTmrUpdateCtr
 .bss.OS_AppIdleTaskHookPtr
                0x0000000020000948        0x4 /home/surabhi/Projects/micrium_stm32h743zi-nucleo_blinky/STM32H743ZI_Nucleo/Build/os_var.o
                0x0000000020000948                OS_AppIdleTaskHookPtr
 .bss.OS_AppStatTaskHookPtr
                0x000000002000094c        0x4 /home/surabhi/Projects/micrium_stm32h743zi-nucleo_blinky/STM32H743ZI_Nucleo/Build/os_var.o
                0x000000002000094c                OS_AppStatTaskHookPtr
 .bss.OS_AppTaskCreateHookPtr
                0x0000000020000950        0x4 /home/surabhi/Projects/micrium_stm32h743zi-nucleo_blinky/STM32H743ZI_Nucleo/Build/os_var.o
                0x0000000020000950                OS_AppTaskCreateHookPtr
 .bss.OS_AppTaskDelHookPtr
                0x0000000020000954        0x4 /home/surabhi/Projects/micrium_stm32h743zi-nucleo_blinky/STM32H743ZI_Nucleo/Build/os_var.o
                0x0000000020000954                OS_AppTaskDelHookPtr
 .bss.OS_AppTaskReturnHookPtr
                0x0000000020000958        0x4 /home/surabhi/Projects/micrium_stm32h743zi-nucleo_blinky/STM32H743ZI_Nucleo/Build/os_var.o
                0x0000000020000958                OS_AppTaskReturnHookPtr
 .bss.OS_AppTaskSwHookPtr
                0x000000002000095c        0x4 /home/surabhi/Projects/micrium_stm32h743zi-nucleo_blinky/STM32H743ZI_Nucleo/Build/os_var.o
                0x000000002000095c                OS_AppTaskSwHookPtr
 .bss.OS_AppTimeTickHookPtr
                0x0000000020000960        0x4 /home/surabhi/Projects/micrium_stm32h743zi-nucleo_blinky/STM32H743ZI_Nucleo/Build/os_var.o
                0x0000000020000960                OS_AppTimeTickHookPtr
 .bss.OSPrioTbl
                0x0000000020000964        0x8 /home/surabhi/Projects/micrium_stm32h743zi-nucleo_blinky/STM32H743ZI_Nucleo/Build/os_prio.o
                0x0000000020000964                OSPrioTbl
 .bss.OSCfg_ISRStk
                0x000000002000096c      0x400 /home/surabhi/Projects/micrium_stm32h743zi-nucleo_blinky/STM32H743ZI_Nucleo/Build/os_cfg_app.o
                0x000000002000096c                OSCfg_ISRStk
 .bss.OSCfg_IdleTaskStk
                0x0000000020000d6c      0x100 /home/surabhi/Projects/micrium_stm32h743zi-nucleo_blinky/STM32H743ZI_Nucleo/Build/os_cfg_app.o
                0x0000000020000d6c                OSCfg_IdleTaskStk
 .bss.OSCfg_MsgPool
                0x0000000020000e6c      0x180 /home/surabhi/Projects/micrium_stm32h743zi-nucleo_blinky/STM32H743ZI_Nucleo/Build/os_cfg_app.o
                0x0000000020000e6c                OSCfg_MsgPool
 .bss.OSCfg_StatTaskStk
                0x0000000020000fec      0x200 /home/surabhi/Projects/micrium_stm32h743zi-nucleo_blinky/STM32H743ZI_Nucleo/Build/os_cfg_app.o
                0x0000000020000fec                OSCfg_StatTaskStk
 .bss.OSCfg_TickTaskStk
                0x00000000200011ec      0x200 /home/surabhi/Projects/micrium_stm32h743zi-nucleo_blinky/STM32H743ZI_Nucleo/Build/os_cfg_app.o
                0x00000000200011ec                OSCfg_TickTaskStk
 .bss.OSCfg_TmrTaskStk
                0x00000000200013ec      0x200 /home/surabhi/Projects/micrium_stm32h743zi-nucleo_blinky/STM32H743ZI_Nucleo/Build/os_cfg_app.o
                0x00000000200013ec                OSCfg_TmrTaskStk
 .bss.OS_CPU_ExceptStkBase
                0x00000000200015ec        0x4 /home/surabhi/Projects/micrium_stm32h743zi-nucleo_blinky/STM32H743ZI_Nucleo/Build/os_cpu_c.o
                0x00000000200015ec                OS_CPU_ExceptStkBase
 *fill*         0x00000000200015f0      0x210 
 .bss.VectorTbl_RAM
                0x0000000020001800      0x298 /home/surabhi/Projects/micrium_stm32h743zi-nucleo_blinky/STM32H743ZI_Nucleo/Build/bsp_int_armv7m.o
                0x0000000020001800                VectorTbl_RAM
 .bss.uwTick    0x0000000020001a98        0x4 /home/surabhi/Projects/micrium_stm32h743zi-nucleo_blinky/STM32H743ZI_Nucleo/Build/stm32h7xx_hal.o
 .bss.StartupTaskStk
                0x0000000020001a9c      0x400 /home/surabhi/Projects/micrium_stm32h743zi-nucleo_blinky/STM32H743ZI_Nucleo/Build/main.o
 .bss.StartupTaskTCB
                0x0000000020001e9c       0xac /home/surabhi/Projects/micrium_stm32h743zi-nucleo_blinky/STM32H743ZI_Nucleo/Build/main.o
 *(COMMON)
                0x0000000020001f48                . = ALIGN (0x4)
                0x0000000020001f48                _ebss = .
                0x0000000020001f48                __bss_end__ = _ebss

._user_heap_stack
                0x0000000020001f48      0x800
                0x0000000020001f48                . = ALIGN (0x4)
                [!provide]                        PROVIDE (end = .)
                [!provide]                        PROVIDE (_end = .)
                0x0000000020001f48                . = (. + _Min_Heap_Size)
                0x0000000020002748                . = (. + _Min_Stack_Size)
 *fill*         0x0000000020001f48      0x800 
                0x0000000020002748                . = ALIGN (0x4)

.memory_b1_text
 *(.mb1text)
 *(.mb1text*)
 *(.mb1rodata)
 *(.mb1rodata*)

/DISCARD/
 libc.a(*)
 libm.a(*)
 libgcc.a(*)

.ARM.attributes
                0x0000000000000000       0x2e
 *(.ARM.attributes)
 .ARM.attributes
                0x0000000000000000       0x1e /home/surabhi/toolchain/gcc-arm-none-eabi-10.3-2021.10-x86_64-linux/gcc-arm-none-eabi-10.3-2021.10/bin/../lib/gcc/arm-none-eabi/10.3.1/thumb/v7e-m+dp/hard/crti.o
 .ARM.attributes
                0x000000000000001e       0x32 /home/surabhi/toolchain/gcc-arm-none-eabi-10.3-2021.10-x86_64-linux/gcc-arm-none-eabi-10.3-2021.10/bin/../lib/gcc/arm-none-eabi/10.3.1/thumb/v7e-m+dp/hard/crtbegin.o
 .ARM.attributes
                0x0000000000000050       0x32 /home/surabhi/Projects/micrium_stm32h743zi-nucleo_blinky/STM32H743ZI_Nucleo/Build/cpu_core.o
 .ARM.attributes
                0x0000000000000082       0x32 /home/surabhi/Projects/micrium_stm32h743zi-nucleo_blinky/STM32H743ZI_Nucleo/Build/lib_mem.o
 .ARM.attributes
                0x00000000000000b4       0x32 /home/surabhi/Projects/micrium_stm32h743zi-nucleo_blinky/STM32H743ZI_Nucleo/Build/os_var.o
 .ARM.attributes
                0x00000000000000e6       0x32 /home/surabhi/Projects/micrium_stm32h743zi-nucleo_blinky/STM32H743ZI_Nucleo/Build/os_tmr.o
 .ARM.attributes
                0x0000000000000118       0x32 /home/surabhi/Projects/micrium_stm32h743zi-nucleo_blinky/STM32H743ZI_Nucleo/Build/os_stat.o
 .ARM.attributes
                0x000000000000014a       0x32 /home/surabhi/Projects/micrium_stm32h743zi-nucleo_blinky/STM32H743ZI_Nucleo/Build/os_prio.o
 .ARM.attributes
                0x000000000000017c       0x32 /home/surabhi/Projects/micrium_stm32h743zi-nucleo_blinky/STM32H743ZI_Nucleo/Build/os_time.o
 .ARM.attributes
                0x00000000000001ae       0x32 /home/surabhi/Projects/micrium_stm32h743zi-nucleo_blinky/STM32H743ZI_Nucleo/Build/os_core.o
 .ARM.attributes
                0x00000000000001e0       0x32 /home/surabhi/Projects/micrium_stm32h743zi-nucleo_blinky/STM32H743ZI_Nucleo/Build/os_mutex.o
 .ARM.attributes
                0x0000000000000212       0x32 /home/surabhi/Projects/micrium_stm32h743zi-nucleo_blinky/STM32H743ZI_Nucleo/Build/os_msg.o
 .ARM.attributes
                0x0000000000000244       0x32 /home/surabhi/Projects/micrium_stm32h743zi-nucleo_blinky/STM32H743ZI_Nucleo/Build/os_task.o
 .ARM.attributes
                0x0000000000000276       0x32 /home/surabhi/Projects/micrium_stm32h743zi-nucleo_blinky/STM32H743ZI_Nucleo/Build/os_mem.o
 .ARM.attributes
                0x00000000000002a8       0x32 /home/surabhi/Projects/micrium_stm32h743zi-nucleo_blinky/STM32H743ZI_Nucleo/Build/os_cfg_app.o
 .ARM.attributes
                0x00000000000002da       0x32 /home/surabhi/Projects/micrium_stm32h743zi-nucleo_blinky/STM32H743ZI_Nucleo/Build/os_tick.o
 .ARM.attributes
                0x000000000000030c       0x32 /home/surabhi/Projects/micrium_stm32h743zi-nucleo_blinky/STM32H743ZI_Nucleo/Build/os_cpu_c.o
 .ARM.attributes
                0x000000000000033e       0x32 /home/surabhi/Projects/micrium_stm32h743zi-nucleo_blinky/STM32H743ZI_Nucleo/Build/bsp_int_armv7m.o
 .ARM.attributes
                0x0000000000000370       0x32 /home/surabhi/Projects/micrium_stm32h743zi-nucleo_blinky/STM32H743ZI_Nucleo/Build/stm32h7xx_hal.o
 .ARM.attributes
                0x00000000000003a2       0x32 /home/surabhi/Projects/micrium_stm32h743zi-nucleo_blinky/STM32H743ZI_Nucleo/Build/stm32h7xx_hal_rcc.o
 .ARM.attributes
                0x00000000000003d4       0x32 /home/surabhi/Projects/micrium_stm32h743zi-nucleo_blinky/STM32H743ZI_Nucleo/Build/stm32h7xx_hal_rcc_ex.o
 .ARM.attributes
                0x0000000000000406       0x32 /home/surabhi/Projects/micrium_stm32h743zi-nucleo_blinky/STM32H743ZI_Nucleo/Build/stm32h7xx_hal_cortex.o
 .ARM.attributes
                0x0000000000000438       0x32 /home/surabhi/Projects/micrium_stm32h743zi-nucleo_blinky/STM32H743ZI_Nucleo/Build/stm32h7xx_hal_gpio.o
 .ARM.attributes
                0x000000000000046a       0x32 /home/surabhi/Projects/micrium_stm32h743zi-nucleo_blinky/STM32H743ZI_Nucleo/Build/system_stm32h7xx.o
 .ARM.attributes
                0x000000000000049c       0x32 /home/surabhi/Projects/micrium_stm32h743zi-nucleo_blinky/STM32H743ZI_Nucleo/Build/bsp_clk.o
 .ARM.attributes
                0x00000000000004ce       0x32 /home/surabhi/Projects/micrium_stm32h743zi-nucleo_blinky/STM32H743ZI_Nucleo/Build/bsp_os.o
 .ARM.attributes
                0x0000000000000500       0x32 /home/surabhi/Projects/micrium_stm32h743zi-nucleo_blinky/STM32H743ZI_Nucleo/Build/bsp_cpu.o
 .ARM.attributes
                0x0000000000000532       0x32 /home/surabhi/Projects/micrium_stm32h743zi-nucleo_blinky/STM32H743ZI_Nucleo/Build/bsp_led.o
 .ARM.attributes
                0x0000000000000564       0x32 /home/surabhi/Projects/micrium_stm32h743zi-nucleo_blinky/STM32H743ZI_Nucleo/Build/os_app_hooks.o
 .ARM.attributes
                0x0000000000000596       0x32 /home/surabhi/Projects/micrium_stm32h743zi-nucleo_blinky/STM32H743ZI_Nucleo/Build/main.o
 .ARM.attributes
                0x00000000000005c8       0x21 /home/surabhi/Projects/micrium_stm32h743zi-nucleo_blinky/STM32H743ZI_Nucleo/Build/startup_stm32h743xx.o
 .ARM.attributes
                0x00000000000005e9       0x1e /home/surabhi/Projects/micrium_stm32h743zi-nucleo_blinky/STM32H743ZI_Nucleo/Build/os_cpu_a.o
 .ARM.attributes
                0x0000000000000607       0x1e /home/surabhi/Projects/micrium_stm32h743zi-nucleo_blinky/STM32H743ZI_Nucleo/Build/cpu_a.o
 .ARM.attributes
                0x0000000000000625       0x32 /home/surabhi/toolchain/gcc-arm-none-eabi-10.3-2021.10-x86_64-linux/gcc-arm-none-eabi-10.3-2021.10/bin/../lib/gcc/arm-none-eabi/10.3.1/../../../../arm-none-eabi/lib/thumb/v7e-m+dp/hard/libc_nano.a(lib_a-init.o)
 .ARM.attributes
                0x0000000000000657       0x1e /home/surabhi/toolchain/gcc-arm-none-eabi-10.3-2021.10-x86_64-linux/gcc-arm-none-eabi-10.3-2021.10/bin/../lib/gcc/arm-none-eabi/10.3.1/thumb/v7e-m+dp/hard/crtn.o
OUTPUT(/home/surabhi/Projects/micrium_stm32h743zi-nucleo_blinky/STM32H743ZI_Nucleo/Build/stm32h743zi.elf elf32-littlearm)
LOAD linker stubs
LOAD /home/surabhi/toolchain/gcc-arm-none-eabi-10.3-2021.10-x86_64-linux/gcc-arm-none-eabi-10.3-2021.10/bin/../lib/gcc/arm-none-eabi/10.3.1/../../../../arm-none-eabi/lib/thumb/v7e-m+dp/hard/libc.a
LOAD /home/surabhi/toolchain/gcc-arm-none-eabi-10.3-2021.10-x86_64-linux/gcc-arm-none-eabi-10.3-2021.10/bin/../lib/gcc/arm-none-eabi/10.3.1/../../../../arm-none-eabi/lib/thumb/v7e-m+dp/hard/libm.a
LOAD /home/surabhi/toolchain/gcc-arm-none-eabi-10.3-2021.10-x86_64-linux/gcc-arm-none-eabi-10.3-2021.10/bin/../lib/gcc/arm-none-eabi/10.3.1/thumb/v7e-m+dp/hard/libgcc.a

.comment        0x0000000000000000       0x49
 .comment       0x0000000000000000       0x49 /home/surabhi/Projects/micrium_stm32h743zi-nucleo_blinky/STM32H743ZI_Nucleo/Build/cpu_core.o
                                         0x4a (size before relaxing)
 .comment       0x0000000000000049       0x4a /home/surabhi/Projects/micrium_stm32h743zi-nucleo_blinky/STM32H743ZI_Nucleo/Build/lib_mem.o
 .comment       0x0000000000000049       0x4a /home/surabhi/Projects/micrium_stm32h743zi-nucleo_blinky/STM32H743ZI_Nucleo/Build/os_var.o
 .comment       0x0000000000000049       0x4a /home/surabhi/Projects/micrium_stm32h743zi-nucleo_blinky/STM32H743ZI_Nucleo/Build/os_tmr.o
 .comment       0x0000000000000049       0x4a /home/surabhi/Projects/micrium_stm32h743zi-nucleo_blinky/STM32H743ZI_Nucleo/Build/os_stat.o
 .comment       0x0000000000000049       0x4a /home/surabhi/Projects/micrium_stm32h743zi-nucleo_blinky/STM32H743ZI_Nucleo/Build/os_prio.o
 .comment       0x0000000000000049       0x4a /home/surabhi/Projects/micrium_stm32h743zi-nucleo_blinky/STM32H743ZI_Nucleo/Build/os_time.o
 .comment       0x0000000000000049       0x4a /home/surabhi/Projects/micrium_stm32h743zi-nucleo_blinky/STM32H743ZI_Nucleo/Build/os_core.o
 .comment       0x0000000000000049       0x4a /home/surabhi/Projects/micrium_stm32h743zi-nucleo_blinky/STM32H743ZI_Nucleo/Build/os_mutex.o
 .comment       0x0000000000000049       0x4a /home/surabhi/Projects/micrium_stm32h743zi-nucleo_blinky/STM32H743ZI_Nucleo/Build/os_msg.o
 .comment       0x0000000000000049       0x4a /home/surabhi/Projects/micrium_stm32h743zi-nucleo_blinky/STM32H743ZI_Nucleo/Build/os_task.o
 .comment       0x0000000000000049       0x4a /home/surabhi/Projects/micrium_stm32h743zi-nucleo_blinky/STM32H743ZI_Nucleo/Build/os_mem.o
 .comment       0x0000000000000049       0x4a /home/surabhi/Projects/micrium_stm32h743zi-nucleo_blinky/STM32H743ZI_Nucleo/Build/os_cfg_app.o
 .comment       0x0000000000000049       0x4a /home/surabhi/Projects/micrium_stm32h743zi-nucleo_blinky/STM32H743ZI_Nucleo/Build/os_tick.o
 .comment       0x0000000000000049       0x4a /home/surabhi/Projects/micrium_stm32h743zi-nucleo_blinky/STM32H743ZI_Nucleo/Build/os_cpu_c.o
 .comment       0x0000000000000049       0x4a /home/surabhi/Projects/micrium_stm32h743zi-nucleo_blinky/STM32H743ZI_Nucleo/Build/bsp_int_armv7m.o
 .comment       0x0000000000000049       0x4a /home/surabhi/Projects/micrium_stm32h743zi-nucleo_blinky/STM32H743ZI_Nucleo/Build/stm32h7xx_hal.o
 .comment       0x0000000000000049       0x4a /home/surabhi/Projects/micrium_stm32h743zi-nucleo_blinky/STM32H743ZI_Nucleo/Build/stm32h7xx_hal_rcc.o
 .comment       0x0000000000000049       0x4a /home/surabhi/Projects/micrium_stm32h743zi-nucleo_blinky/STM32H743ZI_Nucleo/Build/stm32h7xx_hal_rcc_ex.o
 .comment       0x0000000000000049       0x4a /home/surabhi/Projects/micrium_stm32h743zi-nucleo_blinky/STM32H743ZI_Nucleo/Build/stm32h7xx_hal_cortex.o
 .comment       0x0000000000000049       0x4a /home/surabhi/Projects/micrium_stm32h743zi-nucleo_blinky/STM32H743ZI_Nucleo/Build/stm32h7xx_hal_gpio.o
 .comment       0x0000000000000049       0x4a /home/surabhi/Projects/micrium_stm32h743zi-nucleo_blinky/STM32H743ZI_Nucleo/Build/system_stm32h7xx.o
 .comment       0x0000000000000049       0x4a /home/surabhi/Projects/micrium_stm32h743zi-nucleo_blinky/STM32H743ZI_Nucleo/Build/bsp_clk.o
 .comment       0x0000000000000049       0x4a /home/surabhi/Projects/micrium_stm32h743zi-nucleo_blinky/STM32H743ZI_Nucleo/Build/bsp_os.o
 .comment       0x0000000000000049       0x4a /home/surabhi/Projects/micrium_stm32h743zi-nucleo_blinky/STM32H743ZI_Nucleo/Build/bsp_cpu.o
 .comment       0x0000000000000049       0x4a /home/surabhi/Projects/micrium_stm32h743zi-nucleo_blinky/STM32H743ZI_Nucleo/Build/bsp_led.o
 .comment       0x0000000000000049       0x4a /home/surabhi/Projects/micrium_stm32h743zi-nucleo_blinky/STM32H743ZI_Nucleo/Build/os_app_hooks.o
 .comment       0x0000000000000049       0x4a /home/surabhi/Projects/micrium_stm32h743zi-nucleo_blinky/STM32H743ZI_Nucleo/Build/main.o

.debug_frame    0x0000000000000000       0x2c
 .debug_frame   0x0000000000000000       0x2c /home/surabhi/toolchain/gcc-arm-none-eabi-10.3-2021.10-x86_64-linux/gcc-arm-none-eabi-10.3-2021.10/bin/../lib/gcc/arm-none-eabi/10.3.1/../../../../arm-none-eabi/lib/thumb/v7e-m+dp/hard/libc_nano.a(lib_a-init.o)

Cross Reference Table

Symbol                                            File
ADC3_IRQHandler                                   /home/surabhi/Projects/micrium_stm32h743zi-nucleo_blinky/STM32H743ZI_Nucleo/Build/startup_stm32h743xx.o
ADC_ConversionStop                                /home/surabhi/Projects/micrium_stm32h743zi-nucleo_blinky/STM32H743ZI_Nucleo/Build/stm32h7xx_hal_adc.o
                                                  /home/surabhi/Projects/micrium_stm32h743zi-nucleo_blinky/STM32H743ZI_Nucleo/Build/stm32h7xx_hal_adc_ex.o
ADC_DMAConvCplt                                   /home/surabhi/Projects/micrium_stm32h743zi-nucleo_blinky/STM32H743ZI_Nucleo/Build/stm32h7xx_hal_adc.o
                                                  /home/surabhi/Projects/micrium_stm32h743zi-nucleo_blinky/STM32H743ZI_Nucleo/Build/stm32h7xx_hal_adc_ex.o
ADC_DMAError                                      /home/surabhi/Projects/micrium_stm32h743zi-nucleo_blinky/STM32H743ZI_Nucleo/Build/stm32h7xx_hal_adc.o
                                                  /home/surabhi/Projects/micrium_stm32h743zi-nucleo_blinky/STM32H743ZI_Nucleo/Build/stm32h7xx_hal_adc_ex.o
ADC_DMAHalfConvCplt                               /home/surabhi/Projects/micrium_stm32h743zi-nucleo_blinky/STM32H743ZI_Nucleo/Build/stm32h7xx_hal_adc.o
                                                  /home/surabhi/Projects/micrium_stm32h743zi-nucleo_blinky/STM32H743ZI_Nucleo/Build/stm32h7xx_hal_adc_ex.o
ADC_Disable                                       /home/surabhi/Projects/micrium_stm32h743zi-nucleo_blinky/STM32H743ZI_Nucleo/Build/stm32h7xx_hal_adc.o
                                                  /home/surabhi/Projects/micrium_stm32h743zi-nucleo_blinky/STM32H743ZI_Nucleo/Build/stm32h7xx_hal_adc_ex.o
ADC_Enable                                        /home/surabhi/Projects/micrium_stm32h743zi-nucleo_blinky/STM32H743ZI_Nucleo/Build/stm32h7xx_hal_adc.o
                                                  /home/surabhi/Projects/micrium_stm32h743zi-nucleo_blinky/STM32H743ZI_Nucleo/Build/stm32h7xx_hal_adc_ex.o
ADC_IRQHandler                                    /home/surabhi/Projects/micrium_stm32h743zi-nucleo_blinky/STM32H743ZI_Nucleo/Build/startup_stm32h743xx.o
ASCII_Cmp                                         /home/surabhi/Projects/micrium_stm32h743zi-nucleo_blinky/STM32H743ZI_Nucleo/Build/lib_ascii.o
ASCII_IsAlpha                                     /home/surabhi/Projects/micrium_stm32h743zi-nucleo_blinky/STM32H743ZI_Nucleo/Build/lib_ascii.o